Component: ARM Compiler 5.06 update 7 (build 960) Tool: armlink [4d3601]

==============================================================================

Section Cross References

    bkgrd.o(i.fnBkgrd_ClockBatCalculate) refers to rn8xxx_lvdcmpsar.o(i.Rn8xxx_SarADC_Get) for Rn8xxx_SarADC_Get
    bkgrd.o(i.fnBkgrd_ClockBatCalculate) refers to rn8xxx_rtc.o(i.Rn8xxx_RTC_TempGet) for Rn8xxx_RTC_TempGet
    bkgrd.o(i.fnBkgrd_ClockBatCalculate) refers to idiv.o(.text) for __aeabi_idivmod
    bkgrd.o(i.fnBkgrd_ClockBatCalculate) refers to globals.o(.bss) for Bkgrd
    bkgrd.o(i.fnBkgrd_Day_Exec) refers to file.o(i.fnFile_Write) for fnFile_Write
    bkgrd.o(i.fnBkgrd_Day_Exec) refers to mymath.o(i.Std_Memset) for Std_Memset
    bkgrd.o(i.fnBkgrd_Day_Exec) refers to globals.o(.bss) for Secret
    bkgrd.o(i.fnBkgrd_Day_Exec) refers to globals.o(.data) for SysDatetimes
    bkgrd.o(i.fnBkgrd_Exec) refers to xtarget.o(i.fnWDT_Restart) for fnWDT_Restart
    bkgrd.o(i.fnBkgrd_Exec) refers to xtarget.o(i.fnSysDateTimes) for fnSysDateTimes
    bkgrd.o(i.fnBkgrd_Exec) refers to bkgrd.o(i.fnBkgrd_Second_Exec) for fnBkgrd_Second_Exec
    bkgrd.o(i.fnBkgrd_Exec) refers to bkgrd.o(i.fnBkgrd_Minute_Exec) for fnBkgrd_Minute_Exec
    bkgrd.o(i.fnBkgrd_Exec) refers to bkgrd.o(i.fnBkgrd_Hour_Exec) for fnBkgrd_Hour_Exec
    bkgrd.o(i.fnBkgrd_Exec) refers to bkgrd.o(i.fnBkgrd_Day_Exec) for fnBkgrd_Day_Exec
    bkgrd.o(i.fnBkgrd_Exec) refers to misc.o(i.fnStamp_Through) for fnStamp_Through
    bkgrd.o(i.fnBkgrd_Exec) refers to bsp_esam.o(i.BSP_EASM_GetPower) for BSP_EASM_GetPower
    bkgrd.o(i.fnBkgrd_Exec) refers to dl698_esamop.o(i.fnEsamOp_EsamInit) for fnEsamOp_EsamInit
    bkgrd.o(i.fnBkgrd_Exec) refers to dl698_userdata.o(i.fnUpdateMeterNo) for fnUpdateMeterNo
    bkgrd.o(i.fnBkgrd_Exec) refers to dl698_userdata.o(i.fnUpdatePswSta) for fnUpdatePswSta
    bkgrd.o(i.fnBkgrd_Exec) refers to dl698_userdata.o(i.fnUpdateAuthOn) for fnUpdateAuthOn
    bkgrd.o(i.fnBkgrd_Exec) refers to bkgrd.o(i.fnBkgrd_StatusGenerate) for fnBkgrd_StatusGenerate
    bkgrd.o(i.fnBkgrd_Exec) refers to bkgrd.o(i.fnBkgrd_GetMtConfirmStatus) for fnBkgrd_GetMtConfirmStatus
    bkgrd.o(i.fnBkgrd_Exec) refers to output.o(i.fnOutput_CheckGataSta) for fnOutput_CheckGataSta
    bkgrd.o(i.fnBkgrd_Exec) refers to bkgrd.o(i.fnBkgrd_GetMeasureStatusWd) for fnBkgrd_GetMeasureStatusWd
    bkgrd.o(i.fnBkgrd_Exec) refers to globals.o(.bss) for Bkgrd
    bkgrd.o(i.fnBkgrd_Exec) refers to globals.o(.data) for SysDatetimes
    bkgrd.o(i.fnBkgrd_GetMeasureStatusWd) refers to globals.o(.bss) for MeasureRms
    bkgrd.o(i.fnBkgrd_GetMtConfirmStatus) refers to event.o(i.fnUpdate_RptStatus) for fnUpdate_RptStatus
    bkgrd.o(i.fnBkgrd_GetMtConfirmStatus) refers to event.o(i.fnClr_RptStatus) for fnClr_RptStatus
    bkgrd.o(i.fnBkgrd_GetMtConfirmStatus) refers to uread4.o(.text) for __aeabi_uread4
    bkgrd.o(i.fnBkgrd_GetMtConfirmStatus) refers to globals.o(.bss) for Bkgrd
    bkgrd.o(i.fnBkgrd_GetMtStatusWd) refers to globals.o(.bss) for Bkgrd
    bkgrd.o(i.fnBkgrd_GetMtStatusWd) refers to key.o(.bss) for Key
    bkgrd.o(i.fnBkgrd_Minute_Exec) refers to freeze.o(i.fnJudgeTime_FrzMin) for fnJudgeTime_FrzMin
    bkgrd.o(i.fnBkgrd_Minute_Exec) refers to globals.o(NOINIT) for Energy
    bkgrd.o(i.fnBkgrd_Minute_Exec) refers to globals.o(.data) for SysDatetimes
    bkgrd.o(i.fnBkgrd_Minute_Exec) refers to globals.o(.bss) for EvtRptData
    bkgrd.o(i.fnBkgrd_Second_Exec) refers to bkgrd.o(i.fnBkgrd_TemperIAGain) for fnBkgrd_TemperIAGain
    bkgrd.o(i.fnBkgrd_Second_Exec) refers to bkgrd.o(i.fnBkgrd_ClockBatCalculate) for fnBkgrd_ClockBatCalculate
    bkgrd.o(i.fnBkgrd_Second_Exec) refers to bkgrd.o(i.fnBkgrd_Tnal_Tmper) for fnBkgrd_Tnal_Tmper
    bkgrd.o(i.fnBkgrd_Second_Exec) refers to event.o(i.fnEvent_SumTime) for fnEvent_SumTime
    bkgrd.o(i.fnBkgrd_Second_Exec) refers to secret.o(i.fnCHK_LinkDly) for fnCHK_LinkDly
    bkgrd.o(i.fnBkgrd_Second_Exec) refers to secret.o(i.fnCHK_ESAMDly) for fnCHK_ESAMDly
    bkgrd.o(i.fnBkgrd_Second_Exec) refers to measure.o(i.fnMeasureAverage_PowerCalc) for fnMeasureAverage_PowerCalc
    bkgrd.o(i.fnBkgrd_Second_Exec) refers to globals.o(.bss) for Bkgrd
    bkgrd.o(i.fnBkgrd_StatusGenerate) refers to mymath.o(i.fnCrc_Check) for fnCrc_Check
    bkgrd.o(i.fnBkgrd_StatusGenerate) refers to file.o(i.fnFile_Read) for fnFile_Read
    bkgrd.o(i.fnBkgrd_StatusGenerate) refers to mymath.o(i.Std_Memcpy) for Std_Memcpy
    bkgrd.o(i.fnBkgrd_StatusGenerate) refers to dfltui.o(.text) for __aeabi_ui2d
    bkgrd.o(i.fnBkgrd_StatusGenerate) refers to cdcmple.o(.text) for __aeabi_cdcmple
    bkgrd.o(i.fnBkgrd_StatusGenerate) refers to uread4.o(.text) for __aeabi_uread4
    bkgrd.o(i.fnBkgrd_StatusGenerate) refers to uwrite4.o(.text) for __aeabi_uwrite4
    bkgrd.o(i.fnBkgrd_StatusGenerate) refers to bkgrd.o(i.fnBkgrd_GetMtStatusWd) for fnBkgrd_GetMtStatusWd
    bkgrd.o(i.fnBkgrd_StatusGenerate) refers to event.o(i.fnEvent_GetStatus) for fnEvent_GetStatus
[...]
    0x000031d4   0x000031d4   0x00000038   Code   RO         7137    .text               mf_p.l(d2f.o)
    0x0000320c   0x0000320c   0x00000014   Code   RO         7139    .text               mf_p.l(cfcmple.o)
    0x00003220   0x00003220   0x00000014   Code   RO         7141    .text               mf_p.l(cfrcmple.o)
    0x00003234   0x00003234   0x00000020   Code   RO         7159    .text               mc_p.l(llshl.o)
    0x00003254   0x00003254   0x00000022   Code   RO         7161    .text               mc_p.l(llushr.o)
    0x00003276   0x00003276   0x00000026   Code   RO         7163    .text               mc_p.l(llsshr.o)
    0x0000329c   0x0000329c   0x00000000   Code   RO         7172    .text               mc_p.l(iusefp.o)
    0x0000329c   0x0000329c   0x00000082   Code   RO         7173    .text               mf_p.l(fepilogue.o)
    0x0000331e   0x0000331e   0x000000be   Code   RO         7175    .text               mf_p.l(depilogue.o)
    0x000033dc   0x000033dc   0x000000a2   Code   RO         7179    .text               mf_p.l(dsqrt.o)
    0x0000347e   0x0000347e   0x00000002   PAD
    0x00003480   0x00003480   0x00000024   Code   RO         7181    .text               mc_p.l(init.o)
    0x000034a4   0x000034a4   0x00000056   Code   RO         7191    .text               mc_p.l(__dczerorl2.o)
    0x000034fa   0x000034fa   0x00000014   Code   RO         2753    i.BSP_EASM_GetPower  bsp_esam.o
    0x0000350e   0x0000350e   0x00000002   PAD
    0x00003510   0x00003510   0x0000008c   Code   RO         2754    i.BSP_EsamSpi_Init  bsp_esam.o
    0x0000359c   0x0000359c   0x0000000a   Code   RO         2755    i.BSP_EsamSpi_ReadByte  bsp_esam.o
    0x000035a6   0x000035a6   0x0000000e   Code   RO         2756    i.BSP_EsamSpi_WriteByte  bsp_esam.o
    0x000035b4   0x000035b4   0x00000094   Code   RO         2757    i.BSP_Esam_Stop     bsp_esam.o
    0x00003648   0x00003648   0x0000008c   Code   RO         3998    i.BSP_FlashSpi_Init  bsp_spi.o
    0x000036d4   0x000036d4   0x00000040   Code   RO         3999    i.BSP_FlashSpi_ReadByte  bsp_spi.o
    0x00003714   0x00003714   0x00000066   Code   RO         4000    i.BSP_FlashSpi_Stop  bsp_spi.o
    0x0000377a   0x0000377a   0x00000002   PAD
    0x0000377c   0x0000377c   0x00000048   Code   RO         4001    i.BSP_FlashSpi_WriteByte  bsp_spi.o
    0x000037c4   0x000037c4   0x000000e8   Code   RO         4002    i.BSP_ManageModuleSpi_Init  bsp_spi.o
    0x000038ac   0x000038ac   0x00000038   Code   RO         2889    i.BSP_MultiFunPort_Init  bsp_multifunport.o
    0x000038e4   0x000038e4   0x00000074   Code   RO         2922    i.BSP_RelayInit     bsp_relay.o
    0x00003958   0x00003958   0x00000034   Code   RO         4003    i.BSP_SpiCtrlandDmaRxCheck  bsp_spi.o
    0x0000398c   0x0000398c   0x00000050   Code   RO         4004    i.BSP_SpiId_DMAEnOrDis_Get  bsp_spi.o
    0x000039dc   0x000039dc   0x00000030   Code   RO         4005    i.BSP_SpiId_Get     bsp_spi.o
    0x00003a0c   0x00003a0c   0x0000003a   Code   RO         4066    i.BSP_TxEnDis       bsp_uart.o
    0x00003a46   0x00003a46   0x00000002   PAD
    0x00003a48   0x00003a48   0x00000050   Code   RO         4069    i.BSP_UartId_DMAEnOrDis_Get  bsp_uart.o
    0x00003a98   0x00003a98   0x00000030   Code   RO         4070    i.BSP_UartId_Get    bsp_uart.o
    0x00003ac8   0x00003ac8   0x00000038   Code   RO         4071    i.BSP_Uart_DMAInit  bsp_uart.o
    0x00003b00   0x00003b00   0x00000234   Code   RO         4072    i.BSP_Uart_Init     bsp_uart.o
    0x00003d34   0x00003d34   0x00000064   Code   RO         3858    i.CMP_HANDLER       drive_allint.o
    0x00003d98   0x00003d98   0x0000010e   Code   RO         5969    i.CheckTPeriodValid  dl698_userdata.o
    0x00003ea6   0x00003ea6   0x00000002   PAD
    0x00003ea8   0x00003ea8   0x00000038   Code   RO         4148    i.Conv_temp_CT7538  bsp_tmp.o
    0x00003ee0   0x00003ee0   0x0000000c   Code   RO         3859    i.D2F_HANDLER       drive_allint.o
    0x00003eec   0x00003eec   0x000002f0   Code   RO         5831    i.Dl698_FrameCheck  dl698_dl.o
    0x000041dc   0x000041dc   0x00000028   Code   RO         3051    i.EEprom_Stop       fm24cxx.o
    0x00004204   0x00004204   0x0000001c   Code   RO         3860    i.EXT1_HANDLER      drive_allint.o
    0x00004220   0x00004220   0x0000000c   Code   RO         3861    i.EXT3_HANDLER      drive_allint.o
    0x0000422c   0x0000422c   0x00000014   Code   RO         3862    i.EXT4_HANDLER      drive_allint.o
    0x00004240   0x00004240   0x00000044   Code   RO         3863    i.EXT6_HANDLER      drive_allint.o
    0x00004284   0x00004284   0x0000006c   Code   RO         3864    i.EXT7_HANDLER      drive_allint.o
    0x000042f0   0x000042f0   0x0000001c   Code   RO         2995    i.FIFO_Info         fifo.o
    0x0000430c   0x0000430c   0x00000034   Code   RO         2996    i.FIFO_Init         fifo.o
    0x00004340   0x00004340   0x0000005c   Code   RO         2998    i.FIFO_StartSend    fifo.o
    0x0000439c   0x0000439c   0x0000000c   Code   RO         3865    i.HardFault_Handler  drive_allint.o
    0x000043a8   0x000043a8   0x00000050   Code   RO         2821    i.IIC_FirmMode_ACK  bsp_iic.o
    0x000043f8   0x000043f8   0x00000054   Code   RO         2822    i.IIC_FirmMode_NOACK  bsp_iic.o
    0x0000444c   0x0000444c   0x000000a0   Code   RO         2823    i.IIC_FirmMode_ReceiveByte  bsp_iic.o
    0x000044ec   0x000044ec   0x00000040   Code   RO         2824    i.IIC_FirmMode_Reset  bsp_iic.o
    0x0000452c   0x0000452c   0x000000f0   Code   RO         2825    i.IIC_FirmMode_SendByte  bsp_iic.o
    0x0000461c   0x0000461c   0x00000064   Code   RO         2826    i.IIC_FirmMode_Start  bsp_iic.o
    0x00004680   0x00004680   0x00000054   Code   RO         2827    i.IIC_FirmMode_Stop  bsp_iic.o
    0x000046d4   0x000046d4   0x00000044   Code   RO         4149    i.IIC_Tmp_FirmMode_ACK  bsp_tmp.o
    0x00004718   0x00004718   0x00000048   Code   RO         4150    i.IIC_Tmp_FirmMode_NOACK  bsp_tmp.o
    0x00004760   0x00004760   0x00000098   Code   RO         4151    i.IIC_Tmp_FirmMode_ReceiveByte  bsp_tmp.o
    0x000047f8   0x000047f8   0x000000d0   Code   RO         4153    i.IIC_Tmp_FirmMode_SendByte  bsp_tmp.o
    0x000048c8   0x000048c8   0x00000054   Code   RO         4154    i.IIC_Tmp_FirmMode_Start  bsp_tmp.o
    0x0000491c   0x0000491c   0x00000048   Code   RO         4155    i.IIC_Tmp_FirmMode_Stop  bsp_tmp.o
    0x00004964   0x00004964   0x00000070   Code   RO         3866    i.ISO78161_HANDLER  drive_allint.o
    0x000049d4   0x000049d4   0x000000cc   Code   RO         4713    i.ISO7816_ReadByte  rn8xxx_iso7816.o
    0x00004aa0   0x00004aa0   0x000000e0   Code   RO         4715    i.ISO7816_WriteByte  rn8xxx_iso7816.o
    0x00004b80   0x00004b80   0x00000014   Code   RO         3867    i.KBI_HANDLER       drive_allint.o
    0x00004b94   0x00004b94   0x00000014   Code   RO         2485    i.NVIC_DisableIRQ   power_up_down.o
    0x00004ba8   0x00004ba8   0x00000014   Code   RO         3696    i.NVIC_DisableIRQ   xtarget.o
    0x00004bbc   0x00004bbc   0x00000014   Code   RO         2210    i.NVIC_EnableIRQ    measure.o
    0x00004bd0   0x00004bd0   0x00000014   Code   RO         2486    i.NVIC_EnableIRQ    power_up_down.o
    0x00004be4   0x00004be4   0x00000014   Code   RO         4073    i.NVIC_EnableIRQ    bsp_uart.o
    0x00004bf8   0x00004bf8   0x00000014   Code   RO         4826    i.NVIC_EnableIRQ    rn8xxx_lvdcmpsar.o
    0x00004c0c   0x00004c0c   0x00000078   Code   RO         5069    i.NVIC_SetPriority  rn8xxx_tc.o
    0x00004c84   0x00004c84   0x00000038   Code   RO         3868    i.RTC_HANDLER       drive_allint.o
    0x00004cbc   0x00004cbc   0x0000003c   Code   RO         4235    i.Rn8302Spi_ReadByte  rn7306.o
    0x00004cf8   0x00004cf8   0x00000050   Code   RO         4236    i.Rn8302Spi_WriteByte  rn7306.o
    0x00004d48   0x00004d48   0x0000001c   Code   RO         4237    i.Rn8302_SpiCS      rn7306.o
    0x00004d64   0x00004d64   0x0000006c   Code   RO         4238    i.Rn8302_Spi_Init   rn7306.o
    0x00004dd0   0x00004dd0   0x000000bc   Code   RO         4827    i.Rn8xxx_CMP_Init   rn8xxx_lvdcmpsar.o
    0x00004e8c   0x00004e8c   0x0000004c   Code   RO         4828    i.Rn8xxx_CMP_Stop   rn8xxx_lvdcmpsar.o
    0x00004ed8   0x00004ed8   0x00000064   Code   RO         4380    i.Rn8xxx_DSP_BitReverse  rn8xxx_dsp.o
    0x00004f3c   0x00004f3c   0x000000e0   Code   RO         4382    i.Rn8xxx_DSP_CalcThd  rn8xxx_dsp.o
    0x0000501c   0x0000501c   0x00000090   Code   RO         4383    i.Rn8xxx_DSP_CalcThdRms  rn8xxx_dsp.o
    0x000050ac   0x000050ac   0x00000098   Code   RO         4384    i.Rn8xxx_DSP_FFT    rn8xxx_dsp.o
    0x00005144   0x00005144   0x00000084   Code   RO         4386    i.Rn8xxx_DSP_Fp2Int  rn8xxx_dsp.o
    0x000051c8   0x000051c8   0x00000070   Code   RO         4387    i.Rn8xxx_DSP_FpSqrt  rn8xxx_dsp.o
    0x00005238   0x00005238   0x00000118   Code   RO         4388    i.Rn8xxx_DSP_HPercent  rn8xxx_dsp.o
    0x00005350   0x00005350   0x00000168   Code   RO         4389    i.Rn8xxx_DSP_HPf    rn8xxx_dsp.o
    0x000054b8   0x000054b8   0x00000020   Code   RO         4392    i.Rn8xxx_DSP_Init   rn8xxx_dsp.o
    0x000054d8   0x000054d8   0x000000d8   Code   RO         4393    i.Rn8xxx_DSP_Int2Fp  rn8xxx_dsp.o
    0x000055b0   0x000055b0   0x00000184   Code   RO         4398    i.Rn8xxx_DSP_Pw     rn8xxx_dsp.o
    0x00005734   0x00005734   0x00000048   Code   RO         4399    i.Rn8xxx_DSP_Sin_Cos  rn8xxx_dsp.o
    0x0000577c   0x0000577c   0x00000044   Code   RO         4400    i.Rn8xxx_DSP_U16I2Fp  rn8xxx_dsp.o
    0x000057c0   0x000057c0   0x000002cc   Code   RO         4569    i.Rn8xxx_GPIO_CfgFun  rn8xxx_gpio.o
    0x00005a8c   0x00005a8c   0x0000029c   Code   RO         4570    i.Rn8xxx_GPIO_CfgIOMode  rn8xxx_gpio.o
    0x00005d28   0x00005d28   0x00000068   Code   RO         4571    i.Rn8xxx_GPIO_CfgPullMode  rn8xxx_gpio.o
    0x00005d90   0x00005d90   0x00000070   Code   RO         4573    i.Rn8xxx_GPIO_ReadPin  rn8xxx_gpio.o
    0x00005e00   0x00005e00   0x0000005c   Code   RO         4574    i.Rn8xxx_GPIO_SetPin  rn8xxx_gpio.o
    0x00005e5c   0x00005e5c   0x000000a0   Code   RO         4678    i.Rn8xxx_INTC_Init  rn8xxx_intc.o
    0x00005efc   0x00005efc   0x00000058   Code   RO         4679    i.Rn8xxx_INTC_Stop  rn8xxx_intc.o
    0x00005f54   0x00005f54   0x0000006c   Code   RO         4680    i.Rn8xxx_Intc_IRQ   rn8xxx_intc.o
    0x00005fc0   0x00005fc0   0x00000090   Code   RO         4751    i.Rn8xxx_KBI_Init   rn8xxx_kbi.o
    0x00006050   0x00006050   0x00000054   Code   RO         4829    i.Rn8xxx_LVD_Init   rn8xxx_lvdcmpsar.o
    0x000060a4   0x000060a4   0x00000014   Code   RO         4776    i.Rn8xxx_Lcd_Close  rn8xxx_lcd.o
    0x000060b8   0x000060b8   0x00000020   Code   RO         4832    i.Rn8xxx_LvdCmp_STAT  rn8xxx_lvdcmpsar.o
    0x000060d8   0x000060d8   0x00000050   Code   RO         5195    i.Rn8xxx_M2M_Move   rn8xxx_m2m.o
    0x00006128   0x00006128   0x00000040   Code   RO         4888    i.Rn8xxx_RTC_Cnt1Init  rn8xxx_rtc.o
    0x00006168   0x00006168   0x00000024   Code   RO         4890    i.Rn8xxx_RTC_CtlCheck  rn8xxx_rtc.o
    0x0000618c   0x0000618c   0x0000006c   Code   RO         4891    i.Rn8xxx_RTC_CtlInit  rn8xxx_rtc.o
    0x000061f8   0x000061f8   0x00000104   Code   RO         4892    i.Rn8xxx_RTC_CurveModeCheck  rn8xxx_rtc.o
    0x000062fc   0x000062fc   0x000000e0   Code   RO         4893    i.Rn8xxx_RTC_CurveModeInit  rn8xxx_rtc.o
    0x000063dc   0x000063dc   0x0000009c   Code   RO         4895    i.Rn8xxx_RTC_Read   rn8xxx_rtc.o
    0x00006478   0x00006478   0x00000054   Code   RO         4896    i.Rn8xxx_RTC_TempGet  rn8xxx_rtc.o
    0x000064cc   0x000064cc   0x000000b8   Code   RO         4897    i.Rn8xxx_RTC_Write  rn8xxx_rtc.o
    0x00006584   0x00006584   0x00000144   Code   RO         4833    i.Rn8xxx_SarADC_Get  rn8xxx_lvdcmpsar.o
    0x000066c8   0x000066c8   0x00000064   Code   RO         4973    i.Rn8xxx_Spi_DMAInit  rn8xxx_spi.o
    0x0000672c   0x0000672c   0x00000050   Code   RO         4974    i.Rn8xxx_Spi_DMATxStar  rn8xxx_spi.o
    0x0000677c   0x0000677c   0x0000001a   Code   RO         4975    i.Rn8xxx_Spi_DMA_RxInfo  rn8xxx_spi.o
    0x00006796   0x00006796   0x00000002   PAD
    0x00006798   0x00006798   0x00000030   Code   RO         4977    i.Rn8xxx_Spi_GetRegAddr  rn8xxx_spi.o
    0x000067c8   0x000067c8   0x0000009c   Code   RO         4978    i.Rn8xxx_Spi_Init   rn8xxx_spi.o
    0x00006864   0x00006864   0x00000054   Code   RO         4979    i.Rn8xxx_Spi_ReadByte  rn8xxx_spi.o
    0x000068b8   0x000068b8   0x00000054   Code   RO         4980    i.Rn8xxx_Spi_WriteByte  rn8xxx_spi.o
    0x0000690c   0x0000690c   0x000000a8   Code   RO         5071    i.Rn8xxx_TC_TimeInit  rn8xxx_tc.o
    0x000069b4   0x000069b4   0x00000050   Code   RO         5072    i.Rn8xxx_TC_TimeStar  rn8xxx_tc.o
    0x00006a04   0x00006a04   0x0000008c   Code   RO         5115    i.Rn8xxx_UART_DMAInit  rn8xxx_uart.o
    0x00006a90   0x00006a90   0x0000001c   Code   RO         5118    i.Rn8xxx_Uart_DMA_RxInfo  rn8xxx_uart.o
    0x00006aac   0x00006aac   0x00000044   Code   RO         5120    i.Rn8xxx_Uart_GetRegAddr  rn8xxx_uart.o
    0x00006af0   0x00006af0   0x000000e4   Code   RO         5122    i.Rn8xxx_Uart_Init  rn8xxx_uart.o
    0x00006bd4   0x00006bd4   0x00000070   Code   RO         5124    i.Rn8xxx_Uart_SttConfig  rn8xxx_uart.o
    0x00006c44   0x00006c44   0x00000014   Code   RO         5125    i.Rn8xxx_Uart_Write  rn8xxx_uart.o
    0x00006c58   0x00006c58   0x00000008   Code   RO         6845    i.SEGGER_RTT_Init   segger_rtt.o
    0x00006c60   0x00006c60   0x00000048   Code   RO         6855    i.SEGGER_RTT_Write  segger_rtt.o
    0x00006ca8   0x00006ca8   0x00000084   Code   RO         6856    i.SEGGER_RTT_WriteNoLock  segger_rtt.o
    0x00006d2c   0x00006d2c   0x00000024   Code   RO         7011    i.SEGGER_RTT_printf  segger_rtt_printf.o
    0x00006d50   0x00006d50   0x00000218   Code   RO         7012    i.SEGGER_RTT_vprintf  segger_rtt_printf.o
    0x00006f68   0x00006f68   0x00000064   Code   RO         3869    i.SPI1_HANDLER      drive_allint.o
    0x00006fcc   0x00006fcc   0x00000038   Code   RO         3870    i.SPI_HANDLER       drive_allint.o
    0x00007004   0x00007004   0x000000a0   Code   RO         1949    i.Scom_ProtocolCheck  scom.o
    0x000070a4   0x000070a4   0x00000028   Code   RO         3164    i.Std_AsciiStrToHexStr  mymath.o
    0x000070cc   0x000070cc   0x0000005e   Code   RO         3165    i.Std_AsciiToHex    mymath.o
    0x0000712a   0x0000712a   0x0000002c   Code   RO         3166    i.Std_BitRvsSelf    mymath.o
    0x00007156   0x00007156   0x0000000e   Code   RO         3169    i.Std_Lsb16DataGet  mymath.o
    0x00007164   0x00007164   0x00000018   Code   RO         3171    i.Std_Lsb32DataGet  mymath.o
    0x0000717c   0x0000717c   0x00000014   Code   RO         3172    i.Std_Lsb32DataSet  mymath.o
    0x00007190   0x00007190   0x00000028   Code   RO         3173    i.Std_MemRvs        mymath.o
    0x000071b8   0x000071b8   0x00000020   Code   RO         3174    i.Std_MemRvsSelf    mymath.o
    0x000071d8   0x000071d8   0x0000003a   Code   RO         3175    i.Std_Memcmp        mymath.o
    0x00007212   0x00007212   0x0000002c   Code   RO         3176    i.Std_Memcpy        mymath.o
    0x0000723e   0x0000723e   0x0000001e   Code   RO         3177    i.Std_Memset        mymath.o
    0x0000725c   0x0000725c   0x0000000e   Code   RO         3178    i.Std_Msb16DataGet  mymath.o
    0x0000726a   0x0000726a   0x00000008   Code   RO         3179    i.Std_Msb16DataSet  mymath.o
    0x00007272   0x00007272   0x00000016   Code   RO         3180    i.Std_Msb32DataGet  mymath.o
    0x00007288   0x00007288   0x00000016   Code   RO         3181    i.Std_Msb32DataSet  mymath.o
    0x0000729e   0x0000729e   0x00000002   PAD
    0x000072a0   0x000072a0   0x00000074   Code   RO         4312    i.SystemCoreClockUpdate  system_rn8xxx_v2.o
    0x00007314   0x00007314   0x00000020   Code   RO         3697    i.SystemDelay       xtarget.o
    0x00007334   0x00007334   0x00000038   Code   RO         4354    i.SystemDelayUs     rn8xxx_common.o
    0x0000736c   0x0000736c   0x00000002   Code   RO         4313    i.SystemInit        system_rn8xxx_v2.o
    0x0000736e   0x0000736e   0x00000002   PAD
    0x00007370   0x00007370   0x0000004c   Code   RO         3871    i.TC0_HANDLER       drive_allint.o
    0x000073bc   0x000073bc   0x0000000c   Code   RO         3872    i.TC1_HANDLER       drive_allint.o
    0x000073c8   0x000073c8   0x00000088   Code   RO         3873    i.UART0_HANDLER     drive_allint.o
    0x00007450   0x00007450   0x0000000c   Code   RO         3874    i.UART1_HANDLER     drive_allint.o
    0x0000745c   0x0000745c   0x0000000c   Code   RO         3875    i.UART3_HANDLER     drive_allint.o
    0x00007468   0x00007468   0x0000000c   Code   RO         3876    i.UART4_HANDLER     drive_allint.o
    0x00007474   0x00007474   0x0000000c   Code   RO         3877    i.UART5_HANDLER     drive_allint.o
    0x00007480   0x00007480   0x00000098   Code   RO         4074    i.USART_ITConfig    bsp_uart.o
    0x00007518   0x00007518   0x00000070   Code   RO         6860    i._DoInit           segger_rtt.o
    0x00007588   0x00007588   0x0000001c   Code   RO         6861    i._GetAvailWriteSpace  segger_rtt.o
    0x000075a4   0x000075a4   0x0000010e   Code   RO         7013    i._PrintInt         segger_rtt_printf.o
    0x000076b2   0x000076b2   0x00000002   PAD
    0x000076b4   0x000076b4   0x0000011c   Code   RO         7014    i._PrintUnsigned    segger_rtt_printf.o
    0x000077d0   0x000077d0   0x00000044   Code   RO         7015    i._StoreChar        segger_rtt_printf.o
    0x00007814   0x00007814   0x0000007a   Code   RO         6863    i._WriteBlocking    segger_rtt.o
    0x0000788e   0x0000788e   0x0000004a   Code   RO         6864    i._WriteNoCheck     segger_rtt.o
    0x000078d8   0x000078d8   0x0000002e   Code   RO         7177    i.__ARM_clz         mf_p.l(depilogue.o)
    0x00007906   0x00007906   0x00000030   Code   RO         6817    i.__ARM_common_ll_muluu  harmonic.o
    0x00007936   0x00007936   0x0000001c   Code   RO         1239    i.__ARM_common_switch8  dl645b_com.o
    0x00007952   0x00007952   0x0000000e   Code   RO         7185    i.__scatterload_copy  mc_p.l(handlers.o)
    0x00007960   0x00007960   0x00000002   Code   RO         7186    i.__scatterload_null  mc_p.l(handlers.o)
    0x00007962   0x00007962   0x0000000e   Code   RO         7187    i.__scatterload_zeroinit  mc_p.l(handlers.o)
    0x00007970   0x00007970   0x0000000c   Code   RO         7167    i.__set_errno       mc_p.l(errno.o)
    0x0000797c   0x0000797c   0x0000003c   Code   RO         5734    i.fcs16             dl698_crc.o
    0x000079b8   0x000079b8   0x0000001c   Code   RO         3000    i.fifo_ClearBuffer  fifo.o
    0x000079d4   0x000079d4   0x000003a4   Code   RO         6296    i.fnAct_BroatcastTime  dl698_userdata_oad2di.o
    0x00007d78   0x00007d78   0x000000b0   Code   RO         6297    i.fnAct_Clear       dl698_userdata_oad2di.o
    0x00007e28   0x00007e28   0x00000006   Code   RO         6298    i.fnAct_DispPara    dl698_userdata_oad2di.o
    0x00007e2e   0x00007e2e   0x00000002   PAD
    0x00007e30   0x00007e30   0x00000804   Code   RO         6299    i.fnAct_EsamOp      dl698_userdata_oad2di.o
    0x00008634   0x00008634   0x000003bc   Code   RO         6300    i.fnAct_EvtPara     dl698_userdata_oad2di.o
    0x000089f0   0x000089f0   0x00000362   Code   RO         6301    i.fnAct_File        dl698_userdata_oad2di.o
    0x00008d52   0x00008d52   0x00000002   PAD
    0x00008d54   0x00008d54   0x00001278   Code   RO         6302    i.fnAct_FrzPara     dl698_userdata_oad2di.o
    0x00009fcc   0x00009fcc   0x000005c8   Code   RO         6303    i.fnAct_GataOp      dl698_userdata_oad2di.o
    0x0000a594   0x0000a594   0x000000ac   Code   RO         6304    i.fnAct_HalfIrmsPara  dl698_userdata_oad2di.o
    0x0000a640   0x0000a640   0x00000358   Code   RO         6305    i.fnAct_InOut_DevicePara  dl698_userdata_oad2di.o
    0x0000a998   0x0000a998   0x000001d4   Code   RO         6306    i.fnAct_Normal      dl698_userdata_oad2di.o
    0x0000ab6c   0x0000ab6c   0x00000390   Code   RO         6307    i.fnAct_SafeModePara  dl698_userdata_oad2di.o
    0x0000aefc   0x0000aefc   0x0000018c   Code   RO         6308    i.fnAct_VarPara     dl698_userdata_oad2di.o
    0x0000b088   0x0000b088   0x000000b4   Code   RO         6309    i.fnAct_WavePara    dl698_userdata_oad2di.o
    0x0000b13c   0x0000b13c   0x0000002e   Code   RO         3190    i.fnBCD_Check       mymath.o
    0x0000b16a   0x0000b16a   0x00000002   PAD
    0x0000b16c   0x0000b16c   0x000000cc   Code   RO         2211    i.fnBSP_ExModuleSpi_Init  measure.o
    0x0000b238   0x0000b238   0x0000002c   Code   RO         3196    i.fnBcdToHex_u16    mymath.o
    0x0000b264   0x0000b264   0x00000064   Code   RO         3197    i.fnBcdToHex_u32    mymath.o
    0x0000b2c8   0x0000b2c8   0x00000018   Code   RO         3198    i.fnBcdToHex_u8     mymath.o
    0x0000b2e0   0x0000b2e0   0x00000058   Code   RO            3    i.fnBkgrd_ClockBatCalculate  bkgrd.o
    0x0000b338   0x0000b338   0x0000009c   Code   RO            4    i.fnBkgrd_Day_Exec  bkgrd.o
    0x0000b3d4   0x0000b3d4   0x00000254   Code   RO            5    i.fnBkgrd_Exec      bkgrd.o
    0x0000b628   0x0000b628   0x000000ec   Code   RO            6    i.fnBkgrd_GetMeasureStatusWd  bkgrd.o
    0x0000b714   0x0000b714   0x000000d8   Code   RO            7    i.fnBkgrd_GetMtConfirmStatus  bkgrd.o
    0x0000b7ec   0x0000b7ec   0x000000fc   Code   RO            8    i.fnBkgrd_GetMtStatusWd  bkgrd.o
    0x0000b8e8   0x0000b8e8   0x00000002   Code   RO            9    i.fnBkgrd_Hour_Exec  bkgrd.o
    0x0000b8ea   0x0000b8ea   0x00000002   PAD
    0x0000b8ec   0x0000b8ec   0x00000044   Code   RO           10    i.fnBkgrd_Minute_Exec  bkgrd.o
    0x0000b930   0x0000b930   0x00000090   Code   RO           11    i.fnBkgrd_Second_Exec  bkgrd.o
    0x0000b9c0   0x0000b9c0   0x00000200   Code   RO           12    i.fnBkgrd_StatusGenerate  bkgrd.o
    0x0000bbc0   0x0000bbc0   0x0000003c   Code   RO           13    i.fnBkgrd_TemperIAGain  bkgrd.o
    0x0000bbfc   0x0000bbfc   0x00000010   Code   RO           14    i.fnBkgrd_Tnal_Tmper  bkgrd.o
    0x0000bc0c   0x0000bc0c   0x00000084   Code   RO           15    i.fnBkgrd__RTCParaCheck  bkgrd.o
    0x0000bc90   0x0000bc90   0x000000e0   Code   RO         4156    i.fnBsp_CT7538_read_temp  bsp_tmp.o
    0x0000bd70   0x0000bd70   0x000000b4   Code   RO         4157    i.fnBsp_Temp_Ajust  bsp_tmp.o
    0x0000be24   0x0000be24   0x0000010c   Code   RO         4158    i.fnBsp_Tmp_Init    bsp_tmp.o
    0x0000bf30   0x0000bf30   0x00000080   Code   RO         1806    i.fnBufTemp_Alloc   globals.o
    0x0000bfb0   0x0000bfb0   0x000000c8   Code   RO         1807    i.fnBufTemp_Free    globals.o
    0x0000c078   0x0000c078   0x0000001c   Code   RO         1808    i.fnBufTemp_Init    globals.o
    0x0000c094   0x0000c094   0x00000214   Code   RO         2045    i.fnCHK_ESAMDly     secret.o
    0x0000c2a8   0x0000c2a8   0x000000d4   Code   RO         2046    i.fnCHK_LinkDly     secret.o
    0x0000c37c   0x0000c37c   0x00000038   Code   RO         3199    i.fnCRC16           mymath.o
    0x0000c3b4   0x0000c3b4   0x0000001a   Code   RO         2212    i.fnCalSum          measure.o
    0x0000c3ce   0x0000c3ce   0x00000022   Code   RO         2759    i.fnCardGetByte     bsp_esam.o
    0x0000c3f0   0x0000c3f0   0x00000022   Code   RO         2760    i.fnCardSendByte    bsp_esam.o
    0x0000c412   0x0000c412   0x000000be   Code   RO         3052    i.fnCheckNVRAM      fm24cxx.o
    0x0000c4d0   0x0000c4d0   0x00000028   Code   RO         3698    i.fnCheckSocEE      xtarget.o
    0x0000c4f8   0x0000c4f8   0x00000098   Code   RO         3202    i.fnCheck_Date_time_s  mymath.o
    0x0000c590   0x0000c590   0x00000038   Code   RO         5970    i.fnCheck_ReportCnt  dl698_userdata.o
    0x0000c5c8   0x0000c5c8   0x00000100   Code   RO         1530    i.fnCheck_ReportPara  event.o
    0x0000c6c8   0x0000c6c8   0x0000000c   Code   RO         5971    i.fnCheck_RptType   dl698_userdata.o
    0x0000c6d4   0x0000c6d4   0x00000014   Code   RO         5972    i.fnCheck_nMacErr   dl698_userdata.o
    0x0000c6e8   0x0000c6e8   0x0000004c   Code   RO         5973    i.fnChkStatus_tLinkDly  dl698_userdata.o
    0x0000c734   0x0000c734   0x00000028   Code   RO         5974    i.fnChk_AuthOnStatus  dl698_userdata.o
    0x0000c75c   0x0000c75c   0x00000278   Code   RO         1531    i.fnClr_EvtReportData  event.o
    0x0000c9d4   0x0000c9d4   0x000000d0   Code   RO         1532    i.fnClr_RptStatus   event.o
    0x0000caa4   0x0000caa4   0x00000060   Code   RO         1950    i.fnComAddrGet      scom.o
    0x0000cb04   0x0000cb04   0x00000048   Code   RO         5975    i.fnCommStatus      dl698_userdata.o
    0x0000cb4c   0x0000cb4c   0x00000054   Code   RO         5976    i.fnConnDataInit    dl698_userdata.o
    0x0000cba0   0x0000cba0   0x00000054   Code   RO         5977    i.fnConnSizeDefault  dl698_userdata.o
    0x0000cbf4   0x0000cbf4   0x00000048   Code   RO         2047    i.fnConnectDis_SecretClr  secret.o
    0x0000cc3c   0x0000cc3c   0x0000010c   Code   RO         2048    i.fnConnect_Secret  secret.o
    0x0000cd48   0x0000cd48   0x00000036   Code   RO         3203    i.fnCrc_Check       mymath.o
    0x0000cd7e   0x0000cd7e   0x00000042   Code   RO         3207    i.fnDFCmp_DF20      mymath.o
    0x0000cdc0   0x0000cdc0   0x00000034   Code   RO         3210    i.fnDFCompData      mymath.o
    0x0000cdf4   0x0000cdf4   0x00000036   Code   RO         5333    i.fnDL698AL_asn1_get_ObjCnt  dl698al_asn1.o
    0x0000ce2a   0x0000ce2a   0x00000044   Code   RO         5334    i.fnDL698AL_asn1_set_ObjCnt  dl698al_asn1.o
    0x0000ce6e   0x0000ce6e   0x00000026   Code   RO         3229    i.fnDateTimeToMin   mymath.o
    0x0000ce94   0x0000ce94   0x00000018   Code   RO         3230    i.fnDateTimeToSec   mymath.o
    0x0000ceac   0x0000ceac   0x000000ac   Code   RO         3232    i.fnDayCount        mymath.o
    0x0000cf58   0x0000cf58   0x00000022   Code   RO         2828    i.fnDelay2us        bsp_iic.o
    0x0000cf7a   0x0000cf7a   0x00000002   PAD
    0x0000cf7c   0x0000cf7c   0x00000034   Code   RO         3699    i.fnDelayMs         xtarget.o
    0x0000cfb0   0x0000cfb0   0x00000098   Code   RO          746    i.fnDl645B_AddrCheck  dl645b_com.o
    0x0000d048   0x0000d048   0x0000001a   Code   RO          747    i.fnDl645B_ByteCheckBCD  dl645b_com.o
    0x0000d062   0x0000d062   0x00000002   PAD
    0x0000d064   0x0000d064   0x000000b0   Code   RO          748    i.fnDl645B_Exec     dl645b_com.o
    0x0000d114   0x0000d114   0x00000024   Code   RO          749    i.fnDl645B_FramCheckBCD  dl645b_com.o
    0x0000d138   0x0000d138   0x000000f4   Code   RO          750    i.fnDl645B_FrameCheck  dl645b_com.o
    0x0000d22c   0x0000d22c   0x00000028   Code   RO          751    i.fnDl645B_Inverse  dl645b_com.o
    0x0000d254   0x0000d254   0x00000064   Code   RO          752    i.fnDl645B_JudgeClockNoWeek  dl645b_com.o
    0x0000d2b8   0x0000d2b8   0x0000002c   Code   RO          754    i.fnDl645B_Modify   dl645b_com.o
    0x0000d2e4   0x0000d2e4   0x00000116   Code   RO          755    i.fnDl645B_RxAnalyse  dl645b_com.o
    0x0000d3fa   0x0000d3fa   0x00000002   PAD
    0x0000d3fc   0x0000d3fc   0x00000248   Code   RO          756    i.fnDl645B_Unpack01  dl645b_com.o
    0x0000d644   0x0000d644   0x00000068   Code   RO          757    i.fnDl645B_Unpack03  dl645b_com.o
    0x0000d6ac   0x0000d6ac   0x00000214   Code   RO          758    i.fnDl645B_Unpack04  dl645b_com.o
    0x0000d8c0   0x0000d8c0   0x00000254   Code   RO          759    i.fnDl645B_Unpack08  dl645b_com.o
    0x0000db14   0x0000db14   0x000002b0   Code   RO          760    i.fnDl645B_Unpack11  dl645b_com.o
    0x0000ddc4   0x0000ddc4   0x000002a4   Code   RO          761    i.fnDl645B_Unpack12  dl645b_com.o
    0x0000e068   0x0000e068   0x0000005c   Code   RO          762    i.fnDl645B_Unpack13  dl645b_com.o
    0x0000e0c4   0x0000e0c4   0x00000068   Code   RO          763    i.fnDl645B_Unpack14  dl645b_com.o
    0x0000e12c   0x0000e12c   0x00000130   Code   RO          764    i.fnDl645B_Unpack16  dl645b_com.o
    0x0000e25c   0x0000e25c   0x000000fc   Code   RO          765    i.fnDl645B_Unpack17  dl645b_com.o
    0x0000e358   0x0000e358   0x0000000c   Code   RO          766    i.fnDl645B_Unpack19  dl645b_com.o
    0x0000e364   0x0000e364   0x0000000c   Code   RO          767    i.fnDl645B_Unpack1A  dl645b_com.o
    0x0000e370   0x0000e370   0x0000000c   Code   RO          768    i.fnDl645B_Unpack1B  dl645b_com.o
    0x0000e37c   0x0000e37c   0x0000068c   Code   RO          769    i.fnDl645B_Unpack1C  dl645b_com.o
    0x0000ea08   0x0000ea08   0x00000138   Code   RO          770    i.fnDl645B_Unpack1D  dl645b_com.o
    0x0000eb40   0x0000eb40   0x00000084   Code   RO          771    i.fnDl645B_Unpack1E  dl645b_com.o
    0x0000ebc4   0x0000ebc4   0x0000010c   Code   RO          772    i.fnDl645B_Unpack1F  dl645b_com.o
    0x0000ecd0   0x0000ecd0   0x00000002   Code   RO         1533    i.fnDl645Event_Operation  event.o
    0x0000ecd2   0x0000ecd2   0x00000002   Code   RO          773    i.fnDl645_CmpFrzTime  dl645b_com.o
    0x0000ecd4   0x0000ecd4   0x00000108   Code   RO          774    i.fnDl645_ControlPackErr  dl645b_com.o
    0x0000eddc   0x0000eddc   0x00000030   Code   RO          777    i.fnDl645_FindRmEgSh  dl645b_com.o
    0x0000ee0c   0x0000ee0c   0x0000000c   Code   RO          778    i.fnDl645_GetAInSwimEv  dl645b_com.o
    0x0000ee18   0x0000ee18   0x0000000c   Code   RO          781    i.fnDl645_GetCurEv  dl645b_com.o
    0x0000ee24   0x0000ee24   0x000000cc   Code   RO          784    i.fnDl645_GetEv     dl645b_com.o
    0x0000eef0   0x0000eef0   0x0000000a   Code   RO          786    i.fnDl645_GetGateOffEv  dl645b_com.o
    0x0000eefa   0x0000eefa   0x0000000a   Code   RO          787    i.fnDl645_GetGateOnEv  dl645b_com.o
    0x0000ef04   0x0000ef04   0x0000000c   Code   RO          788    i.fnDl645_GetInPhaEv  dl645b_com.o
    0x0000ef10   0x0000ef10   0x00000008   Code   RO          789    i.fnDl645_GetLossAuxEv  dl645b_com.o
    0x0000ef18   0x0000ef18   0x000001b0   Code   RO          790    i.fnDl645_GetMiscEv  dl645b_com.o
    0x0000f0c8   0x0000f0c8   0x00000030   Code   RO          791    i.fnDl645_GetMiscEvItemLen  dl645b_com.o
    0x0000f0f8   0x0000f0f8   0x0000000a   Code   RO          792    i.fnDl645_GetMiscItem  dl645b_com.o
    0x0000f102   0x0000f102   0x0000000a   Code   RO          793    i.fnDl645_GetOtherEv  dl645b_com.o
    0x0000f10c   0x0000f10c   0x00000008   Code   RO          796    i.fnDl645_GetOverNeedEv  dl645b_com.o
    0x0000f114   0x0000f114   0x0000000c   Code   RO          797    i.fnDl645_GetOverPfEv  dl645b_com.o
    0x0000f120   0x0000f120   0x000006b8   Code   RO          798    i.fnDl645_GetParaVar  dl645b_com.o
    0x0000f7d8   0x0000f7d8   0x00000008   Code   RO          799    i.fnDl645_GetPowDnEv  dl645b_com.o
    0x0000f7e0   0x0000f7e0   0x00000008   Code   RO          800    i.fnDl645_GetQLossVolEv  dl645b_com.o
    0x0000f7e8   0x0000f7e8   0x000004dc   Code   RO          801    i.fnDl645_GetRmEgSh  dl645b_com.o
    0x0000fcc4   0x0000fcc4   0x000000f4   Code   RO          802    i.fnDl645_GetRmEgShItem  dl645b_com.o
    0x0000fdb8   0x0000fdb8   0x00000048   Code   RO          803    i.fnDl645_GetRmEgShItemLen  dl645b_com.o
    0x0000fe00   0x0000fe00   0x0000000c   Code   RO          804    i.fnDl645_GetRmNeed  dl645b_com.o
    0x0000fe0c   0x0000fe0c   0x00000050   Code   RO          805    i.fnDl645_GetSocMemory  dl645b_com.o
    0x0000fe5c   0x0000fe5c   0x000000d8   Code   RO          806    i.fnDl645_GetStat   dl645b_com.o
    0x0000ff34   0x0000ff34   0x0000000a   Code   RO          807    i.fnDl645_GetStatItem  dl645b_com.o
    0x0000ff3e   0x0000ff3e   0x0000000c   Code   RO          808    i.fnDl645_GetUnblEv  dl645b_com.o
    0x0000ff4a   0x0000ff4a   0x00000002   PAD
    0x0000ff4c   0x0000ff4c   0x00000664   Code   RO          809    i.fnDl645_GetVar    dl645b_com.o
    0x000105b0   0x000105b0   0x0000000c   Code   RO          810    i.fnDl645_GetVolEv  dl645b_com.o
    0x000105bc   0x000105bc   0x0000000c   Code   RO          811    i.fnDl645_GetWaveEv  dl645b_com.o
    0x000105c8   0x000105c8   0x000000b4   Code   RO          813    i.fnDl645_PackErr   dl645b_com.o
    0x0001067c   0x0001067c   0x00000080   Code   RO          814    i.fnDl645_PackFeatureData  dl645b_com.o
    0x000106fc   0x000106fc   0x00000090   Code   RO          815    i.fnDl645_PackNoDI  dl645b_com.o
    0x0001078c   0x0001078c   0x000000e0   Code   RO          816    i.fnDl645_PackOk    dl645b_com.o
    0x0001086c   0x0001086c   0x000000d8   Code   RO          817    i.fnDl645_PackSeq   dl645b_com.o
    0x00010944   0x00010944   0x000001c8   Code   RO         1951    i.fnDl645_Process   scom.o
    0x00010b0c   0x00010b0c   0x00001b18   Code   RO          818    i.fnDl645_PutParaVar  dl645b_com.o
    0x00012624   0x00012624   0x000004e0   Code   RO          819    i.fnDl645_PutParaVarWithDecipher  dl645b_com.o
    0x00012b04   0x00012b04   0x000001b0   Code   RO          820    i.fnDl645_PutParaVarWithMac  dl645b_com.o
    0x00012cb4   0x00012cb4   0x00000008   Code   RO          821    i.fnDl645_ReadCurve  dl645b_com.o
    0x00012cbc   0x00012cbc   0x00000008   Code   RO          822    i.fnDl645_ReadProfile  dl645b_com.o
    0x00012cc4   0x00012cc4   0x00000e90   Code   RO          823    i.fnDl645_SafetyCertification  dl645b_com.o
    0x00013b54   0x00013b54   0x000000b8   Code   RO          824    i.fnDl645_SafetyPackErr  dl645b_com.o
    0x00013c0c   0x00013c0c   0x000002c0   Code   RO         5293    i.fnDl698AL_ActReqHandle  dl698al_act.o
    0x00013ecc   0x00013ecc   0x0000014c   Code   RO         5519    i.fnDl698AL_Brk_Asso  dl698al_process.o
    0x00014018   0x00014018   0x00000150   Code   RO         5294    i.fnDl698AL_BuildActRsp  dl698al_act.o
    0x00014168   0x00014168   0x000000e4   Code   RO         5520    i.fnDl698AL_BuildERRRsp  dl698al_process.o
    0x0001424c   0x0001424c   0x00000194   Code   RO         5469    i.fnDl698AL_BuildGetRsp  dl698al_get.o
    0x000143e0   0x000143e0   0x00000094   Code   RO         5521    i.fnDl698AL_BuildRsp  dl698al_process.o
    0x00014474   0x00014474   0x0000014c   Code   RO         5705    i.fnDl698AL_BuildSetRsp  dl698al_set.o
    0x000145c0   0x000145c0   0x00000068   Code   RO         5522    i.fnDl698AL_Check_AddrType  dl698al_process.o
    0x00014628   0x00014628   0x000001d8   Code   RO         5523    i.fnDl698AL_Check_ApduSec  dl698al_process.o
    0x00014800   0x00014800   0x00000114   Code   RO         5218    i.fnDl698AL_Check_Auth  dl698_al.o
    0x00014914   0x00014914   0x00000058   Code   RO         5524    i.fnDl698AL_Check_OIList  dl698al_process.o
    0x0001496c   0x0001496c   0x000000e0   Code   RO         5525    i.fnDl698AL_Check_OMDSec  dl698al_process.o
    0x00014a4c   0x00014a4c   0x00000358   Code   RO         5335    i.fnDl698AL_Check_TimeTag  dl698al_asn1.o
    0x00014da4   0x00014da4   0x00000006   Code   RO         5649    i.fnDl698AL_ChkAl_Idle  dl698al_report.o
    0x00014daa   0x00014daa   0x00000006   Code   RO         5650    i.fnDl698AL_ChkDl_Idle  dl698al_report.o
    0x00014db0   0x00014db0   0x000002a8   Code   RO         5409    i.fnDl698AL_ConnHandle  dl698al_conn.o
    0x00015058   0x00015058   0x0000029c   Code   RO         5410    i.fnDl698AL_ConnRes  dl698al_conn.o
    0x000152f4   0x000152f4   0x00000092   Code   RO         5412    i.fnDl698AL_Decode_Conformance  dl698al_conn.o
    0x00015386   0x00015386   0x00000002   PAD
    0x00015388   0x00015388   0x000000cc   Code   RO         5219    i.fnDl698AL_Decode_TimeTag  dl698_al.o
    0x00015454   0x00015454   0x00000048   Code   RO         5220    i.fnDl698AL_DelayHandle  dl698_al.o
    0x0001549c   0x0001549c   0x0000005c   Code   RO         5978    i.fnDl698AL_EvtNotify  dl698_userdata.o
    0x000154f8   0x000154f8   0x00000046   Code   RO         5221    i.fnDl698AL_FlwRptPkg  dl698_al.o
    0x0001553e   0x0001553e   0x00000002   PAD
    0x00015540   0x00015540   0x0000035c   Code   RO         5526    i.fnDl698AL_Gen_SecRsp  dl698al_process.o
    0x0001589c   0x0001589c   0x000000cc   Code   RO         5336    i.fnDl698AL_GetArrayData_Len  dl698al_asn1.o
    0x00015968   0x00015968   0x00000062   Code   RO         5222    i.fnDl698AL_GetCurrTime  dl698_al.o
    0x000159ca   0x000159ca   0x00000002   PAD
    0x000159cc   0x000159cc   0x00000350   Code   RO         5337    i.fnDl698AL_GetData_Len  dl698al_asn1.o
    0x00015d1c   0x00015d1c   0x0000016c   Code   RO         5470    i.fnDl698AL_GetReqHandle  dl698al_get.o
    0x00015e88   0x00015e88   0x00000338   Code   RO         5338    i.fnDl698AL_GetSimpleData_Len  dl698al_asn1.o
    0x000161c0   0x000161c0   0x00000090   Code   RO         5527    i.fnDl698AL_Get_OIOpSec  dl698al_process.o
    0x00016250   0x00016250   0x00000024   Code   RO         5528    i.fnDl698AL_Get_OISec  dl698al_process.o
    0x00016274   0x00016274   0x00000408   Code   RO         5529    i.fnDl698AL_Handle  dl698al_process.o
    0x0001667c   0x0001667c   0x00000018   Code   RO         5530    i.fnDl698AL_Init    dl698al_process.o
    0x00016694   0x00016694   0x0000002c   Code   RO         5531    i.fnDl698AL_Process  dl698al_process.o
    0x000166c0   0x000166c0   0x0000011c   Code   RO         5532    i.fnDl698AL_Rd_SendData  dl698al_process.o
    0x000167dc   0x000167dc   0x00000114   Code   RO         5533    i.fnDl698AL_Resport_SecRsp  dl698al_process.o
    0x000168f0   0x000168f0   0x00000170   Code   RO         5415    i.fnDl698AL_RlsHandle  dl698al_conn.o
    0x00016a60   0x00016a60   0x000001a8   Code   RO         5651    i.fnDl698AL_RptNotiHandle  dl698al_report.o
    0x00016c08   0x00016c08   0x00000060   Code   RO         5653    i.fnDl698AL_RptRspHandle  dl698al_report.o
    0x00016c68   0x00016c68   0x00000016   Code   RO         5534    i.fnDl698AL_SecParse_Rn  dl698al_process.o
    0x00016c7e   0x00016c7e   0x00000002   PAD
    0x00016c80   0x00016c80   0x0000022c   Code   RO         5535    i.fnDl698AL_SecReq_Handle  dl698al_process.o
    0x00016eac   0x00016eac   0x000001d4   Code   RO         5706    i.fnDl698AL_SetReqHandle  dl698al_set.o
    0x00017080   0x00017080   0x00000100   Code   RO         5471    i.fnDl698AL_ThenGetReqHandle  dl698al_get.o
    0x00017180   0x00017180   0x00000098   Code   RO         5223    i.fnDl698AL_TimeTagPkg  dl698_al.o
    0x00017218   0x00017218   0x0000003c   Code   RO         5224    i.fnDl698AL_TimeTag_Handle  dl698_al.o
    0x00017254   0x00017254   0x00000240   Code   RO         5225    i.fnDl698AL_TimeTag_Valid  dl698_al.o
    0x00017494   0x00017494   0x000001a4   Code   RO         5536    i.fnDl698AL_Wr_RecvData  dl698al_process.o
    0x00017638   0x00017638   0x00000100   Code   RO         5832    i.fnDl698DL_AddrCheck  dl698_dl.o
    0x00017738   0x00017738   0x00000444   Code   RO         5833    i.fnDl698DL_ApduInfoHandle  dl698_dl.o
    0x00017b7c   0x00017b7c   0x00000118   Code   RO         5834    i.fnDl698DL_EncodePkt  dl698_dl.o
    0x00017c94   0x00017c94   0x000000c4   Code   RO         5835    i.fnDl698DL_Generate_Ack_Frame  dl698_dl.o
    0x00017d58   0x00017d58   0x000001ec   Code   RO         5836    i.fnDl698DL_Generate_I_Frame  dl698_dl.o
    0x00017f44   0x00017f44   0x000000a8   Code   RO         5837    i.fnDl698DL_Init    dl698_dl.o
    0x00017fec   0x00017fec   0x00000016   Code   RO         5838    i.fnDl698DL_Recv    dl698_dl.o
    0x00018002   0x00018002   0x00000002   PAD
    0x00018004   0x00018004   0x00000144   Code   RO         5839    i.fnDl698DL_Send    dl698_dl.o
    0x00018148   0x00018148   0x00000110   Code   RO         5924    i.fnDl698Scom_TimeOutCheck  dl698_scom.o
    0x00018258   0x00018258   0x0000013c   Code   RO         5925    i.fnDl698Scom_Tx    dl698_scom.o
    0x00018394   0x00018394   0x00000088   Code   RO         5295    i.fnDl698_AL_Act_Of_IC  dl698al_act.o
    0x0001841c   0x0001841c   0x00000184   Code   RO         5472    i.fnDl698_AL_Get_Of_IC  dl698al_get.o
    0x000185a0   0x000185a0   0x00000040   Code   RO         5707    i.fnDl698_AL_Set_Of_IC  dl698al_set.o
    0x000185e0   0x000185e0   0x00000048   Code   RO         5979    i.fnDl698_ActMeth   dl698_userdata.o
    0x00018628   0x00018628   0x0000009c   Code   RO         5771    i.fnDl698_Buffer_Alloc  dl698_memory.o
    0x000186c4   0x000186c4   0x000000e4   Code   RO         5772    i.fnDl698_Buffer_Free  dl698_memory.o
    0x000187a8   0x000187a8   0x00000030   Code   RO         5773    i.fnDl698_Buffer_Init  dl698_memory.o
    0x000187d8   0x000187d8   0x000001cc   Code   RO         5980    i.fnDl698_FlwRptValue  dl698_userdata.o
    0x000189a4   0x000189a4   0x00000006   Code   RO         5981    i.fnDl698_GetFlwRptFlag  dl698_userdata.o
    0x000189aa   0x000189aa   0x00000002   PAD
    0x000189ac   0x000189ac   0x00000048   Code   RO         5473    i.fnDl698_GetLogicalName  dl698al_get.o
    0x000189f4   0x000189f4   0x0000007e   Code   RO         5982    i.fnDl698_GetNormalValue  dl698_userdata.o
    0x00018a72   0x00018a72   0x000000a8   Code   RO         5984    i.fnDl698_GetRecordValue  dl698_userdata.o
    0x00018b1a   0x00018b1a   0x00000002   PAD
    0x00018b1c   0x00018b1c   0x000000ec   Code   RO         5474    i.fnDl698_GetUnitScaler  dl698al_get.o
    0x00018c08   0x00018c08   0x0000004a   Code   RO         5985    i.fnDl698_GetValue  dl698_userdata.o
    0x00018c52   0x00018c52   0x00000002   PAD
    0x00018c54   0x00018c54   0x0000007c   Code   RO         5840    i.fnDl698_Init      dl698_dl.o
    0x00018cd0   0x00018cd0   0x00000018   Code   RO         5841    i.fnDl698_Process   dl698_dl.o
    0x00018ce8   0x00018ce8   0x00000120   Code   RO         5986    i.fnDl698_ReportValue  dl698_userdata.o
    0x00018e08   0x00018e08   0x0000001a   Code   RO         5654    i.fnDl698_RptRspValue  dl698al_report.o
    0x00018e22   0x00018e22   0x00000002   PAD
    0x00018e24   0x00018e24   0x00000078   Code   RO         5987    i.fnDl698_SafetyCertiHandle  dl698_userdata.o
    0x00018e9c   0x00018e9c   0x000001c4   Code   RO         5537    i.fnDl698_Serv_Init  dl698al_process.o
    0x00019060   0x00019060   0x00000042   Code   RO         5988    i.fnDl698_SetValue  dl698_userdata.o
    0x000190a2   0x000190a2   0x0000038c   Code   RO         5339    i.fnDl698_asn1_build_Type  dl698al_asn1.o
    0x0001942e   0x0001942e   0x00000026   Code   RO         5774    i.fnDl698_memcmp    dl698_memory.o
    0x00019454   0x00019454   0x0000001a   Code   RO         5776    i.fnDl698_memcpy    dl698_memory.o
    0x0001946e   0x0001946e   0x00000014   Code   RO         5777    i.fnDl698_memset    dl698_memory.o
    0x00019482   0x00019482   0x00000002   PAD
    0x00019484   0x00019484   0x000000e8   Code   RO         1393    i.fnEnergy_CRCCheck  energy.o
    0x0001956c   0x0001956c   0x000000a0   Code   RO         1394    i.fnEnergy_Change   energy.o
    0x0001960c   0x0001960c   0x00000128   Code   RO         1395    i.fnEnergy_DataInit  energy.o
    0x00019734   0x00019734   0x0000004e   Code   RO         1396    i.fnEnergy_EgAdd    energy.o
    0x00019782   0x00019782   0x00000002   PAD
    0x00019784   0x00019784   0x00000180   Code   RO         1397    i.fnEnergy_Exec     energy.o
    0x00019904   0x00019904   0x00000044   Code   RO         1399    i.fnEnergy_Mantissa  energy.o
    0x00019948   0x00019948   0x000000b0   Code   RO         1404    i.fnEnergy_PluseParaInit  energy.o
    0x000199f8   0x000199f8   0x0000045c   Code   RO         1409    i.fnEnergy_PulseCalc  energy.o
    0x00019e54   0x00019e54   0x00000078   Code   RO         1410    i.fnEnergy_WriteToE2  energy.o
    0x00019ecc   0x00019ecc   0x0000025c   Code   RO         1249    i.fnEsamOp_CardTxRxFrame  dl698_esamop.o
    0x0001a128   0x0001a128   0x000000e0   Code   RO         1251    i.fnEsamOp_CreatConnect  dl698_esamop.o
    0x0001a208   0x0001a208   0x00000060   Code   RO         1253    i.fnEsamOp_DataToCipherWithMac  dl698_esamop.o
    0x0001a268   0x0001a268   0x00000040   Code   RO         1254    i.fnEsamOp_EsamInit  dl698_esamop.o
    0x0001a2a8   0x0001a2a8   0x0000022a   Code   RO         1255    i.fnEsamOp_GetSendToEsamFrame  dl698_esamop.o
    0x0001a4d2   0x0001a4d2   0x00000002   PAD
    0x0001a4d4   0x0001a4d4   0x00000084   Code   RO         1256    i.fnEsamOp_Get_PlainDataMac  dl698_esamop.o
    0x0001a558   0x0001a558   0x00000068   Code   RO         1257    i.fnEsamOp_Get_PlainData_RN_Mac  dl698_esamop.o
    0x0001a5c0   0x0001a5c0   0x00000048   Code   RO         1259    i.fnEsamOp_ReadEsam_Info  dl698_esamop.o
    0x0001a608   0x0001a608   0x00000058   Code   RO         1260    i.fnEsamOp_ReadEsam_SafeNameList  dl698_esamop.o
    0x0001a660   0x0001a660   0x000000d4   Code   RO         1262    i.fnEsamOp_Reset    dl698_esamop.o
    0x0001a734   0x0001a734   0x0000001c   Code   RO         1264    i.fnEsamOp_RxTxCommhead  dl698_esamop.o
    0x0001a750   0x0001a750   0x000000f8   Code   RO         1265    i.fnEsamOp_TrmDataToCipherWithMac  dl698_esamop.o
    0x0001a848   0x0001a848   0x0000008c   Code   RO         1266    i.fnEsamOp_Tx_Esam  dl698_esamop.o
    0x0001a8d4   0x0001a8d4   0x00000084   Code   RO         1267    i.fnEsam_In_Auth    dl698_esamop.o
    0x0001a958   0x0001a958   0x00000088   Code   RO         1268    i.fnEsam_Out_Auth   dl698_esamop.o
    0x0001a9e0   0x0001a9e0   0x0000006c   Code   RO         1269    i.fnEsam_Random     dl698_esamop.o
    0x0001aa4c   0x0001aa4c   0x0000001a   Code   RO         1534    i.fnEvent_Clr_BroadstaSta  event.o
    0x0001aa66   0x0001aa66   0x00000002   PAD
    0x0001aa68   0x0001aa68   0x00000020   Code   RO         1535    i.fnEvent_Clr_PowDnDatetimes  event.o
    0x0001aa88   0x0001aa88   0x00000026   Code   RO         1536    i.fnEvent_Clr_PrgQSta  event.o
    0x0001aaae   0x0001aaae   0x00000002   PAD
    0x0001aab0   0x0001aab0   0x00000258   Code   RO         1537    i.fnEvent_Clr_Status  event.o
    0x0001ad08   0x0001ad08   0x000001c0   Code   RO         1538    i.fnEvent_EvtClr    event.o
    0x0001aec8   0x0001aec8   0x00000010   Code   RO         1539    i.fnEvent_Exec      event.o
    0x0001aed8   0x0001aed8   0x00000030   Code   RO         1540    i.fnEvent_GetStatus  event.o
    0x0001af08   0x0001af08   0x00000078   Code   RO         1541    i.fnEvent_Init      event.o
    0x0001af80   0x0001af80   0x000001ec   Code   RO         1542    i.fnEvent_OpExec    event.o
    0x0001b16c   0x0001b16c   0x000004c0   Code   RO         1543    i.fnEvent_Operation  event.o
    0x0001b62c   0x0001b62c   0x0000052c   Code   RO         1544    i.fnEvent_Report    event.o
    0x0001bb58   0x0001bb58   0x00000090   Code   RO         1545    i.fnEvent_SumTime   event.o
    0x0001bbe8   0x0001bbe8   0x000000c4   Code   RO         1546    i.fnEvent_WriteSumTime  event.o
    0x0001bcac   0x0001bcac   0x00000508   Code   RO         1547    i.fnEvent_nphsEvt_Exec  event.o
    0x0001c1b4   0x0001c1b4   0x0000004c   Code   RO         2120    i.fnEvtClistDefault_Write  file.o
    0x0001c200   0x0001c200   0x000001e4   Code   RO         1548    i.fnEvtCoverTail_PowerOn  event.o
    0x0001c3e4   0x0001c3e4   0x00000358   Code   RO         1549    i.fnEvtCoverTail_PwDn  event.o
    0x0001c73c   0x0001c73c   0x00000060   Code   RO         1550    i.fnEvtMngPlug_EsamCheck  event.o
    0x0001c79c   0x0001c79c   0x0000007c   Code   RO         1551    i.fnEvtMngPlug_Init  event.o
    0x0001c818   0x0001c818   0x00000038   Code   RO         1552    i.fnEvtMngPlug_PwdnSave  event.o
    0x0001c850   0x0001c850   0x00000002   Code   RO         1553    i.fnEvtPrg_End      event.o
    0x0001c852   0x0001c852   0x0000009c   Code   RO         3053    i.fnFM24CXX_Read    fm24cxx.o
    0x0001c8ee   0x0001c8ee   0x000000a0   Code   RO         3054    i.fnFM24CXX_Write   fm24cxx.o
    0x0001c98e   0x0001c98e   0x00000002   PAD
    0x0001c990   0x0001c990   0x00000070   Code   RO         2123    i.fnFile_Clr        file.o
    0x0001ca00   0x0001ca00   0x000002d4   Code   RO         2124    i.fnFile_Init       file.o
    0x0001ccd4   0x0001ccd4   0x00000040   Code   RO         2125    i.fnFile_Read       file.o
    0x0001cd14   0x0001cd14   0x00000040   Code   RO         2126    i.fnFile_Write      file.o
    0x0001cd54   0x0001cd54   0x00000260   Code   RO         5989    i.fnFind_FrzMinSpecPos  dl698_userdata.o
    0x0001cfb4   0x0001cfb4   0x00000038   Code   RO         3055    i.fnFm24c256_Init   fm24cxx.o
    0x0001cfec   0x0001cfec   0x0000018c   Code   RO         5341    i.fnForm_build_Type  dl698al_asn1.o
    0x0001d178   0x0001d178   0x0000008c   Code   RO         1740    i.fnFreeze          freeze.o
    0x0001d204   0x0001d204   0x000002d8   Code   RO         1741    i.fnFreezeMin_Write  freeze.o
    0x0001d4dc   0x0001d4dc   0x0000013c   Code   RO         1742    i.fnFreezePoint_Calc  freeze.o
    0x0001d618   0x0001d618   0x00000164   Code   RO         1743    i.fnFreeze_MakeUp   freeze.o
    0x0001d77c   0x0001d77c   0x000000b0   Code   RO         2127    i.fnFrzClistDefault_Write  file.o
    0x0001d82c   0x0001d82c   0x000001ec   Code   RO         3700    i.fnGPIO_Configuration  xtarget.o
    0x0001da18   0x0001da18   0x00000014   Code   RO         5991    i.fnGetCurrTime     dl698_userdata.o
    0x0001da2c   0x0001da2c   0x00000070   Code   RO         3235    i.fnGetDay          mymath.o
    0x0001da9c   0x0001da9c   0x0000021c   Code   RO         1554    i.fnGetEvtMngUpdateRcd  event.o
    0x0001dcb8   0x0001dcb8   0x0000004c   Code   RO         5992    i.fnGet_ConnServer  dl698_userdata.o
    0x0001dd04   0x0001dd04   0x00000088   Code   RO         2049    i.fnGet_ConnSta     secret.o
    0x0001dd8c   0x0001dd8c   0x0000016c   Code   RO         6311    i.fnGet_Control     dl698_userdata_oad2di.o
    0x0001def8   0x0001def8   0x000001b4   Code   RO         6312    i.fnGet_CsdNum      dl698_userdata_oad2di.o
    0x0001e0ac   0x0001e0ac   0x00000410   Code   RO         6313    i.fnGet_DevicePara  dl698_userdata_oad2di.o
    0x0001e4bc   0x0001e4bc   0x00000102   Code   RO         6314    i.fnGet_DispData    dl698_userdata_oad2di.o
    0x0001e5be   0x0001e5be   0x00000002   PAD
    0x0001e5c0   0x0001e5c0   0x00000458   Code   RO         6315    i.fnGet_ESAMPara    dl698_userdata_oad2di.o
    0x0001ea18   0x0001ea18   0x0000003c   Code   RO         6316    i.fnGet_Energy      dl698_userdata_oad2di.o
    0x0001ea54   0x0001ea54   0x000000ec   Code   RO         6317    i.fnGet_EnergyData  dl698_userdata_oad2di.o
    0x0001eb40   0x0001eb40   0x00000034   Code   RO         6318    i.fnGet_EvtItem     dl698_userdata_oad2di.o
    0x0001eb74   0x0001eb74   0x000004d8   Code   RO         6319    i.fnGet_EvtPara     dl698_userdata_oad2di.o
    0x0001f04c   0x0001f04c   0x000007a0   Code   RO         6320    i.fnGet_EvtRecord   dl698_userdata_oad2di.o
    0x0001f7ec   0x0001f7ec   0x00000080   Code   RO         6321    i.fnGet_EvtRecordUnit_DataType  dl698_userdata_oad2di.o
    0x0001f86c   0x0001f86c   0x00000218   Code   RO         6322    i.fnGet_EvtReport   dl698_userdata_oad2di.o
    0x0001fa84   0x0001fa84   0x0000002c   Code   RO         6323    i.fnGet_FrzItem     dl698_userdata_oad2di.o
    0x0001fab0   0x0001fab0   0x000006f8   Code   RO         6324    i.fnGet_FrzMinRecord  dl698_userdata_oad2di.o
    0x000201a8   0x000201a8   0x000000e0   Code   RO         6325    i.fnGet_FrzPara     dl698_userdata_oad2di.o
    0x00020288   0x00020288   0x00000044   Code   RO         6326    i.fnGet_FrzRecordUnit_DataType  dl698_userdata_oad2di.o
    0x000202cc   0x000202cc   0x0000070c   Code   RO         6327    i.fnGet_InOut_DevicePara  dl698_userdata_oad2di.o
    0x000209d8   0x000209d8   0x000002f8   Code   RO         6328    i.fnGet_LCDPara     dl698_userdata_oad2di.o
    0x00020cd0   0x00020cd0   0x00000374   Code   RO         6329    i.fnGet_LinkPara    dl698_userdata_oad2di.o
    0x00021044   0x00021044   0x000000a0   Code   RO         6330    i.fnGet_MngOADDataType  dl698_userdata_oad2di.o
    0x000210e4   0x000210e4   0x00000196   Code   RO         6331    i.fnGet_Normal      dl698_userdata_oad2di.o
    0x0002127a   0x0002127a   0x00000002   PAD
    0x0002127c   0x0002127c   0x00000570   Code   RO         6332    i.fnGet_OADDataType  dl698_userdata_oad2di.o
    0x000217ec   0x000217ec   0x000002d4   Code   RO         6333    i.fnGet_OADStoreData  dl698_userdata_oad2di.o
    0x00021ac0   0x00021ac0   0x0000170c   Code   RO         6334    i.fnGet_Para        dl698_userdata_oad2di.o
    0x000231cc   0x000231cc   0x000004c0   Code   RO         6335    i.fnGet_PhsEvtPara  dl698_userdata_oad2di.o
    0x0002368c   0x0002368c   0x000000bc   Code   RO         6336    i.fnGet_SafeModePara  dl698_userdata_oad2di.o
    0x00023748   0x00023748   0x0000003c   Code   RO         6337    i.fnGet_Var         dl698_userdata_oad2di.o
    0x00023784   0x00023784   0x000008e0   Code   RO         6338    i.fnGet_VarData     dl698_userdata_oad2di.o
    0x00024064   0x00024064   0x00000018   Code   RO         6768    i.fnHarmonic_CheckI  harmonic.o
    0x0002407c   0x0002407c   0x00000020   Code   RO         6769    i.fnHarmonic_CheckUn  harmonic.o
    0x0002409c   0x0002409c   0x00000038   Code   RO         6770    i.fnHarmonic_D2fp_Exec  harmonic.o
    0x000240d4   0x000240d4   0x000007b4   Code   RO         6771    i.fnHarmonic_Exec   harmonic.o
    0x00024888   0x00024888   0x000000a0   Code   RO         6773    i.fnHarmonic_Init   harmonic.o
    0x00024928   0x00024928   0x00000068   Code   RO         3237    i.fnHexToBcd_u16    mymath.o
    0x00024990   0x00024990   0x000000c8   Code   RO         3238    i.fnHexToBcd_u32    mymath.o
    0x00024a58   0x00024a58   0x00000030   Code   RO         3239    i.fnHexToBcd_u8     mymath.o
    0x00024a88   0x00024a88   0x00000050   Code   RO          377    i.fnICEsam_Auth_In_Out  dl645_icesam.o
    0x00024ad8   0x00024ad8   0x000000d0   Code   RO          378    i.fnICEsam_Authorization  dl645_icesam.o
    0x00024ba8   0x00024ba8   0x0000005c   Code   RO          379    i.fnICEsam_CardColdReset  dl645_icesam.o
    0x00024c04   0x00024c04   0x00000006   Code   RO          380    i.fnICEsam_CardTxRxFrame  dl645_icesam.o
    0x00024c0a   0x00024c0a   0x00000002   PAD
    0x00024c0c   0x00024c0c   0x00000040   Code   RO          385    i.fnICEsam_CloseEsam  dl645_icesam.o
    0x00024c4c   0x00024c4c   0x00000070   Code   RO          388    i.fnICEsam_EsamReset  dl645_icesam.o
    0x00024cbc   0x00024cbc   0x00000064   Code   RO          389    i.fnICEsam_HW_RemoteAuth  dl645_icesam.o
    0x00024d20   0x00024d20   0x0000003c   Code   RO         2050    i.fnICEsam_MacErrInc  secret.o
    0x00024d5c   0x00024d5c   0x000000b8   Code   RO          395    i.fnICEsam_MoneyProc  dl645_icesam.o
    0x00024e14   0x00024e14   0x00000110   Code   RO          396    i.fnICEsam_ReadBin2BinWithMac  dl645_icesam.o
    0x00024f24   0x00024f24   0x00000038   Code   RO          397    i.fnICEsam_ReadBinFile  dl645_icesam.o
    0x00024f5c   0x00024f5c   0x0000010c   Code   RO          403    i.fnICEsam_ReadMoneyBagWithMac  dl645_icesam.o
    0x00025068   0x00025068   0x0000004c   Code   RO          406    i.fnICEsam_ReadRandom  dl645_icesam.o
    0x000250b4   0x000250b4   0x00000028   Code   RO          407    i.fnICEsam_ReadRecFile  dl645_icesam.o
    0x000250dc   0x000250dc   0x00000064   Code   RO          410    i.fnICEsam_Read_Kx  dl645_icesam.o
    0x00025140   0x00025140   0x00000078   Code   RO          411    i.fnICEsam_RemoteControl  dl645_icesam.o
    0x000251b8   0x000251b8   0x00000018   Code   RO          413    i.fnICEsam_RxTxCommhead  dl645_icesam.o
    0x000251d0   0x000251d0   0x00000034   Code   RO          414    i.fnICEsam_SelectFile  dl645_icesam.o
    0x00025204   0x00025204   0x000000b8   Code   RO          418    i.fnICEsam_UpdateRunFile_Clock  dl645_icesam.o
    0x000252bc   0x000252bc   0x000000a8   Code   RO          419    i.fnICEsam_UpdateRunFile_Money  dl645_icesam.o
    0x00025364   0x00025364   0x0000009c   Code   RO          421    i.fnICEsam_Update_ESAM_Bin_Mac  dl645_icesam.o
    0x00025400   0x00025400   0x00000060   Code   RO          422    i.fnICEsam_VerifyUpdatePSW  dl645_icesam.o
    0x00025460   0x00025460   0x00000038   Code   RO          423    i.fnICEsam_WriteBinFile  dl645_icesam.o
    0x00025498   0x00025498   0x00000058   Code   RO          424    i.fnICEsam_WriteBinWithMac  dl645_icesam.o
    0x000254f0   0x000254f0   0x0000000e   Code   RO         3701    i.fnINTRTC_Sleep    xtarget.o
    0x000254fe   0x000254fe   0x00000014   Code   RO         3703    i.fnINTTCAll_Init   xtarget.o
    0x00025512   0x00025512   0x00000002   PAD
    0x00025514   0x00025514   0x000000b8   Code   RO         1744    i.fnJudgeTime_FrzMin  freeze.o
    0x000255cc   0x000255cc   0x00000020   Code   RO         3240    i.fnJudge_Value     mymath.o
    0x000255ec   0x000255ec   0x0000001c   Code   RO         3241    i.fnJudge_Zero      mymath.o
    0x00025608   0x00025608   0x00000020   Code   RO         3101    i.fnKey_Init        key.o
    0x00025628   0x00025628   0x0000030c   Code   RO         3102    i.fnKey_Scan        key.o
    0x00025934   0x00025934   0x00000020   Code   RO         3705    i.fnLVD_Init        xtarget.o
    0x00025954   0x00025954   0x0000009c   Code   RO         2661    i.fnMX25LXX_Buf_Read  at45db642d.o
    0x000259f0   0x000259f0   0x000000b0   Code   RO         2662    i.fnMX25LXX_CheckDat  at45db642d.o
    0x00025aa0   0x00025aa0   0x0000000e   Code   RO         2663    i.fnMX25LXX_Dly     at45db642d.o
    0x00025aae   0x00025aae   0x00000002   PAD
    0x00025ab0   0x00025ab0   0x0000005c   Code   RO         2664    i.fnMX25LXX_Init    at45db642d.o
    0x00025b0c   0x00025b0c   0x000000e0   Code   RO         2665    i.fnMX25LXX_MMPage_Prog_Through_Buf  at45db642d.o
    0x00025bec   0x00025bec   0x00000090   Code   RO         2666    i.fnMX25LXX_MMPage_To_Buf  at45db642d.o
    0x00025c7c   0x00025c7c   0x00000084   Code   RO         2667    i.fnMX25LXX_Read    at45db642d.o
    0x00025d00   0x00025d00   0x00000138   Code   RO         2668    i.fnMX25LXX_SetWritable  at45db642d.o
    0x00025e38   0x00025e38   0x00000070   Code   RO         2669    i.fnMX25LXX_WaitRdy  at45db642d.o
    0x00025ea8   0x00025ea8   0x000000fc   Code   RO         2670    i.fnMX25LXX_Write   at45db642d.o
    0x00025fa4   0x00025fa4   0x0000005c   Code   RO         2672    i.fnMX25LXX_eraseSector  at45db642d.o
    0x00026000   0x00026000   0x0000005c   Code   RO         2957    i.fnMainClock_Get   drive_clock.o
    0x0002605c   0x0002605c   0x0000002c   Code   RO         2958    i.fnMainClock_Init  drive_clock.o
    0x00026088   0x00026088   0x000000b4   Code   RO         2213    i.fnMeasureAverage_PowerCalc  measure.o
    0x0002613c   0x0002613c   0x000000ec   Code   RO         2214    i.fnMeasureHIARMS_Get  measure.o
    0x00026228   0x00026228   0x00000070   Code   RO         2215    i.fnMeasureHPRMS_Get  measure.o
    0x00026298   0x00026298   0x00000118   Code   RO         2216    i.fnMeasureHURMS_Get  measure.o
    0x000263b0   0x000263b0   0x00000002   Code   RO         2217    i.fnMeasure_DMAReadWaveData  measure.o
    0x000263b2   0x000263b2   0x00000002   PAD
    0x000263b4   0x000263b4   0x0000041e   Code   RO         2218    i.fnMeasure_EMUInit  measure.o
    0x000267d2   0x000267d2   0x00000002   PAD
    0x000267d4   0x000267d4   0x00001014   Code   RO         2219    i.fnMeasure_Exec    measure.o
    0x000277e8   0x000277e8   0x000000c4   Code   RO         2220    i.fnMeasure_FirmParaCheck  measure.o
    0x000278ac   0x000278ac   0x00000134   Code   RO         2221    i.fnMeasure_FirmParaInit  measure.o
    0x000279e0   0x000279e0   0x000000d4   Code   RO         2222    i.fnMeasure_Init    measure.o
    0x00027ab4   0x00027ab4   0x00000004   Code   RO         2223    i.fnMeasure_RN8207DTIRM_CommRead  measure.o
    0x00027ab8   0x00027ab8   0x00000002   Code   RO         2224    i.fnMeasure_RN8207DTIRM_CommWrite  measure.o
    0x00027aba   0x00027aba   0x00000002   PAD
    0x00027abc   0x00027abc   0x00000018   Code   RO         2225    i.fnMeasure_TIRM_CommRead  measure.o
    0x00027ad4   0x00027ad4   0x00000034   Code   RO         2226    i.fnMeasure_TIRM_CommWrite  measure.o
    0x00027b08   0x00027b08   0x000003ac   Code   RO         2229    i.fnMeasure_VoltRepairCorrect  measure.o
    0x00027eb4   0x00027eb4   0x00000018   Code   RO         2230    i.fnMeasure_VoltRepair_CommRead  measure.o
    0x00027ecc   0x00027ecc   0x00000230   Code   RO         2231    i.fnMeasure_VoltRepair_Exe  measure.o
    0x000280fc   0x000280fc   0x00000002   Code   RO         2232    i.fnMeasure_WaveColse  measure.o
    0x000280fe   0x000280fe   0x00000002   Code   RO         2234    i.fnMeasure_WaveInit  measure.o
    0x00028100   0x00028100   0x00000128   Code   RO         1885    i.fnMemory_Read     memory.o
    0x00028228   0x00028228   0x00000130   Code   RO         1886    i.fnMemory_Write    memory.o
    0x00028358   0x00028358   0x00000090   Code   RO         3242    i.fnMinAdd          mymath.o
    0x000283e8   0x000283e8   0x0000000a   Code   RO         3243    i.fnMinCount        mymath.o
    0x000283f2   0x000283f2   0x00000002   PAD
    0x000283f4   0x000283f4   0x000004c0   Code   RO         1555    i.fnOpenCoverTailEvent  event.o
    0x000288b4   0x000288b4   0x00000118   Code   RO         3056    i.fnOperateNVRAM    fm24cxx.o
    0x000289cc   0x000289cc   0x00000088   Code   RO         3706    i.fnOperateSocEE    xtarget.o
    0x00028a54   0x00028a54   0x000003ec   Code   RO         1911    i.fnOutput_CheckGataSta  output.o
    0x00028e40   0x00028e40   0x000000a8   Code   RO         1913    i.fnOutput_Init     output.o
    0x00028ee8   0x00028ee8   0x000000ac   Code   RO         2487    i.fnPowerDown_BeforeSleep  power_up_down.o
    0x00028f94   0x00028f94   0x00000058   Code   RO         2489    i.fnPowerDown_Check  power_up_down.o
    0x00028fec   0x00028fec   0x000000d4   Code   RO         2491    i.fnPowerDown_Handle  power_up_down.o
    0x000290c0   0x000290c0   0x000005d4   Code   RO         2492    i.fnPowerDown_IOSetSleep  power_up_down.o
    0x00029694   0x00029694   0x0000002c   Code   RO         2493    i.fnPowerDown_Inactive  power_up_down.o
    0x000296c0   0x000296c0   0x0000009c   Code   RO         2494    i.fnPowerDown_Main  power_up_down.o
    0x0002975c   0x0002975c   0x0000000c   Code   RO         2496    i.fnPowerDown_SetWakeOpIO  power_up_down.o
    0x00029768   0x00029768   0x00000004   Code   RO         2497    i.fnPowerDown_Sleep  power_up_down.o
    0x0002976c   0x0002976c   0x00000030   Code   RO         2498    i.fnPowerDown_SleepSet  power_up_down.o
    0x0002979c   0x0002979c   0x0000000c   Code   RO         2499    i.fnPowerDown_SleepWakeOpIO  power_up_down.o
    0x000297a8   0x000297a8   0x00000010   Code   RO         3707    i.fnPowerOn_DrvieInit  xtarget.o
    0x000297b8   0x000297b8   0x00000080   Code   RO         2500    i.fnPowerUp_AppInit  power_up_down.o
    0x00029838   0x00029838   0x000000a8   Code   RO         2501    i.fnPowerUp_CHKDateTime  power_up_down.o
    0x000298e0   0x000298e0   0x00000048   Code   RO         2502    i.fnPowerUp_Check   power_up_down.o
    0x00029928   0x00029928   0x00000020   Code   RO         2503    i.fnPowerUp_CheckUpCoverSta  power_up_down.o
    0x00029948   0x00029948   0x00000094   Code   RO         2504    i.fnPowerUp_Freeze_Event  power_up_down.o
    0x000299dc   0x000299dc   0x00000160   Code   RO         2505    i.fnPowerUp_Init    power_up_down.o
    0x00029b3c   0x00029b3c   0x000000a4   Code   RO         2506    i.fnPowerUp_RTCParaInit  power_up_down.o
    0x00029be0   0x00029be0   0x0000005c   Code   RO         1952    i.fnPt_Exec         scom.o
    0x00029c3c   0x00029c3c   0x00000008   Code   RO         3708    i.fnRCC_Configuration  xtarget.o
    0x00029c44   0x00029c44   0x0000000c   Code   RO         2959    i.fnRCClock_Init    drive_clock.o
    0x00029c50   0x00029c50   0x000000ac   Code   RO         2235    i.fnRN8302Mode_Init  measure.o
    0x00029cfc   0x00029cfc   0x00000014   Code   RO         4239    i.fnRN8302_ApiRegister  rn7306.o
    0x00029d10   0x00029d10   0x00001574   Code   RO         2237    i.fnRN8302_CorrectionMeter  measure.o
    0x0002b284   0x0002b284   0x0000017c   Code   RO         2238    i.fnRN8302_HSDCMode_Init  measure.o
    0x0002b400   0x0002b400   0x00000054   Code   RO         2239    i.fnRN8302_HSPI_DMAInit  measure.o
    0x0002b454   0x0002b454   0x000000bc   Code   RO         4241    i.fnRN8302_Read     rn7306.o
    0x0002b510   0x0002b510   0x000000f8   Code   RO         2241    i.fnRN8302_TIRM     measure.o
    0x0002b608   0x0002b608   0x00000114   Code   RO         4243    i.fnRN8302_Write    rn7306.o
    0x0002b71c   0x0002b71c   0x00000070   Code   RO         2244    i.fnRN8611_EnergyPulseIO_Init  measure.o
    0x0002b78c   0x0002b78c   0x00000020   Code   RO         3709    i.fnRTCDrive_Delay  xtarget.o
    0x0002b7ac   0x0002b7ac   0x00000002   Code   RO         3710    i.fnRTCDrive_Init   xtarget.o
    0x0002b7ae   0x0002b7ae   0x00000002   PAD
    0x0002b7b0   0x0002b7b0   0x00000070   Code   RO         5993    i.fnRaed_DefaultSecPar  dl698_userdata.o
    0x0002b820   0x0002b820   0x0000002e   Code   RO         5994    i.fnReadAuthOn_Esam  dl698_userdata.o
    0x0002b84e   0x0002b84e   0x00000002   PAD
    0x0002b850   0x0002b850   0x000000ec   Code   RO         5995    i.fnReadConnSize    dl698_userdata.o
    0x0002b93c   0x0002b93c   0x00000078   Code   RO         5996    i.fnReadDlyTime_Esam  dl698_userdata.o
    0x0002b9b4   0x0002b9b4   0x00000044   Code   RO         5997    i.fnReadMeter_Esam  dl698_userdata.o
    0x0002b9f8   0x0002b9f8   0x0000002e   Code   RO         5998    i.fnReadPswVer_Esam  dl698_userdata.o
    0x0002ba26   0x0002ba26   0x00000002   PAD
    0x0002ba28   0x0002ba28   0x00000018   Code   RO         5999    i.fnReadStatus_PrgEnable  dl698_userdata.o
    0x0002ba40   0x0002ba40   0x0000000c   Code   RO         6000    i.fnRead_Broatcast_SafetyType  dl698_userdata.o
    0x0002ba4c   0x0002ba4c   0x00000054   Code   RO         6001    i.fnRead_FormulationSecPar  dl698_userdata.o
    0x0002baa0   0x0002baa0   0x00000030   Code   RO         6002    i.fnRead_SecurtyStatus  dl698_userdata.o
    0x0002bad0   0x0002bad0   0x00000020   Code   RO         6003    i.fnRead_tIRDly     dl698_userdata.o
    0x0002baf0   0x0002baf0   0x0000004a   Code   RO         4355    i.fnRegState_Detect  rn8xxx_common.o
    0x0002bb3a   0x0002bb3a   0x00000002   PAD
    0x0002bb3c   0x0002bb3c   0x000000ac   Code   RO         5655    i.fnReportHandle    dl698al_report.o
    0x0002bbe8   0x0002bbe8   0x000003b4   Code   RO         6004    i.fnReport_EvtData  dl698_userdata.o
    0x0002bf9c   0x0002bf9c   0x00000042   Code   RO         5842    i.fnReport_Process  dl698_dl.o
    0x0002bfde   0x0002bfde   0x00000002   Code   RO          427    i.fnResetClear      dl645_icesam.o
    0x0002bfe0   0x0002bfe0   0x00000002   Code   RO          428    i.fnResetSet        dl645_icesam.o
    0x0002bfe2   0x0002bfe2   0x00000002   PAD
    0x0002bfe4   0x0002bfe4   0x000000a0   Code   RO         2245    i.fnRn8302_HSDCSPI_Init  measure.o
    0x0002c084   0x0002c084   0x00000002   Code   RO         1556    i.fnSavePowerOnEvtStop  event.o
    0x0002c086   0x0002c086   0x00000002   PAD
    0x0002c088   0x0002c088   0x00000040   Code   RO         1953    i.fnScomPk_ChangeBps  scom.o
    0x0002c0c8   0x0002c0c8   0x000001d0   Code   RO         1954    i.fnScomPk_Exec     scom.o
    0x0002c298   0x0002c298   0x000000c4   Code   RO         1955    i.fnScomPk_Init     scom.o
    0x0002c35c   0x0002c35c   0x000000b4   Code   RO         1956    i.fnScomSpi_Init    scom.o
    0x0002c410   0x0002c410   0x000000fc   Code   RO         1957    i.fnScomStartSend   scom.o
    0x0002c50c   0x0002c50c   0x000000bc   Code   RO         1958    i.fnScomUart_Init   scom.o
    0x0002c5c8   0x0002c5c8   0x0000006c   Code   RO         1959    i.fnScom_ReadBps    scom.o
    0x0002c634   0x0002c634   0x00000244   Code   RO         2052    i.fnSecret_Init     secret.o
    0x0002c878   0x0002c878   0x000000dc   Code   RO         2053    i.fnSecret_Verify   secret.o
    0x0002c954   0x0002c954   0x000000ac   Code   RO         5226    i.fnSetCurrTime     dl698_al.o
    0x0002ca00   0x0002ca00   0x000000a0   Code   RO         6339    i.fnSet_ComAddr_UserNo  dl698_userdata_oad2di.o
    0x0002caa0   0x0002caa0   0x00000148   Code   RO         6340    i.fnSet_Control     dl698_userdata_oad2di.o
    0x0002cbe8   0x0002cbe8   0x000002f0   Code   RO         6341    i.fnSet_DateTime    dl698_userdata_oad2di.o
    0x0002ced8   0x0002ced8   0x00000040   Code   RO         6342    i.fnSet_DeviceNo    dl698_userdata_oad2di.o
    0x0002cf18   0x0002cf18   0x00000238   Code   RO         6343    i.fnSet_DevicePara  dl698_userdata_oad2di.o
    0x0002d150   0x0002d150   0x00000330   Code   RO         6344    i.fnSet_DispPara    dl698_userdata_oad2di.o
    0x0002d480   0x0002d480   0x00000460   Code   RO         6345    i.fnSet_EvtPara     dl698_userdata_oad2di.o
    0x0002d8e0   0x0002d8e0   0x000000a0   Code   RO         6346    i.fnSet_Expression  dl698_userdata_oad2di.o
    0x0002d980   0x0002d980   0x0000049c   Code   RO         6347    i.fnSet_FrzPara     dl698_userdata_oad2di.o
    0x0002de1c   0x0002de1c   0x00000144   Code   RO         6348    i.fnSet_HolidayPara  dl698_userdata_oad2di.o
    0x0002df60   0x0002df60   0x00000008   Code   RO         6349    i.fnSet_LCDPara     dl698_userdata_oad2di.o
    0x0002df68   0x0002df68   0x00000050   Code   RO         6351    i.fnSet_LinkPara    dl698_userdata_oad2di.o
    0x0002dfb8   0x0002dfb8   0x0000019e   Code   RO         6352    i.fnSet_MBackUpEnergy  dl698_userdata_oad2di.o
    0x0002e156   0x0002e156   0x000001a4   Code   RO         6353    i.fnSet_MeterPlace  dl698_userdata_oad2di.o
    0x0002e2fa   0x0002e2fa   0x000000de   Code   RO         6354    i.fnSet_Normal      dl698_userdata_oad2di.o
    0x0002e3d8   0x0002e3d8   0x00000138   Code   RO         6355    i.fnSet_POTTable    dl698_userdata_oad2di.o
    0x0002e510   0x0002e510   0x00000224   Code   RO         6356    i.fnSet_Para        dl698_userdata_oad2di.o
    0x0002e734   0x0002e734   0x0000038c   Code   RO         6358    i.fnSet_PhsEventPara  dl698_userdata_oad2di.o
    0x0002eac0   0x0002eac0   0x00000274   Code   RO         6359    i.fnSet_RatePara    dl698_userdata_oad2di.o
    0x0002ed34   0x0002ed34   0x00000150   Code   RO         6360    i.fnSet_RmDate      dl698_userdata_oad2di.o
    0x0002ee84   0x0002ee84   0x000000e8   Code   RO         6361    i.fnSet_SafeModePara  dl698_userdata_oad2di.o
    0x0002ef6c   0x0002ef6c   0x000000d8   Code   RO         6362    i.fnSet_SwitchTime  dl698_userdata_oad2di.o
    0x0002f044   0x0002f044   0x0000006a   Code   RO         6363    i.fnSet_UserNo      dl698_userdata_oad2di.o
    0x0002f0ae   0x0002f0ae   0x00000002   PAD
    0x0002f0b0   0x0002f0b0   0x00000118   Code   RO         6364    i.fnSet_VarPara     dl698_userdata_oad2di.o
    0x0002f1c8   0x0002f1c8   0x0000004c   Code   RO         6365    i.fnSet_WeekendPOT  dl698_userdata_oad2di.o
    0x0002f214   0x0002f214   0x00000054   Code   RO         6366    i.fnSet_WeekendWord  dl698_userdata_oad2di.o
    0x0002f268   0x0002f268   0x000001c8   Code   RO         6367    i.fnSet_ZoneTable   dl698_userdata_oad2di.o
    0x0002f430   0x0002f430   0x0000007e   Code   RO         3711    i.fnSocEE_Read      xtarget.o
    0x0002f4ae   0x0002f4ae   0x0000007e   Code   RO         3712    i.fnSocEE_Write     xtarget.o
    0x0002f52c   0x0002f52c   0x00000120   Code   RO         3713    i.fnSocRegCheck     xtarget.o
    0x0002f64c   0x0002f64c   0x00000030   Code   RO         3714    i.fnSocRegCheckAddAll  xtarget.o
    0x0002f67c   0x0002f67c   0x00000028   Code   RO         3134    i.fnStamp_Through   misc.o
    0x0002f6a4   0x0002f6a4   0x0000000c   Code   RO         2960    i.fnSubClock_Init   drive_clock.o
    0x0002f6b0   0x0002f6b0   0x0000001c   Code   RO         3245    i.fnSum             mymath.o
    0x0002f6cc   0x0002f6cc   0x0000004a   Code   RO         3716    i.fnSysClock_Write  xtarget.o
    0x0002f716   0x0002f716   0x00000062   Code   RO         3717    i.fnSysDateTimes    xtarget.o
    0x0002f778   0x0002f778   0x00000054   Code   RO         3718    i.fnTarget_Init     xtarget.o
    0x0002f7cc   0x0002f7cc   0x00000162   Code   RO         3246    i.fnTwoDateApart_DayCount  mymath.o
    0x0002f92e   0x0002f92e   0x0000005c   Code   RO         3247    i.fnTwoDateApart_MinuteCount  mymath.o
    0x0002f98a   0x0002f98a   0x00000030   Code   RO          825    i.fnTwoDateApart_SecondCount  dl645b_com.o
    0x0002f9ba   0x0002f9ba   0x00000002   PAD
    0x0002f9bc   0x0002f9bc   0x00000248   Code   RO         6369    i.fnUpDate_FrzMinParaOffPos  dl698_userdata_oad2di.o
    0x0002fc04   0x0002fc04   0x00000160   Code   RO         6370    i.fnUpDate_FrzParaOffPos  dl698_userdata_oad2di.o
    0x0002fd64   0x0002fd64   0x00000044   Code   RO         6005    i.fnUpdateAuthOn    dl698_userdata.o
    0x0002fda8   0x0002fda8   0x00000048   Code   RO         6006    i.fnUpdateMeterNo   dl698_userdata.o
    0x0002fdf0   0x0002fdf0   0x000000b0   Code   RO         6007    i.fnUpdatePswSta    dl698_userdata.o
    0x0002fea0   0x0002fea0   0x00000128   Code   RO         1557    i.fnUpdate_RptStatus  event.o
    0x0002ffc8   0x0002ffc8   0x0000000c   Code   RO         3719    i.fnWDT_Restart     xtarget.o
    0x0002ffd4   0x0002ffd4   0x0000013c   Code   RO         2246    i.fnWaveHfrmsSmple  measure.o
    0x00030110   0x00030110   0x00000260   Code   RO         2247    i.fnWaveHsdcSpi_AdcCheck  measure.o
    0x00030370   0x00030370   0x00000064   Code   RO         2248    i.fnWaveHsdcSpi_ToHmonic  measure.o
    0x000303d4   0x000303d4   0x00000030   Code   RO         2249    i.fnWaveSpiOutToExModule  measure.o
    0x00030404   0x00030404   0x0000002c   Code   RO         2250    i.fnWaveSpiOut_Init  measure.o
    0x00030430   0x00030430   0x0000005e   Code   RO         3248    i.fnWeek_Calculate  mymath.o
    0x0003048e   0x0003048e   0x00000002   PAD
    0x00030490   0x00030490   0x00000044   Code   RO         6008    i.fnWriteConnSize   dl698_userdata.o
    0x000304d4   0x000304d4   0x0000000c   Code   RO         6009    i.fnWrite_Broatcast_SafetyType  dl698_userdata.o
    0x000304e0   0x000304e0   0x00000028   Code   RO         1745    i.fnWrite_PowDn_FrzDayTime  freeze.o
    0x00030508   0x00030508   0x00000040   Code   RO         1746    i.fnWrite_PowDn_FrzRmDayTime  freeze.o
    0x00030548   0x00030548   0x00000194   Code   RO         1559    i.fnWrite_PownDownEvtToE2  event.o
    0x000306dc   0x000306dc   0x000001c0   Code   RO         1560    i.fnWrite_PownDownEvtToFlash  event.o
    0x0003089c   0x0003089c   0x000000f0   Code   RO         1851    i.main              main.o
    0x0003098c   0x0003098c   0x00000020   Code   RO         4898    i.rtc_Delay         rn8xxx_rtc.o
    0x000309ac   0x000309ac   0x000000b4   Code   RO         1960    i.scom_update_info  scom.o
    0x00030a60   0x00030a60   0x00000048   Code   RO         7069    i.sqrt              m_ps.l(sqrt.o)
    0x00030aa8   0x00030aa8   0x00000626   Data   RO          826    .constdata          dl645b_com.o
    0x000310ce   0x000310ce   0x00000008   Data   RO         1270    .constdata          dl698_esamop.o
    0x000310d6   0x000310d6   0x00000002   PAD
    0x000310d8   0x000310d8   0x000002a0   Data   RO         1411    .constdata          energy.o
    0x00031378   0x00031378   0x000002e6   Data   RO         1561    .constdata          event.o
    0x0003165e   0x0003165e   0x00000002   PAD
    0x00031660   0x00031660   0x00000098   Data   RO         1747    .constdata          freeze.o
    0x000316f8   0x000316f8   0x0000000b   Data   RO         1961    .constdata          scom.o
    0x00031703   0x00031703   0x00000001   PAD
    0x00031704   0x00031704   0x00000b6c   Data   RO         2128    .constdata          file.o
    0x00032270   0x00032270   0x00000090   Data   RO         2252    .constdata          measure.o
    0x00032300   0x00032300   0x00000010   Data   RO         2639    .constdata          sysconst.o
    0x00032310   0x00032310   0x00000014   Data   RO         2924    .constdata          bsp_relay.o
    0x00032324   0x00032324   0x00000236   Data   RO         3249    .constdata          mymath.o
    0x0003255a   0x0003255a   0x00000002   PAD
    0x0003255c   0x0003255c   0x00000060   Data   RO         3721    .constdata          xtarget.o
    0x000325bc   0x000325bc   0x00000018   Data   RO         4006    .constdata          bsp_spi.o
    0x000325d4   0x000325d4   0x00001798   Data   RO         4575    .constdata          rn8xxx_gpio.o
    0x00033d6c   0x00033d6c   0x00000200   Data   RO         5735    .constdata          dl698_crc.o
    0x00033f6c   0x00033f6c   0x000005cf   Data   RO         5951    .constdata          dl698_icdata.o
    0x0003453b   0x0003453b   0x00000012   Data   RO         6010    .constdata          dl698_userdata.o
    0x0003454d   0x0003454d   0x00000003   PAD
    0x00034550   0x00034550   0x000006d9   Data   RO         6372    .constdata          dl698_userdata_oad2di.o
    0x00034c29   0x00034c29   0x00000010   Data   RO         7016    .constdata          segger_rtt_printf.o
    0x00034c39   0x00034c39   0x00000003   PAD
    0x00034c3c   0x00034c3c   0x00000088   Data   RO         7053    .constdata          rn8xxx_v2_lib.lib(sysctrl.o)
    0x00034cc4   0x00034cc4   0x00000540   Data   RO         7056    .constdata          rn8xxx_v2_lib.lib(sysupdate.o)
    0x00035204   0x00035204   0x00000058   Data   RO         7064    .constdata          rn8xxx_v2_lib.lib(utils.o)
    0x0003525c   0x0003525c   0x0000010f   Data   RO         2253    INROM2              measure.o
    0x0003536b   0x0003536b   0x00000001   PAD
    0x0003536c   0x0003536c   0x00001080   Data   RO         2640    INROM2              sysconst.o
    0x000363ec   0x000363ec   0x00000020   Data   RO         7183    Region$$Table       anon$$obj.o


    Execution Region RW_IRAM1 (Exec base: 0x10000000, Load base: 0x0003640c, Size: 0x0000ffd8, Max: 0x00017800, ABSOLUTE, COMPRESSED[0x00000128])

    Exec Addr    Load Addr    Size         Type   Attr      Idx    E Section Name        Object

    0x10000000   COMPRESSED   0x00000004   Data   RW          827    .data               dl645b_com.o
    0x10000004   COMPRESSED   0x00000014   Data   RW         1810    .data               globals.o
    0x10000018   COMPRESSED   0x00000002   Data   RW         2891    .data               bsp_multifunport.o
    0x1000001a   COMPRESSED   0x00000008   Data   RW         2925    .data               bsp_relay.o
    0x10000022   COMPRESSED   0x00000002   Data   RW         3722    .data               xtarget.o
    0x10000024   COMPRESSED   0x0000000a   Data   RW         3878    .data               drive_allint.o
    0x1000002e   COMPRESSED   0x00000003   Data   RW         4007    .data               bsp_spi.o
    0x10000031   COMPRESSED   0x00000003   Data   RW         4076    .data               bsp_uart.o
    0x10000034   COMPRESSED   0x00000004   Data   RW         4314    .data               system_rn8xxx_v2.o
    0x10000038   COMPRESSED   0x00000004   Data   RW         5538    .data               dl698al_process.o
    0x1000003c   COMPRESSED   0x00000004   Data   RW         5751    .data               dl698_globals.o
    0x10000040   COMPRESSED   0x00000008   Data   RW         5779    .data               dl698_memory.o
    0x10000048   COMPRESSED   0x00000040   Data   RW         5843    .data               dl698_dl.o
    0x10000088   COMPRESSED   0x00000068   Data   RW         5952    .data               dl698_icdata.o
    0x100000f0   COMPRESSED   0x0000010e   Data   RW         6011    .data               dl698_userdata.o
    0x100001fe   COMPRESSED   0x00000002   PAD
    0x10000200   COMPRESSED   0x00000004   Data   RW         7057    .data               rn8xxx_v2_lib.lib(sysupdate.o)
    0x10000204   COMPRESSED   0x00000004   Data   RW         7168    .data               mc_p.l(errno.o)
    0x10000208        -       0x00001b38   Zero   RW         1809    .bss                globals.o
    0x10001d40        -       0x00005e08   Zero   RW         2251    .bss                measure.o
    0x10007b48        -       0x00001000   Zero   RW         2673    .bss                at45db642d.o
    0x10008b48        -       0x00000030   Zero   RW         3001    .bss                fifo.o
    0x10008b78        -       0x00000018   Zero   RW         3103    .bss                key.o
    0x10008b90        -       0x00000060   Zero   RW         3720    .bss                xtarget.o
    0x10008bf0        -       0x000000b4   Zero   RW         4159    .bss                bsp_tmp.o
    0x10008ca4        -       0x00000010   Zero   RW         4244    .bss                rn7306.o
    0x10008cb4        -       0x00002270   Zero   RW         5750    .bss                dl698_globals.o
    0x1000af24        -       0x00002850   Zero   RW         5778    .bss                dl698_memory.o
    0x1000d774        -       0x00000074   Zero   RW         6371    .bss                dl698_userdata_oad2di.o
    0x1000d7e8        -       0x00001b98   Zero   RW         6774    .bss                harmonic.o
    0x1000f380        -       0x000004b8   Zero   RW         6865    .bss                segger_rtt.o
    0x1000f838        -       0x00000020   Zero   RW         7052    .bss                rn8xxx_v2_lib.lib(sysctrl.o)
    0x1000f858        -       0x00000180   Zero   RW         1811    NOINIT              globals.o
    0x1000f9d8        -       0x00000600   Zero   RW         4345    STACK               startup_rn8xxx_v2.o


==============================================================================

Image component sizes


      Code (inc. data)   RO Data    RW Data    ZI Data      Debug   Object Name

      1706         60          0          0       4096       9896   at45db642d.o
      2478        128          0          0          0     141974   bkgrd.o
       400         12          0          0          0       4479   bsp_esam.o
       846         34          0          0          0       4594   bsp_iic.o
        56          4          0          2          0       1541   bsp_multifunport.o
       116          8         20          8          0       1470   bsp_relay.o
       790         52         24          3          0       6222   bsp_spi.o
      1384         90          0          0        180       8099   bsp_tmp.o
       978         40          0          3          0       6168   bsp_uart.o
      2606        120          0          0          0      95416   dl645_icesam.o
     27352       1008       1574          4          0      71003   dl645b_com.o
      1680         72          0          0          0       8512   dl698_al.o
        60         10        512          0          0       1356   dl698_crc.o
      3796        134          0         64          0      12277   dl698_dl.o
      2942        138          8          0          0      14573   dl698_esamop.o
         0          0          0          4       8816        763   dl698_globals.o
         0          0       1487        104          0       3299   dl698_icdata.o
       516         46          0          8      10320       5769   dl698_memory.o
       588         48          0          0          0       2062   dl698_scom.o
      5062        272         18        270          0      33939   dl698_userdata.o
     51214       1268       1753          0        116     110123   dl698_userdata_oad2di.o
      1176         32          0          0          0       4264   dl698al_act.o
      4158        160          0          0          0      11336   dl698al_asn1.o
      1862         36          0          0          0       5699   dl698al_conn.o
      1720         74          0          0          0       7891   dl698al_get.o
      5746        240          0          4          0      20370   dl698al_process.o
       730         26          0          0          0       5548   dl698al_report.o
       864         16          0          0          0       3964   dl698al_set.o
       976        170          0         10          0      11312   drive_allint.o
       160         22          0          0          0       2224   drive_clock.o
      2630        122        672          0          0       9682   energy.o
     11610        410        742          0          0      30061   event.o
       200         18          0          0         48       3930   fifo.o
      1216        138       2924          0          0      60445   file.o
       882          4          0          0          0       5787   fm24cxx.o
      1828         84        152          0          0       6910   freeze.o
       356         22          0         20       7352       4807   globals.o
      2292        162          0          0       7064       7114   harmonic.o
       812         28          0          0         24       2580   key.o
       240         68          0          0          0        595   main.o
     16320        702        415          0      24072      40475   measure.o
       600         34          0          0          0       2137   memory.o
        40          4          0          0          0        574   misc.o
      2580        116        566          0          0      27297   mymath.o
      1172         28          0          0          0       1760   output.o
      3344        200          0          0          0      18159   power_up_down.o
       760         28          0          0         16       6161   rn7306.o
       130          4          0          0          0       1472   rn8xxx_common.o
      2280        118          0          0          0      13795   rn8xxx_dsp.o
      1692         48       6040          0          0       5680   rn8xxx_gpio.o
       356         50          0          0          0       2170   rn8xxx_intc.o
       428         16          0          0          0       2119   rn8xxx_iso7816.o
       144         26          0          0          0        790   rn8xxx_kbi.o
        20          6          0          0          0        491   rn8xxx_lcd.o
       724         88          0          0          0       4155   rn8xxx_lvdcmpsar.o
        80         10          0          0          0       1598   rn8xxx_m2m.o
      1148         84          0          0          0       7942   rn8xxx_rtc.o
       578        126          0          0          0       5579   rn8xxx_spi.o
       368         50          0          0          0       8350   rn8xxx_tc.o
       596         68          0          0          0       4787   rn8xxx_uart.o
      2436        180         11          0          0      10652   scom.o
      2080         78          0          0          0       6155   secret.o
       548         48          0          0       1208       8988   segger_rtt.o
      1194          4         16          0          0       6693   segger_rtt_printf.o
        84          8        192          0       1536       1748   startup_rn8xxx_v2.o
         0          0       4240          0          0       3220   sysconst.o
       118         18          0          4          0       1431   system_rn8xxx_v2.o
      1752         54         96          2         96      14775   xtarget.o

    ----------------------------------------------------------------------
    185698       7572      21508        512      64944     957207   Object Totals
         0          0         32          0          0          0   (incl. Generated)
        98          0         14          2          0          0   (incl. Padding)

    ----------------------------------------------------------------------

      Code (inc. data)   RO Data    RW Data    ZI Data      Debug   Library Member Name

        72          6          0          0          0         76   sqrt.o
        86          0          0          0          0          0   __dczerorl2.o
         0          0          0          0          0          0   entry.o
         0          0          0          0          0          0   entry10a.o
         0          0          0          0          0          0   entry11a.o
         4          0          0          0          0          0   entry12b.o
         8          4          0          0          0          0   entry2.o
         4          0          0          0          0          0   entry5.o
         0          0          0          0          0          0   entry7b.o
         0          0          0          0          0          0   entry8b.o
         8          4          0          0          0          0   entry9a.o
        12          6          0          4          0         60   errno.o
        30          0          0          0          0          0   handlers.o
        40          0          0          0          0         72   idiv.o
        36          8          0          0          0         68   init.o
         0          0          0          0          0          0   iusefp.o
        76          0          0          0          0         76   ldiv.o
        32          0          0          0          0         68   llshl.o
        38          0          0          0          0         68   llsshr.o
        34          0          0          0          0         68   llushr.o
        26          0          0          0          0         72   memcmp.o
        36          0          0          0          0         60   memcpya.o
        36          0          0          0          0        100   memseta.o
        18          0          0          0          0         60   strcpy.o
        44          0          0          0          0         72   uidiv.o
        96          0          0          0          0         84   uldiv.o
        20          0          0          0          0         60   uread4.o
        18          0          0          0          0         60   uwrite4.o
        40          2          0          0          0         68   cdcmple.o
        40          2          0          0          0         68   cdrcmple.o
        20          0          0          0          0         68   cfcmple.o
        20          0          0          0          0         68   cfrcmple.o
        56          0          0          0          0         68   d2f.o
       360          6          0          0          0        140   dadd.o
       240          6          0          0          0         84   ddiv.o
       236          0          0          0          0        216   depilogue.o
        72         10          0          0          0         72   dfixi.o
        60         10          0          0          0         68   dfixui.o
        40          6          0          0          0         68   dflti.o
        28          4          0          0          0         68   dfltui.o
       208          6          0          0          0         88   dmul.o
       162          0          0          0          0         80   dsqrt.o
        40          0          0          0          0         60   f2d.o
       178          0          0          0          0        108   fadd.o
       124          0          0          0          0         72   fdiv.o
       130          0          0          0          0        144   fepilogue.o
        50          0          0          0          0         60   ffixi.o
        40          0          0          0          0         60   ffixui.o
        22          0          0          0          0         68   fflti.o
        14          0          0          0          0         68   ffltui.o
       122          0          0          0          0         72   fmul.o
      1516         84          0          0          0        244   eepromProgram.o
       552         16          0          0          0        296   nvm.o
       388         14          0          0          0        124   rtc.o
      3968        164        136          0         32        600   sysctrl.o
      2584        166       1344          4          0        224   sysupdate.o
      1356         70         88          0          0        380   utils.o

    ----------------------------------------------------------------------
     13446        594       1568          8         32       4928   Library Totals
         6          0          0          0          0          0   (incl. Padding)

    ----------------------------------------------------------------------

      Code (inc. data)   RO Data    RW Data    ZI Data      Debug   Library Name

        72          6          0          0          0         76   m_ps.l
       702         22          0          4          0       1048   mc_p.l
      2302         52          0          0          0       1936   mf_p.l
     10364        514       1568          4         32       1868   rn8xxx_v2_lib.lib

    ----------------------------------------------------------------------
     13446        594       1568          8         32       4928   Library Totals

    ----------------------------------------------------------------------

==============================================================================


      Code (inc. data)   RO Data    RW Data    ZI Data      Debug   

    199144       8166      23076        520      64976     930559   Grand Totals
    199144       8166      23076        296      64976     930559   ELF Image Totals (compressed)
    199144       8166      23076        296          0          0   ROM Totals

==============================================================================

    Total RO  Size (Code + RO Data)               222220 ( 217.01kB)
    Total RW  Size (RW Data + ZI Data)             65496 (  63.96kB)
    Total ROM Size (Code + RO Data + RW Data)     222516 ( 217.30kB)

==============================================================================

