Component: ARM Compiler 5.06 update 7 (build 960) Tool: armlink [4d3601]

==============================================================================

Section Cross References

    bkgrd.o(i.fnBkgrd_ClockBatCalculate) refers to rn8xxx_lvdcmpsar.o(i.Rn8xxx_SarADC_Get) for Rn8xxx_SarADC_Get
    bkgrd.o(i.fnBkgrd_ClockBatCalculate) refers to rn8xxx_rtc.o(i.Rn8xxx_RTC_TempGet) for Rn8xxx_RTC_TempGet
    bkgrd.o(i.fnBkgrd_ClockBatCalculate) refers to idiv.o(.text) for __aeabi_idivmod
    bkgrd.o(i.fnBkgrd_ClockBatCalculate) refers to globals.o(.bss) for Bkgrd
    bkgrd.o(i.fnBkgrd_Day_Exec) refers to file.o(i.fnFile_Write) for fnFile_Write
    bkgrd.o(i.fnBkgrd_Day_Exec) refers to mymath.o(i.Std_Memset) for Std_Memset
    bkgrd.o(i.fnBkgrd_Day_Exec) refers to globals.o(.bss) for Secret
    bkgrd.o(i.fnBkgrd_Day_Exec) refers to globals.o(.data) for SysDatetimes
    bkgrd.o(i.fnBkgrd_Exec) refers to xtarget.o(i.fnWDT_Restart) for fnWDT_Restart
    bkgrd.o(i.fnBkgrd_Exec) refers to xtarget.o(i.fnSysDateTimes) for fnSysDateTimes
    bkgrd.o(i.fnBkgrd_Exec) refers to bkgrd.o(i.fnBkgrd_Second_Exec) for fnBkgrd_Second_Exec
    bkgrd.o(i.fnBkgrd_Exec) refers to bkgrd.o(i.fnBkgrd_Minute_Exec) for fnBkgrd_Minute_Exec
    bkgrd.o(i.fnBkgrd_Exec) refers to bkgrd.o(i.fnBkgrd_Hour_Exec) for fnBkgrd_Hour_Exec
    bkgrd.o(i.fnBkgrd_Exec) refers to bkgrd.o(i.fnBkgrd_Day_Exec) for fnBkgrd_Day_Exec
    bkgrd.o(i.fnBkgrd_Exec) refers to misc.o(i.fnStamp_Through) for fnStamp_Through
    bkgrd.o(i.fnBkgrd_Exec) refers to bsp_esam.o(i.BSP_EASM_GetPower) for BSP_EASM_GetPower
    bkgrd.o(i.fnBkgrd_Exec) refers to dl698_esamop.o(i.fnEsamOp_EsamInit) for fnEsamOp_EsamInit
    bkgrd.o(i.fnBkgrd_Exec) refers to dl698_userdata.o(i.fnUpdateMeterNo) for fnUpdateMeterNo
    bkgrd.o(i.fnBkgrd_Exec) refers to dl698_userdata.o(i.fnUpdatePswSta) for fnUpdatePswSta
    bkgrd.o(i.fnBkgrd_Exec) refers to dl698_userdata.o(i.fnUpdateAuthOn) for fnUpdateAuthOn
    bkgrd.o(i.fnBkgrd_Exec) refers to bkgrd.o(i.fnBkgrd_StatusGenerate) for fnBkgrd_StatusGenerate
    bkgrd.o(i.fnBkgrd_Exec) refers to bkgrd.o(i.fnBkgrd_GetMtConfirmStatus) for fnBkgrd_GetMtConfirmStatus
    bkgrd.o(i.fnBkgrd_Exec) refers to output.o(i.fnOutput_CheckGataSta) for fnOutput_CheckGataSta
    bkgrd.o(i.fnBkgrd_Exec) refers to bkgrd.o(i.fnBkgrd_GetMeasureStatusWd) for fnBkgrd_GetMeasureStatusWd
    bkgrd.o(i.fnBkgrd_Exec) refers to globals.o(.bss) for Bkgrd
    bkgrd.o(i.fnBkgrd_Exec) refers to globals.o(.data) for SysDatetimes
    bkgrd.o(i.fnBkgrd_GetMeasureStatusWd) refers to globals.o(.bss) for MeasureRms
    bkgrd.o(i.fnBkgrd_GetMtConfirmStatus) refers to event.o(i.fnUpdate_RptStatus) for fnUpdate_RptStatus
    bkgrd.o(i.fnBkgrd_GetMtConfirmStatus) refers to event.o(i.fnClr_RptStatus) for fnClr_RptStatus
    bkgrd.o(i.fnBkgrd_GetMtConfirmStatus) refers to uread4.o(.text) for __aeabi_uread4
    bkgrd.o(i.fnBkgrd_GetMtConfirmStatus) refers to globals.o(.bss) for Bkgrd
    bkgrd.o(i.fnBkgrd_GetMtStatusWd) refers to globals.o(.bss) for Bkgrd
    bkgrd.o(i.fnBkgrd_GetMtStatusWd) refers to key.o(.bss) for Key
    bkgrd.o(i.fnBkgrd_Minute_Exec) refers to freeze.o(i.fnJudgeTime_FrzMin) for fnJudgeTime_FrzMin
    bkgrd.o(i.fnBkgrd_Minute_Exec) refers to globals.o(NOINIT) for Energy
    bkgrd.o(i.fnBkgrd_Minute_Exec) refers to globals.o(.data) for SysDatetimes
    bkgrd.o(i.fnBkgrd_Minute_Exec) refers to globals.o(.bss) for EvtRptData
    bkgrd.o(i.fnBkgrd_Second_Exec) refers to bkgrd.o(i.fnBkgrd_TemperIAGain) for fnBkgrd_TemperIAGain
    bkgrd.o(i.fnBkgrd_Second_Exec) refers to bkgrd.o(i.fnBkgrd_ClockBatCalculate) for fnBkgrd_ClockBatCalculate
    bkgrd.o(i.fnBkgrd_Second_Exec) refers to bkgrd.o(i.fnBkgrd_Tnal_Tmper) for fnBkgrd_Tnal_Tmper
    bkgrd.o(i.fnBkgrd_Second_Exec) refers to event.o(i.fnEvent_SumTime) for fnEvent_SumTime
    bkgrd.o(i.fnBkgrd_Second_Exec) refers to secret.o(i.fnCHK_LinkDly) for fnCHK_LinkDly
    bkgrd.o(i.fnBkgrd_Second_Exec) refers to secret.o(i.fnCHK_ESAMDly) for fnCHK_ESAMDly
    bkgrd.o(i.fnBkgrd_Second_Exec) refers to measure.o(i.fnMeasureAverage_PowerCalc) for fnMeasureAverage_PowerCalc
    bkgrd.o(i.fnBkgrd_Second_Exec) refers to globals.o(.bss) for Bkgrd
    bkgrd.o(i.fnBkgrd_StatusGenerate) refers to mymath.o(i.fnCrc_Check) for fnCrc_Check
    bkgrd.o(i.fnBkgrd_StatusGenerate) refers to file.o(i.fnFile_Read) for fnFile_Read
    bkgrd.o(i.fnBkgrd_StatusGenerate) refers to mymath.o(i.Std_Memcpy) for Std_Memcpy
    bkgrd.o(i.fnBkgrd_StatusGenerate) refers to dfltui.o(.text) for __aeabi_ui2d
    bkgrd.o(i.fnBkgrd_StatusGenerate) refers to cdcmple.o(.text) for __aeabi_cdcmple
    bkgrd.o(i.fnBkgrd_StatusGenerate) refers to uread4.o(.text) for __aeabi_uread4
    bkgrd.o(i.fnBkgrd_StatusGenerate) refers to uwrite4.o(.text) for __aeabi_uwrite4
    bkgrd.o(i.fnBkgrd_StatusGenerate) refers to bkgrd.o(i.fnBkgrd_GetMtStatusWd) for fnBkgrd_GetMtStatusWd
    bkgrd.o(i.fnBkgrd_StatusGenerate) refers to event.o(i.fnEvent_GetStatus) for fnEvent_GetStatus
[...]
    0x000031d4   0x000031d4   0x00000038   Code   RO         7144    .text               mf_p.l(d2f.o)
    0x0000320c   0x0000320c   0x00000014   Code   RO         7146    .text               mf_p.l(cfcmple.o)
    0x00003220   0x00003220   0x00000014   Code   RO         7148    .text               mf_p.l(cfrcmple.o)
    0x00003234   0x00003234   0x00000020   Code   RO         7166    .text               mc_p.l(llshl.o)
    0x00003254   0x00003254   0x00000022   Code   RO         7168    .text               mc_p.l(llushr.o)
    0x00003276   0x00003276   0x00000026   Code   RO         7170    .text               mc_p.l(llsshr.o)
    0x0000329c   0x0000329c   0x00000000   Code   RO         7179    .text               mc_p.l(iusefp.o)
    0x0000329c   0x0000329c   0x00000082   Code   RO         7180    .text               mf_p.l(fepilogue.o)
    0x0000331e   0x0000331e   0x000000be   Code   RO         7182    .text               mf_p.l(depilogue.o)
    0x000033dc   0x000033dc   0x000000a2   Code   RO         7186    .text               mf_p.l(dsqrt.o)
    0x0000347e   0x0000347e   0x00000002   PAD
    0x00003480   0x00003480   0x00000024   Code   RO         7188    .text               mc_p.l(init.o)
    0x000034a4   0x000034a4   0x00000056   Code   RO         7198    .text               mc_p.l(__dczerorl2.o)
    0x000034fa   0x000034fa   0x00000014   Code   RO         2760    i.BSP_EASM_GetPower  bsp_esam.o
    0x0000350e   0x0000350e   0x00000002   PAD
    0x00003510   0x00003510   0x0000008c   Code   RO         2761    i.BSP_EsamSpi_Init  bsp_esam.o
    0x0000359c   0x0000359c   0x0000000a   Code   RO         2762    i.BSP_EsamSpi_ReadByte  bsp_esam.o
    0x000035a6   0x000035a6   0x0000000e   Code   RO         2763    i.BSP_EsamSpi_WriteByte  bsp_esam.o
    0x000035b4   0x000035b4   0x00000094   Code   RO         2764    i.BSP_Esam_Stop     bsp_esam.o
    0x00003648   0x00003648   0x0000008c   Code   RO         4005    i.BSP_FlashSpi_Init  bsp_spi.o
    0x000036d4   0x000036d4   0x00000040   Code   RO         4006    i.BSP_FlashSpi_ReadByte  bsp_spi.o
    0x00003714   0x00003714   0x00000066   Code   RO         4007    i.BSP_FlashSpi_Stop  bsp_spi.o
    0x0000377a   0x0000377a   0x00000002   PAD
    0x0000377c   0x0000377c   0x00000048   Code   RO         4008    i.BSP_FlashSpi_WriteByte  bsp_spi.o
    0x000037c4   0x000037c4   0x000000e8   Code   RO         4009    i.BSP_ManageModuleSpi_Init  bsp_spi.o
    0x000038ac   0x000038ac   0x00000038   Code   RO         2896    i.BSP_MultiFunPort_Init  bsp_multifunport.o
    0x000038e4   0x000038e4   0x00000074   Code   RO         2929    i.BSP_RelayInit     bsp_relay.o
    0x00003958   0x00003958   0x00000034   Code   RO         4010    i.BSP_SpiCtrlandDmaRxCheck  bsp_spi.o
    0x0000398c   0x0000398c   0x00000050   Code   RO         4011    i.BSP_SpiId_DMAEnOrDis_Get  bsp_spi.o
    0x000039dc   0x000039dc   0x00000030   Code   RO         4012    i.BSP_SpiId_Get     bsp_spi.o
    0x00003a0c   0x00003a0c   0x0000003a   Code   RO         4073    i.BSP_TxEnDis       bsp_uart.o
    0x00003a46   0x00003a46   0x00000002   PAD
    0x00003a48   0x00003a48   0x00000050   Code   RO         4076    i.BSP_UartId_DMAEnOrDis_Get  bsp_uart.o
    0x00003a98   0x00003a98   0x00000030   Code   RO         4077    i.BSP_UartId_Get    bsp_uart.o
    0x00003ac8   0x00003ac8   0x00000038   Code   RO         4078    i.BSP_Uart_DMAInit  bsp_uart.o
    0x00003b00   0x00003b00   0x00000234   Code   RO         4079    i.BSP_Uart_Init     bsp_uart.o
    0x00003d34   0x00003d34   0x00000064   Code   RO         3865    i.CMP_HANDLER       drive_allint.o
    0x00003d98   0x00003d98   0x0000010e   Code   RO         5976    i.CheckTPeriodValid  dl698_userdata.o
    0x00003ea6   0x00003ea6   0x00000002   PAD
    0x00003ea8   0x00003ea8   0x00000038   Code   RO         4155    i.Conv_temp_CT7538  bsp_tmp.o
    0x00003ee0   0x00003ee0   0x0000000c   Code   RO         3866    i.D2F_HANDLER       drive_allint.o
    0x00003eec   0x00003eec   0x000002f0   Code   RO         5838    i.Dl698_FrameCheck  dl698_dl.o
    0x000041dc   0x000041dc   0x00000028   Code   RO         3058    i.EEprom_Stop       fm24cxx.o
    0x00004204   0x00004204   0x0000001c   Code   RO         3867    i.EXT1_HANDLER      drive_allint.o
    0x00004220   0x00004220   0x0000000c   Code   RO         3868    i.EXT3_HANDLER      drive_allint.o
    0x0000422c   0x0000422c   0x00000014   Code   RO         3869    i.EXT4_HANDLER      drive_allint.o
    0x00004240   0x00004240   0x00000044   Code   RO         3870    i.EXT6_HANDLER      drive_allint.o
    0x00004284   0x00004284   0x0000006c   Code   RO         3871    i.EXT7_HANDLER      drive_allint.o
    0x000042f0   0x000042f0   0x0000001c   Code   RO         3002    i.FIFO_Info         fifo.o
    0x0000430c   0x0000430c   0x00000034   Code   RO         3003    i.FIFO_Init         fifo.o
    0x00004340   0x00004340   0x0000005c   Code   RO         3005    i.FIFO_StartSend    fifo.o
    0x0000439c   0x0000439c   0x0000000c   Code   RO         3872    i.HardFault_Handler  drive_allint.o
    0x000043a8   0x000043a8   0x00000050   Code   RO         2828    i.IIC_FirmMode_ACK  bsp_iic.o
    0x000043f8   0x000043f8   0x00000054   Code   RO         2829    i.IIC_FirmMode_NOACK  bsp_iic.o
    0x0000444c   0x0000444c   0x000000a0   Code   RO         2830    i.IIC_FirmMode_ReceiveByte  bsp_iic.o
    0x000044ec   0x000044ec   0x00000040   Code   RO         2831    i.IIC_FirmMode_Reset  bsp_iic.o
    0x0000452c   0x0000452c   0x000000f0   Code   RO         2832    i.IIC_FirmMode_SendByte  bsp_iic.o
    0x0000461c   0x0000461c   0x00000064   Code   RO         2833    i.IIC_FirmMode_Start  bsp_iic.o
    0x00004680   0x00004680   0x00000054   Code   RO         2834    i.IIC_FirmMode_Stop  bsp_iic.o
    0x000046d4   0x000046d4   0x00000044   Code   RO         4156    i.IIC_Tmp_FirmMode_ACK  bsp_tmp.o
    0x00004718   0x00004718   0x00000048   Code   RO         4157    i.IIC_Tmp_FirmMode_NOACK  bsp_tmp.o
    0x00004760   0x00004760   0x00000098   Code   RO         4158    i.IIC_Tmp_FirmMode_ReceiveByte  bsp_tmp.o
    0x000047f8   0x000047f8   0x000000d0   Code   RO         4160    i.IIC_Tmp_FirmMode_SendByte  bsp_tmp.o
    0x000048c8   0x000048c8   0x00000054   Code   RO         4161    i.IIC_Tmp_FirmMode_Start  bsp_tmp.o
    0x0000491c   0x0000491c   0x00000048   Code   RO         4162    i.IIC_Tmp_FirmMode_Stop  bsp_tmp.o
    0x00004964   0x00004964   0x0000003c   Code   RO         3873    i.ISO78161_HANDLER  drive_allint.o
    0x000049a0   0x000049a0   0x000000cc   Code   RO         4720    i.ISO7816_ReadByte  rn8xxx_iso7816.o
    0x00004a6c   0x00004a6c   0x000000e0   Code   RO         4722    i.ISO7816_WriteByte  rn8xxx_iso7816.o
    0x00004b4c   0x00004b4c   0x0000000c   Code   RO         3874    i.KBI_HANDLER       drive_allint.o
    0x00004b58   0x00004b58   0x00000014   Code   RO         2492    i.NVIC_DisableIRQ   power_up_down.o
    0x00004b6c   0x00004b6c   0x00000014   Code   RO         3703    i.NVIC_DisableIRQ   xtarget.o
    0x00004b80   0x00004b80   0x00000014   Code   RO         2217    i.NVIC_EnableIRQ    measure.o
    0x00004b94   0x00004b94   0x00000014   Code   RO         2493    i.NVIC_EnableIRQ    power_up_down.o
    0x00004ba8   0x00004ba8   0x00000014   Code   RO         4080    i.NVIC_EnableIRQ    bsp_uart.o
    0x00004bbc   0x00004bbc   0x00000014   Code   RO         4833    i.NVIC_EnableIRQ    rn8xxx_lvdcmpsar.o
    0x00004bd0   0x00004bd0   0x00000078   Code   RO         5076    i.NVIC_SetPriority  rn8xxx_tc.o
    0x00004c48   0x00004c48   0x00000038   Code   RO         3875    i.RTC_HANDLER       drive_allint.o
    0x00004c80   0x00004c80   0x0000003c   Code   RO         4242    i.Rn8302Spi_ReadByte  rn7306.o
    0x00004cbc   0x00004cbc   0x00000050   Code   RO         4243    i.Rn8302Spi_WriteByte  rn7306.o
    0x00004d0c   0x00004d0c   0x0000001c   Code   RO         4244    i.Rn8302_SpiCS      rn7306.o
    0x00004d28   0x00004d28   0x0000006c   Code   RO         4245    i.Rn8302_Spi_Init   rn7306.o
    0x00004d94   0x00004d94   0x000000bc   Code   RO         4834    i.Rn8xxx_CMP_Init   rn8xxx_lvdcmpsar.o
    0x00004e50   0x00004e50   0x0000004c   Code   RO         4835    i.Rn8xxx_CMP_Stop   rn8xxx_lvdcmpsar.o
    0x00004e9c   0x00004e9c   0x00000064   Code   RO         4387    i.Rn8xxx_DSP_BitReverse  rn8xxx_dsp.o
    0x00004f00   0x00004f00   0x000000e0   Code   RO         4389    i.Rn8xxx_DSP_CalcThd  rn8xxx_dsp.o
    0x00004fe0   0x00004fe0   0x00000090   Code   RO         4390    i.Rn8xxx_DSP_CalcThdRms  rn8xxx_dsp.o
    0x00005070   0x00005070   0x00000098   Code   RO         4391    i.Rn8xxx_DSP_FFT    rn8xxx_dsp.o
    0x00005108   0x00005108   0x00000084   Code   RO         4393    i.Rn8xxx_DSP_Fp2Int  rn8xxx_dsp.o
    0x0000518c   0x0000518c   0x00000070   Code   RO         4394    i.Rn8xxx_DSP_FpSqrt  rn8xxx_dsp.o
    0x000051fc   0x000051fc   0x00000118   Code   RO         4395    i.Rn8xxx_DSP_HPercent  rn8xxx_dsp.o
    0x00005314   0x00005314   0x00000168   Code   RO         4396    i.Rn8xxx_DSP_HPf    rn8xxx_dsp.o
    0x0000547c   0x0000547c   0x00000020   Code   RO         4399    i.Rn8xxx_DSP_Init   rn8xxx_dsp.o
    0x0000549c   0x0000549c   0x000000d8   Code   RO         4400    i.Rn8xxx_DSP_Int2Fp  rn8xxx_dsp.o
    0x00005574   0x00005574   0x00000184   Code   RO         4405    i.Rn8xxx_DSP_Pw     rn8xxx_dsp.o
    0x000056f8   0x000056f8   0x00000048   Code   RO         4406    i.Rn8xxx_DSP_Sin_Cos  rn8xxx_dsp.o
    0x00005740   0x00005740   0x00000044   Code   RO         4407    i.Rn8xxx_DSP_U16I2Fp  rn8xxx_dsp.o
    0x00005784   0x00005784   0x000002cc   Code   RO         4576    i.Rn8xxx_GPIO_CfgFun  rn8xxx_gpio.o
    0x00005a50   0x00005a50   0x0000029c   Code   RO         4577    i.Rn8xxx_GPIO_CfgIOMode  rn8xxx_gpio.o
    0x00005cec   0x00005cec   0x00000068   Code   RO         4578    i.Rn8xxx_GPIO_CfgPullMode  rn8xxx_gpio.o
    0x00005d54   0x00005d54   0x00000070   Code   RO         4580    i.Rn8xxx_GPIO_ReadPin  rn8xxx_gpio.o
    0x00005dc4   0x00005dc4   0x0000005c   Code   RO         4581    i.Rn8xxx_GPIO_SetPin  rn8xxx_gpio.o
    0x00005e20   0x00005e20   0x000000a0   Code   RO         4685    i.Rn8xxx_INTC_Init  rn8xxx_intc.o
    0x00005ec0   0x00005ec0   0x00000058   Code   RO         4686    i.Rn8xxx_INTC_Stop  rn8xxx_intc.o
    0x00005f18   0x00005f18   0x0000006c   Code   RO         4687    i.Rn8xxx_Intc_IRQ   rn8xxx_intc.o
    0x00005f84   0x00005f84   0x00000090   Code   RO         4758    i.Rn8xxx_KBI_Init   rn8xxx_kbi.o
    0x00006014   0x00006014   0x00000054   Code   RO         4836    i.Rn8xxx_LVD_Init   rn8xxx_lvdcmpsar.o
    0x00006068   0x00006068   0x00000014   Code   RO         4783    i.Rn8xxx_Lcd_Close  rn8xxx_lcd.o
    0x0000607c   0x0000607c   0x00000020   Code   RO         4839    i.Rn8xxx_LvdCmp_STAT  rn8xxx_lvdcmpsar.o
    0x0000609c   0x0000609c   0x00000050   Code   RO         5202    i.Rn8xxx_M2M_Move   rn8xxx_m2m.o
    0x000060ec   0x000060ec   0x00000040   Code   RO         4895    i.Rn8xxx_RTC_Cnt1Init  rn8xxx_rtc.o
    0x0000612c   0x0000612c   0x00000024   Code   RO         4897    i.Rn8xxx_RTC_CtlCheck  rn8xxx_rtc.o
    0x00006150   0x00006150   0x0000006c   Code   RO         4898    i.Rn8xxx_RTC_CtlInit  rn8xxx_rtc.o
    0x000061bc   0x000061bc   0x00000104   Code   RO         4899    i.Rn8xxx_RTC_CurveModeCheck  rn8xxx_rtc.o
    0x000062c0   0x000062c0   0x000000e0   Code   RO         4900    i.Rn8xxx_RTC_CurveModeInit  rn8xxx_rtc.o
    0x000063a0   0x000063a0   0x0000009c   Code   RO         4902    i.Rn8xxx_RTC_Read   rn8xxx_rtc.o
    0x0000643c   0x0000643c   0x00000054   Code   RO         4903    i.Rn8xxx_RTC_TempGet  rn8xxx_rtc.o
    0x00006490   0x00006490   0x000000b8   Code   RO         4904    i.Rn8xxx_RTC_Write  rn8xxx_rtc.o
    0x00006548   0x00006548   0x00000144   Code   RO         4840    i.Rn8xxx_SarADC_Get  rn8xxx_lvdcmpsar.o
    0x0000668c   0x0000668c   0x00000064   Code   RO         4980    i.Rn8xxx_Spi_DMAInit  rn8xxx_spi.o
    0x000066f0   0x000066f0   0x00000050   Code   RO         4981    i.Rn8xxx_Spi_DMATxStar  rn8xxx_spi.o
    0x00006740   0x00006740   0x0000001a   Code   RO         4982    i.Rn8xxx_Spi_DMA_RxInfo  rn8xxx_spi.o
    0x0000675a   0x0000675a   0x00000002   PAD
    0x0000675c   0x0000675c   0x00000030   Code   RO         4984    i.Rn8xxx_Spi_GetRegAddr  rn8xxx_spi.o
    0x0000678c   0x0000678c   0x0000009c   Code   RO         4985    i.Rn8xxx_Spi_Init   rn8xxx_spi.o
    0x00006828   0x00006828   0x00000054   Code   RO         4986    i.Rn8xxx_Spi_ReadByte  rn8xxx_spi.o
    0x0000687c   0x0000687c   0x00000054   Code   RO         4987    i.Rn8xxx_Spi_WriteByte  rn8xxx_spi.o
    0x000068d0   0x000068d0   0x000000a8   Code   RO         5078    i.Rn8xxx_TC_TimeInit  rn8xxx_tc.o
    0x00006978   0x00006978   0x00000050   Code   RO         5079    i.Rn8xxx_TC_TimeStar  rn8xxx_tc.o
    0x000069c8   0x000069c8   0x0000008c   Code   RO         5122    i.Rn8xxx_UART_DMAInit  rn8xxx_uart.o
    0x00006a54   0x00006a54   0x0000001c   Code   RO         5125    i.Rn8xxx_Uart_DMA_RxInfo  rn8xxx_uart.o
    0x00006a70   0x00006a70   0x00000044   Code   RO         5127    i.Rn8xxx_Uart_GetRegAddr  rn8xxx_uart.o
    0x00006ab4   0x00006ab4   0x000000e4   Code   RO         5129    i.Rn8xxx_Uart_Init  rn8xxx_uart.o
    0x00006b98   0x00006b98   0x00000070   Code   RO         5131    i.Rn8xxx_Uart_SttConfig  rn8xxx_uart.o
    0x00006c08   0x00006c08   0x00000014   Code   RO         5132    i.Rn8xxx_Uart_Write  rn8xxx_uart.o
    0x00006c1c   0x00006c1c   0x00000008   Code   RO         6852    i.SEGGER_RTT_Init   segger_rtt.o
    0x00006c24   0x00006c24   0x00000048   Code   RO         6862    i.SEGGER_RTT_Write  segger_rtt.o
    0x00006c6c   0x00006c6c   0x00000084   Code   RO         6863    i.SEGGER_RTT_WriteNoLock  segger_rtt.o
    0x00006cf0   0x00006cf0   0x00000024   Code   RO         7018    i.SEGGER_RTT_printf  segger_rtt_printf.o
    0x00006d14   0x00006d14   0x00000218   Code   RO         7019    i.SEGGER_RTT_vprintf  segger_rtt_printf.o
    0x00006f2c   0x00006f2c   0x00000064   Code   RO         3876    i.SPI1_HANDLER      drive_allint.o
    0x00006f90   0x00006f90   0x00000038   Code   RO         3877    i.SPI_HANDLER       drive_allint.o
    0x00006fc8   0x00006fc8   0x000000a0   Code   RO         1956    i.Scom_ProtocolCheck  scom.o
    0x00007068   0x00007068   0x00000028   Code   RO         3171    i.Std_AsciiStrToHexStr  mymath.o
    0x00007090   0x00007090   0x0000005e   Code   RO         3172    i.Std_AsciiToHex    mymath.o
    0x000070ee   0x000070ee   0x0000002c   Code   RO         3173    i.Std_BitRvsSelf    mymath.o
    0x0000711a   0x0000711a   0x0000000e   Code   RO         3176    i.Std_Lsb16DataGet  mymath.o
    0x00007128   0x00007128   0x00000018   Code   RO         3178    i.Std_Lsb32DataGet  mymath.o
    0x00007140   0x00007140   0x00000014   Code   RO         3179    i.Std_Lsb32DataSet  mymath.o
    0x00007154   0x00007154   0x00000028   Code   RO         3180    i.Std_MemRvs        mymath.o
    0x0000717c   0x0000717c   0x00000020   Code   RO         3181    i.Std_MemRvsSelf    mymath.o
    0x0000719c   0x0000719c   0x0000003a   Code   RO         3182    i.Std_Memcmp        mymath.o
    0x000071d6   0x000071d6   0x0000002c   Code   RO         3183    i.Std_Memcpy        mymath.o
    0x00007202   0x00007202   0x0000001e   Code   RO         3184    i.Std_Memset        mymath.o
    0x00007220   0x00007220   0x0000000e   Code   RO         3185    i.Std_Msb16DataGet  mymath.o
    0x0000722e   0x0000722e   0x00000008   Code   RO         3186    i.Std_Msb16DataSet  mymath.o
    0x00007236   0x00007236   0x00000016   Code   RO         3187    i.Std_Msb32DataGet  mymath.o
    0x0000724c   0x0000724c   0x00000016   Code   RO         3188    i.Std_Msb32DataSet  mymath.o
    0x00007262   0x00007262   0x00000002   PAD
    0x00007264   0x00007264   0x00000074   Code   RO         4319    i.SystemCoreClockUpdate  system_rn8xxx_v2.o
    0x000072d8   0x000072d8   0x00000020   Code   RO         3704    i.SystemDelay       xtarget.o
    0x000072f8   0x000072f8   0x00000038   Code   RO         4361    i.SystemDelayUs     rn8xxx_common.o
    0x00007330   0x00007330   0x00000002   Code   RO         4320    i.SystemInit        system_rn8xxx_v2.o
    0x00007332   0x00007332   0x00000002   PAD
    0x00007334   0x00007334   0x0000004c   Code   RO         3878    i.TC0_HANDLER       drive_allint.o
    0x00007380   0x00007380   0x0000000c   Code   RO         3879    i.TC1_HANDLER       drive_allint.o
    0x0000738c   0x0000738c   0x00000088   Code   RO         3880    i.UART0_HANDLER     drive_allint.o
    0x00007414   0x00007414   0x0000000c   Code   RO         3881    i.UART1_HANDLER     drive_allint.o
    0x00007420   0x00007420   0x0000000c   Code   RO         3882    i.UART3_HANDLER     drive_allint.o
    0x0000742c   0x0000742c   0x0000000c   Code   RO         3883    i.UART4_HANDLER     drive_allint.o
    0x00007438   0x00007438   0x0000000c   Code   RO         3884    i.UART5_HANDLER     drive_allint.o
    0x00007444   0x00007444   0x00000098   Code   RO         4081    i.USART_ITConfig    bsp_uart.o
    0x000074dc   0x000074dc   0x00000070   Code   RO         6867    i._DoInit           segger_rtt.o
    0x0000754c   0x0000754c   0x0000001c   Code   RO         6868    i._GetAvailWriteSpace  segger_rtt.o
    0x00007568   0x00007568   0x0000010e   Code   RO         7020    i._PrintInt         segger_rtt_printf.o
    0x00007676   0x00007676   0x00000002   PAD
    0x00007678   0x00007678   0x0000011c   Code   RO         7021    i._PrintUnsigned    segger_rtt_printf.o
    0x00007794   0x00007794   0x00000044   Code   RO         7022    i._StoreChar        segger_rtt_printf.o
    0x000077d8   0x000077d8   0x0000007a   Code   RO         6870    i._WriteBlocking    segger_rtt.o
    0x00007852   0x00007852   0x0000004a   Code   RO         6871    i._WriteNoCheck     segger_rtt.o
    0x0000789c   0x0000789c   0x0000002e   Code   RO         7184    i.__ARM_clz         mf_p.l(depilogue.o)
    0x000078ca   0x000078ca   0x00000030   Code   RO         6824    i.__ARM_common_ll_muluu  harmonic.o
    0x000078fa   0x000078fa   0x0000001c   Code   RO         1242    i.__ARM_common_switch8  dl645b_com.o
    0x00007916   0x00007916   0x0000000e   Code   RO         7192    i.__scatterload_copy  mc_p.l(handlers.o)
    0x00007924   0x00007924   0x00000002   Code   RO         7193    i.__scatterload_null  mc_p.l(handlers.o)
    0x00007926   0x00007926   0x0000000e   Code   RO         7194    i.__scatterload_zeroinit  mc_p.l(handlers.o)
    0x00007934   0x00007934   0x0000000c   Code   RO         7174    i.__set_errno       mc_p.l(errno.o)
    0x00007940   0x00007940   0x0000003c   Code   RO         5741    i.fcs16             dl698_crc.o
    0x0000797c   0x0000797c   0x0000001c   Code   RO         3007    i.fifo_ClearBuffer  fifo.o
    0x00007998   0x00007998   0x000003a4   Code   RO         6303    i.fnAct_BroatcastTime  dl698_userdata_oad2di.o
    0x00007d3c   0x00007d3c   0x000000b0   Code   RO         6304    i.fnAct_Clear       dl698_userdata_oad2di.o
    0x00007dec   0x00007dec   0x00000006   Code   RO         6305    i.fnAct_DispPara    dl698_userdata_oad2di.o
    0x00007df2   0x00007df2   0x00000002   PAD
    0x00007df4   0x00007df4   0x00000804   Code   RO         6306    i.fnAct_EsamOp      dl698_userdata_oad2di.o
    0x000085f8   0x000085f8   0x000003bc   Code   RO         6307    i.fnAct_EvtPara     dl698_userdata_oad2di.o
    0x000089b4   0x000089b4   0x00000362   Code   RO         6308    i.fnAct_File        dl698_userdata_oad2di.o
    0x00008d16   0x00008d16   0x00000002   PAD
    0x00008d18   0x00008d18   0x00001278   Code   RO         6309    i.fnAct_FrzPara     dl698_userdata_oad2di.o
    0x00009f90   0x00009f90   0x000005c8   Code   RO         6310    i.fnAct_GataOp      dl698_userdata_oad2di.o
    0x0000a558   0x0000a558   0x000000ac   Code   RO         6311    i.fnAct_HalfIrmsPara  dl698_userdata_oad2di.o
    0x0000a604   0x0000a604   0x00000358   Code   RO         6312    i.fnAct_InOut_DevicePara  dl698_userdata_oad2di.o
    0x0000a95c   0x0000a95c   0x000001d4   Code   RO         6313    i.fnAct_Normal      dl698_userdata_oad2di.o
    0x0000ab30   0x0000ab30   0x00000390   Code   RO         6314    i.fnAct_SafeModePara  dl698_userdata_oad2di.o
    0x0000aec0   0x0000aec0   0x0000018c   Code   RO         6315    i.fnAct_VarPara     dl698_userdata_oad2di.o
    0x0000b04c   0x0000b04c   0x000000b4   Code   RO         6316    i.fnAct_WavePara    dl698_userdata_oad2di.o
    0x0000b100   0x0000b100   0x0000002e   Code   RO         3197    i.fnBCD_Check       mymath.o
    0x0000b12e   0x0000b12e   0x00000002   PAD
    0x0000b130   0x0000b130   0x000000cc   Code   RO         2218    i.fnBSP_ExModuleSpi_Init  measure.o
    0x0000b1fc   0x0000b1fc   0x0000002c   Code   RO         3203    i.fnBcdToHex_u16    mymath.o
    0x0000b228   0x0000b228   0x00000064   Code   RO         3204    i.fnBcdToHex_u32    mymath.o
    0x0000b28c   0x0000b28c   0x00000018   Code   RO         3205    i.fnBcdToHex_u8     mymath.o
    0x0000b2a4   0x0000b2a4   0x00000058   Code   RO            3    i.fnBkgrd_ClockBatCalculate  bkgrd.o
    0x0000b2fc   0x0000b2fc   0x0000009c   Code   RO            4    i.fnBkgrd_Day_Exec  bkgrd.o
    0x0000b398   0x0000b398   0x00000254   Code   RO            5    i.fnBkgrd_Exec      bkgrd.o
    0x0000b5ec   0x0000b5ec   0x000000ec   Code   RO            6    i.fnBkgrd_GetMeasureStatusWd  bkgrd.o
    0x0000b6d8   0x0000b6d8   0x000000d8   Code   RO            7    i.fnBkgrd_GetMtConfirmStatus  bkgrd.o
    0x0000b7b0   0x0000b7b0   0x000000fc   Code   RO            8    i.fnBkgrd_GetMtStatusWd  bkgrd.o
    0x0000b8ac   0x0000b8ac   0x00000002   Code   RO            9    i.fnBkgrd_Hour_Exec  bkgrd.o
    0x0000b8ae   0x0000b8ae   0x00000002   PAD
    0x0000b8b0   0x0000b8b0   0x00000044   Code   RO           10    i.fnBkgrd_Minute_Exec  bkgrd.o
    0x0000b8f4   0x0000b8f4   0x00000090   Code   RO           11    i.fnBkgrd_Second_Exec  bkgrd.o
    0x0000b984   0x0000b984   0x000001d4   Code   RO           12    i.fnBkgrd_StatusGenerate  bkgrd.o
    0x0000bb58   0x0000bb58   0x0000003c   Code   RO           13    i.fnBkgrd_TemperIAGain  bkgrd.o
    0x0000bb94   0x0000bb94   0x00000010   Code   RO           14    i.fnBkgrd_Tnal_Tmper  bkgrd.o
    0x0000bba4   0x0000bba4   0x00000084   Code   RO           15    i.fnBkgrd__RTCParaCheck  bkgrd.o
    0x0000bc28   0x0000bc28   0x000000e0   Code   RO         4163    i.fnBsp_CT7538_read_temp  bsp_tmp.o
    0x0000bd08   0x0000bd08   0x000000b4   Code   RO         4164    i.fnBsp_Temp_Ajust  bsp_tmp.o
    0x0000bdbc   0x0000bdbc   0x0000010c   Code   RO         4165    i.fnBsp_Tmp_Init    bsp_tmp.o
    0x0000bec8   0x0000bec8   0x00000080   Code   RO         1809    i.fnBufTemp_Alloc   globals.o
    0x0000bf48   0x0000bf48   0x000000c8   Code   RO         1810    i.fnBufTemp_Free    globals.o
    0x0000c010   0x0000c010   0x0000001c   Code   RO         1811    i.fnBufTemp_Init    globals.o
    0x0000c02c   0x0000c02c   0x00000214   Code   RO         2052    i.fnCHK_ESAMDly     secret.o
    0x0000c240   0x0000c240   0x000000d4   Code   RO         2053    i.fnCHK_LinkDly     secret.o
    0x0000c314   0x0000c314   0x00000038   Code   RO         3206    i.fnCRC16           mymath.o
    0x0000c34c   0x0000c34c   0x0000001a   Code   RO         2219    i.fnCalSum          measure.o
    0x0000c366   0x0000c366   0x00000022   Code   RO         2766    i.fnCardGetByte     bsp_esam.o
    0x0000c388   0x0000c388   0x00000022   Code   RO         2767    i.fnCardSendByte    bsp_esam.o
    0x0000c3aa   0x0000c3aa   0x000000be   Code   RO         3059    i.fnCheckNVRAM      fm24cxx.o
    0x0000c468   0x0000c468   0x00000028   Code   RO         3705    i.fnCheckSocEE      xtarget.o
    0x0000c490   0x0000c490   0x00000098   Code   RO         3209    i.fnCheck_Date_time_s  mymath.o
    0x0000c528   0x0000c528   0x00000038   Code   RO         5977    i.fnCheck_ReportCnt  dl698_userdata.o
    0x0000c560   0x0000c560   0x00000100   Code   RO         1533    i.fnCheck_ReportPara  event.o
    0x0000c660   0x0000c660   0x0000000c   Code   RO         5978    i.fnCheck_RptType   dl698_userdata.o
    0x0000c66c   0x0000c66c   0x00000014   Code   RO         5979    i.fnCheck_nMacErr   dl698_userdata.o
    0x0000c680   0x0000c680   0x0000004c   Code   RO         5980    i.fnChkStatus_tLinkDly  dl698_userdata.o
    0x0000c6cc   0x0000c6cc   0x00000028   Code   RO         5981    i.fnChk_AuthOnStatus  dl698_userdata.o
    0x0000c6f4   0x0000c6f4   0x00000278   Code   RO         1534    i.fnClr_EvtReportData  event.o
    0x0000c96c   0x0000c96c   0x000000d0   Code   RO         1535    i.fnClr_RptStatus   event.o
    0x0000ca3c   0x0000ca3c   0x00000060   Code   RO         1957    i.fnComAddrGet      scom.o
    0x0000ca9c   0x0000ca9c   0x00000048   Code   RO         5982    i.fnCommStatus      dl698_userdata.o
    0x0000cae4   0x0000cae4   0x00000054   Code   RO         5983    i.fnConnDataInit    dl698_userdata.o
    0x0000cb38   0x0000cb38   0x00000054   Code   RO         5984    i.fnConnSizeDefault  dl698_userdata.o
    0x0000cb8c   0x0000cb8c   0x00000048   Code   RO         2054    i.fnConnectDis_SecretClr  secret.o
    0x0000cbd4   0x0000cbd4   0x0000010c   Code   RO         2055    i.fnConnect_Secret  secret.o
    0x0000cce0   0x0000cce0   0x00000036   Code   RO         3210    i.fnCrc_Check       mymath.o
    0x0000cd16   0x0000cd16   0x00000042   Code   RO         3214    i.fnDFCmp_DF20      mymath.o
    0x0000cd58   0x0000cd58   0x00000034   Code   RO         3217    i.fnDFCompData      mymath.o
    0x0000cd8c   0x0000cd8c   0x00000036   Code   RO         5340    i.fnDL698AL_asn1_get_ObjCnt  dl698al_asn1.o
    0x0000cdc2   0x0000cdc2   0x00000044   Code   RO         5341    i.fnDL698AL_asn1_set_ObjCnt  dl698al_asn1.o
    0x0000ce06   0x0000ce06   0x00000026   Code   RO         3236    i.fnDateTimeToMin   mymath.o
    0x0000ce2c   0x0000ce2c   0x00000018   Code   RO         3237    i.fnDateTimeToSec   mymath.o
    0x0000ce44   0x0000ce44   0x000000ac   Code   RO         3239    i.fnDayCount        mymath.o
    0x0000cef0   0x0000cef0   0x00000022   Code   RO         2835    i.fnDelay2us        bsp_iic.o
    0x0000cf12   0x0000cf12   0x00000002   PAD
    0x0000cf14   0x0000cf14   0x00000034   Code   RO         3706    i.fnDelayMs         xtarget.o
    0x0000cf48   0x0000cf48   0x00000098   Code   RO          749    i.fnDl645B_AddrCheck  dl645b_com.o
    0x0000cfe0   0x0000cfe0   0x0000001a   Code   RO          750    i.fnDl645B_ByteCheckBCD  dl645b_com.o
    0x0000cffa   0x0000cffa   0x00000002   PAD
    0x0000cffc   0x0000cffc   0x000000b0   Code   RO          751    i.fnDl645B_Exec     dl645b_com.o
    0x0000d0ac   0x0000d0ac   0x00000024   Code   RO          752    i.fnDl645B_FramCheckBCD  dl645b_com.o
    0x0000d0d0   0x0000d0d0   0x000000f4   Code   RO          753    i.fnDl645B_FrameCheck  dl645b_com.o
    0x0000d1c4   0x0000d1c4   0x00000028   Code   RO          754    i.fnDl645B_Inverse  dl645b_com.o
    0x0000d1ec   0x0000d1ec   0x00000064   Code   RO          755    i.fnDl645B_JudgeClockNoWeek  dl645b_com.o
    0x0000d250   0x0000d250   0x0000002c   Code   RO          757    i.fnDl645B_Modify   dl645b_com.o
    0x0000d27c   0x0000d27c   0x00000116   Code   RO          758    i.fnDl645B_RxAnalyse  dl645b_com.o
    0x0000d392   0x0000d392   0x00000002   PAD
    0x0000d394   0x0000d394   0x00000248   Code   RO          759    i.fnDl645B_Unpack01  dl645b_com.o
    0x0000d5dc   0x0000d5dc   0x00000068   Code   RO          760    i.fnDl645B_Unpack03  dl645b_com.o
    0x0000d644   0x0000d644   0x00000214   Code   RO          761    i.fnDl645B_Unpack04  dl645b_com.o
    0x0000d858   0x0000d858   0x00000254   Code   RO          762    i.fnDl645B_Unpack08  dl645b_com.o
    0x0000daac   0x0000daac   0x000002b0   Code   RO          763    i.fnDl645B_Unpack11  dl645b_com.o
    0x0000dd5c   0x0000dd5c   0x000002a4   Code   RO          764    i.fnDl645B_Unpack12  dl645b_com.o
    0x0000e000   0x0000e000   0x0000005c   Code   RO          765    i.fnDl645B_Unpack13  dl645b_com.o
    0x0000e05c   0x0000e05c   0x00000068   Code   RO          766    i.fnDl645B_Unpack14  dl645b_com.o
    0x0000e0c4   0x0000e0c4   0x00000130   Code   RO          767    i.fnDl645B_Unpack16  dl645b_com.o
    0x0000e1f4   0x0000e1f4   0x000000fc   Code   RO          768    i.fnDl645B_Unpack17  dl645b_com.o
    0x0000e2f0   0x0000e2f0   0x0000000c   Code   RO          769    i.fnDl645B_Unpack19  dl645b_com.o
    0x0000e2fc   0x0000e2fc   0x0000000c   Code   RO          770    i.fnDl645B_Unpack1A  dl645b_com.o
    0x0000e308   0x0000e308   0x0000000c   Code   RO          771    i.fnDl645B_Unpack1B  dl645b_com.o
    0x0000e314   0x0000e314   0x0000068c   Code   RO          772    i.fnDl645B_Unpack1C  dl645b_com.o
    0x0000e9a0   0x0000e9a0   0x00000138   Code   RO          773    i.fnDl645B_Unpack1D  dl645b_com.o
    0x0000ead8   0x0000ead8   0x00000084   Code   RO          774    i.fnDl645B_Unpack1E  dl645b_com.o
    0x0000eb5c   0x0000eb5c   0x0000010c   Code   RO          775    i.fnDl645B_Unpack1F  dl645b_com.o
    0x0000ec68   0x0000ec68   0x00000002   Code   RO         1536    i.fnDl645Event_Operation  event.o
    0x0000ec6a   0x0000ec6a   0x00000002   Code   RO          776    i.fnDl645_CmpFrzTime  dl645b_com.o
    0x0000ec6c   0x0000ec6c   0x00000108   Code   RO          777    i.fnDl645_ControlPackErr  dl645b_com.o
    0x0000ed74   0x0000ed74   0x00000030   Code   RO          780    i.fnDl645_FindRmEgSh  dl645b_com.o
    0x0000eda4   0x0000eda4   0x0000000c   Code   RO          781    i.fnDl645_GetAInSwimEv  dl645b_com.o
    0x0000edb0   0x0000edb0   0x0000000c   Code   RO          784    i.fnDl645_GetCurEv  dl645b_com.o
    0x0000edbc   0x0000edbc   0x000000cc   Code   RO          787    i.fnDl645_GetEv     dl645b_com.o
    0x0000ee88   0x0000ee88   0x0000000a   Code   RO          789    i.fnDl645_GetGateOffEv  dl645b_com.o
    0x0000ee92   0x0000ee92   0x0000000a   Code   RO          790    i.fnDl645_GetGateOnEv  dl645b_com.o
    0x0000ee9c   0x0000ee9c   0x0000000c   Code   RO          791    i.fnDl645_GetInPhaEv  dl645b_com.o
    0x0000eea8   0x0000eea8   0x00000008   Code   RO          792    i.fnDl645_GetLossAuxEv  dl645b_com.o
    0x0000eeb0   0x0000eeb0   0x000001b0   Code   RO          793    i.fnDl645_GetMiscEv  dl645b_com.o
    0x0000f060   0x0000f060   0x00000030   Code   RO          794    i.fnDl645_GetMiscEvItemLen  dl645b_com.o
    0x0000f090   0x0000f090   0x0000000a   Code   RO          795    i.fnDl645_GetMiscItem  dl645b_com.o
    0x0000f09a   0x0000f09a   0x0000000a   Code   RO          796    i.fnDl645_GetOtherEv  dl645b_com.o
    0x0000f0a4   0x0000f0a4   0x00000008   Code   RO          799    i.fnDl645_GetOverNeedEv  dl645b_com.o
    0x0000f0ac   0x0000f0ac   0x0000000c   Code   RO          800    i.fnDl645_GetOverPfEv  dl645b_com.o
    0x0000f0b8   0x0000f0b8   0x000006b8   Code   RO          801    i.fnDl645_GetParaVar  dl645b_com.o
    0x0000f770   0x0000f770   0x00000008   Code   RO          802    i.fnDl645_GetPowDnEv  dl645b_com.o
    0x0000f778   0x0000f778   0x00000008   Code   RO          803    i.fnDl645_GetQLossVolEv  dl645b_com.o
    0x0000f780   0x0000f780   0x000004dc   Code   RO          804    i.fnDl645_GetRmEgSh  dl645b_com.o
    0x0000fc5c   0x0000fc5c   0x000000f4   Code   RO          805    i.fnDl645_GetRmEgShItem  dl645b_com.o
    0x0000fd50   0x0000fd50   0x00000048   Code   RO          806    i.fnDl645_GetRmEgShItemLen  dl645b_com.o
    0x0000fd98   0x0000fd98   0x0000000c   Code   RO          807    i.fnDl645_GetRmNeed  dl645b_com.o
    0x0000fda4   0x0000fda4   0x00000050   Code   RO          808    i.fnDl645_GetSocMemory  dl645b_com.o
    0x0000fdf4   0x0000fdf4   0x000000d8   Code   RO          809    i.fnDl645_GetStat   dl645b_com.o
    0x0000fecc   0x0000fecc   0x0000000a   Code   RO          810    i.fnDl645_GetStatItem  dl645b_com.o
    0x0000fed6   0x0000fed6   0x0000000c   Code   RO          811    i.fnDl645_GetUnblEv  dl645b_com.o
    0x0000fee2   0x0000fee2   0x00000002   PAD
    0x0000fee4   0x0000fee4   0x00000664   Code   RO          812    i.fnDl645_GetVar    dl645b_com.o
    0x00010548   0x00010548   0x0000000c   Code   RO          813    i.fnDl645_GetVolEv  dl645b_com.o
    0x00010554   0x00010554   0x0000000c   Code   RO          814    i.fnDl645_GetWaveEv  dl645b_com.o
    0x00010560   0x00010560   0x000000b4   Code   RO          816    i.fnDl645_PackErr   dl645b_com.o
    0x00010614   0x00010614   0x00000080   Code   RO          817    i.fnDl645_PackFeatureData  dl645b_com.o
    0x00010694   0x00010694   0x00000090   Code   RO          818    i.fnDl645_PackNoDI  dl645b_com.o
    0x00010724   0x00010724   0x000000e0   Code   RO          819    i.fnDl645_PackOk    dl645b_com.o
    0x00010804   0x00010804   0x000000d8   Code   RO          820    i.fnDl645_PackSeq   dl645b_com.o
    0x000108dc   0x000108dc   0x000001c8   Code   RO         1958    i.fnDl645_Process   scom.o
    0x00010aa4   0x00010aa4   0x00001b18   Code   RO          821    i.fnDl645_PutParaVar  dl645b_com.o
    0x000125bc   0x000125bc   0x000004e0   Code   RO          822    i.fnDl645_PutParaVarWithDecipher  dl645b_com.o
    0x00012a9c   0x00012a9c   0x000001b0   Code   RO          823    i.fnDl645_PutParaVarWithMac  dl645b_com.o
    0x00012c4c   0x00012c4c   0x00000008   Code   RO          824    i.fnDl645_ReadCurve  dl645b_com.o
    0x00012c54   0x00012c54   0x00000008   Code   RO          825    i.fnDl645_ReadProfile  dl645b_com.o
    0x00012c5c   0x00012c5c   0x00000e90   Code   RO          826    i.fnDl645_SafetyCertification  dl645b_com.o
    0x00013aec   0x00013aec   0x000000b8   Code   RO          827    i.fnDl645_SafetyPackErr  dl645b_com.o
    0x00013ba4   0x00013ba4   0x000002c0   Code   RO         5300    i.fnDl698AL_ActReqHandle  dl698al_act.o
    0x00013e64   0x00013e64   0x0000014c   Code   RO         5526    i.fnDl698AL_Brk_Asso  dl698al_process.o
    0x00013fb0   0x00013fb0   0x00000150   Code   RO         5301    i.fnDl698AL_BuildActRsp  dl698al_act.o
    0x00014100   0x00014100   0x000000e4   Code   RO         5527    i.fnDl698AL_BuildERRRsp  dl698al_process.o
    0x000141e4   0x000141e4   0x00000194   Code   RO         5476    i.fnDl698AL_BuildGetRsp  dl698al_get.o
    0x00014378   0x00014378   0x00000094   Code   RO         5528    i.fnDl698AL_BuildRsp  dl698al_process.o
    0x0001440c   0x0001440c   0x0000014c   Code   RO         5712    i.fnDl698AL_BuildSetRsp  dl698al_set.o
    0x00014558   0x00014558   0x00000068   Code   RO         5529    i.fnDl698AL_Check_AddrType  dl698al_process.o
    0x000145c0   0x000145c0   0x000001d8   Code   RO         5530    i.fnDl698AL_Check_ApduSec  dl698al_process.o
    0x00014798   0x00014798   0x00000114   Code   RO         5225    i.fnDl698AL_Check_Auth  dl698_al.o
    0x000148ac   0x000148ac   0x00000058   Code   RO         5531    i.fnDl698AL_Check_OIList  dl698al_process.o
    0x00014904   0x00014904   0x000000e0   Code   RO         5532    i.fnDl698AL_Check_OMDSec  dl698al_process.o
    0x000149e4   0x000149e4   0x00000358   Code   RO         5342    i.fnDl698AL_Check_TimeTag  dl698al_asn1.o
    0x00014d3c   0x00014d3c   0x00000006   Code   RO         5656    i.fnDl698AL_ChkAl_Idle  dl698al_report.o
    0x00014d42   0x00014d42   0x00000006   Code   RO         5657    i.fnDl698AL_ChkDl_Idle  dl698al_report.o
    0x00014d48   0x00014d48   0x000002a8   Code   RO         5416    i.fnDl698AL_ConnHandle  dl698al_conn.o
    0x00014ff0   0x00014ff0   0x0000029c   Code   RO         5417    i.fnDl698AL_ConnRes  dl698al_conn.o
    0x0001528c   0x0001528c   0x00000092   Code   RO         5419    i.fnDl698AL_Decode_Conformance  dl698al_conn.o
    0x0001531e   0x0001531e   0x00000002   PAD
    0x00015320   0x00015320   0x000000cc   Code   RO         5226    i.fnDl698AL_Decode_TimeTag  dl698_al.o
    0x000153ec   0x000153ec   0x00000048   Code   RO         5227    i.fnDl698AL_DelayHandle  dl698_al.o
    0x00015434   0x00015434   0x0000005c   Code   RO         5985    i.fnDl698AL_EvtNotify  dl698_userdata.o
    0x00015490   0x00015490   0x00000046   Code   RO         5228    i.fnDl698AL_FlwRptPkg  dl698_al.o
    0x000154d6   0x000154d6   0x00000002   PAD
    0x000154d8   0x000154d8   0x0000035c   Code   RO         5533    i.fnDl698AL_Gen_SecRsp  dl698al_process.o
    0x00015834   0x00015834   0x000000cc   Code   RO         5343    i.fnDl698AL_GetArrayData_Len  dl698al_asn1.o
    0x00015900   0x00015900   0x00000062   Code   RO         5229    i.fnDl698AL_GetCurrTime  dl698_al.o
    0x00015962   0x00015962   0x00000002   PAD
    0x00015964   0x00015964   0x00000350   Code   RO         5344    i.fnDl698AL_GetData_Len  dl698al_asn1.o
    0x00015cb4   0x00015cb4   0x0000016c   Code   RO         5477    i.fnDl698AL_GetReqHandle  dl698al_get.o
    0x00015e20   0x00015e20   0x00000338   Code   RO         5345    i.fnDl698AL_GetSimpleData_Len  dl698al_asn1.o
    0x00016158   0x00016158   0x00000090   Code   RO         5534    i.fnDl698AL_Get_OIOpSec  dl698al_process.o
    0x000161e8   0x000161e8   0x00000024   Code   RO         5535    i.fnDl698AL_Get_OISec  dl698al_process.o
    0x0001620c   0x0001620c   0x00000408   Code   RO         5536    i.fnDl698AL_Handle  dl698al_process.o
    0x00016614   0x00016614   0x00000018   Code   RO         5537    i.fnDl698AL_Init    dl698al_process.o
    0x0001662c   0x0001662c   0x0000002c   Code   RO         5538    i.fnDl698AL_Process  dl698al_process.o
    0x00016658   0x00016658   0x0000011c   Code   RO         5539    i.fnDl698AL_Rd_SendData  dl698al_process.o
    0x00016774   0x00016774   0x00000114   Code   RO         5540    i.fnDl698AL_Resport_SecRsp  dl698al_process.o
    0x00016888   0x00016888   0x00000170   Code   RO         5422    i.fnDl698AL_RlsHandle  dl698al_conn.o
    0x000169f8   0x000169f8   0x000001a8   Code   RO         5658    i.fnDl698AL_RptNotiHandle  dl698al_report.o
    0x00016ba0   0x00016ba0   0x00000060   Code   RO         5660    i.fnDl698AL_RptRspHandle  dl698al_report.o
    0x00016c00   0x00016c00   0x00000016   Code   RO         5541    i.fnDl698AL_SecParse_Rn  dl698al_process.o
    0x00016c16   0x00016c16   0x00000002   PAD
    0x00016c18   0x00016c18   0x0000022c   Code   RO         5542    i.fnDl698AL_SecReq_Handle  dl698al_process.o
    0x00016e44   0x00016e44   0x000001d4   Code   RO         5713    i.fnDl698AL_SetReqHandle  dl698al_set.o
    0x00017018   0x00017018   0x00000100   Code   RO         5478    i.fnDl698AL_ThenGetReqHandle  dl698al_get.o
    0x00017118   0x00017118   0x00000098   Code   RO         5230    i.fnDl698AL_TimeTagPkg  dl698_al.o
    0x000171b0   0x000171b0   0x0000003c   Code   RO         5231    i.fnDl698AL_TimeTag_Handle  dl698_al.o
    0x000171ec   0x000171ec   0x00000240   Code   RO         5232    i.fnDl698AL_TimeTag_Valid  dl698_al.o
    0x0001742c   0x0001742c   0x000001a4   Code   RO         5543    i.fnDl698AL_Wr_RecvData  dl698al_process.o
    0x000175d0   0x000175d0   0x00000100   Code   RO         5839    i.fnDl698DL_AddrCheck  dl698_dl.o
    0x000176d0   0x000176d0   0x00000444   Code   RO         5840    i.fnDl698DL_ApduInfoHandle  dl698_dl.o
    0x00017b14   0x00017b14   0x00000118   Code   RO         5841    i.fnDl698DL_EncodePkt  dl698_dl.o
    0x00017c2c   0x00017c2c   0x000000c4   Code   RO         5842    i.fnDl698DL_Generate_Ack_Frame  dl698_dl.o
    0x00017cf0   0x00017cf0   0x000001ec   Code   RO         5843    i.fnDl698DL_Generate_I_Frame  dl698_dl.o
    0x00017edc   0x00017edc   0x000000a8   Code   RO         5844    i.fnDl698DL_Init    dl698_dl.o
    0x00017f84   0x00017f84   0x00000016   Code   RO         5845    i.fnDl698DL_Recv    dl698_dl.o
    0x00017f9a   0x00017f9a   0x00000002   PAD
    0x00017f9c   0x00017f9c   0x00000144   Code   RO         5846    i.fnDl698DL_Send    dl698_dl.o
    0x000180e0   0x000180e0   0x00000110   Code   RO         5931    i.fnDl698Scom_TimeOutCheck  dl698_scom.o
    0x000181f0   0x000181f0   0x0000013c   Code   RO         5932    i.fnDl698Scom_Tx    dl698_scom.o
    0x0001832c   0x0001832c   0x00000088   Code   RO         5302    i.fnDl698_AL_Act_Of_IC  dl698al_act.o
    0x000183b4   0x000183b4   0x00000184   Code   RO         5479    i.fnDl698_AL_Get_Of_IC  dl698al_get.o
    0x00018538   0x00018538   0x00000040   Code   RO         5714    i.fnDl698_AL_Set_Of_IC  dl698al_set.o
    0x00018578   0x00018578   0x00000048   Code   RO         5986    i.fnDl698_ActMeth   dl698_userdata.o
    0x000185c0   0x000185c0   0x0000009c   Code   RO         5778    i.fnDl698_Buffer_Alloc  dl698_memory.o
    0x0001865c   0x0001865c   0x000000e4   Code   RO         5779    i.fnDl698_Buffer_Free  dl698_memory.o
    0x00018740   0x00018740   0x00000030   Code   RO         5780    i.fnDl698_Buffer_Init  dl698_memory.o
    0x00018770   0x00018770   0x000001cc   Code   RO         5987    i.fnDl698_FlwRptValue  dl698_userdata.o
    0x0001893c   0x0001893c   0x00000006   Code   RO         5988    i.fnDl698_GetFlwRptFlag  dl698_userdata.o
    0x00018942   0x00018942   0x00000002   PAD
    0x00018944   0x00018944   0x00000048   Code   RO         5480    i.fnDl698_GetLogicalName  dl698al_get.o
    0x0001898c   0x0001898c   0x0000007e   Code   RO         5989    i.fnDl698_GetNormalValue  dl698_userdata.o
    0x00018a0a   0x00018a0a   0x000000a8   Code   RO         5991    i.fnDl698_GetRecordValue  dl698_userdata.o
    0x00018ab2   0x00018ab2   0x00000002   PAD
    0x00018ab4   0x00018ab4   0x000000ec   Code   RO         5481    i.fnDl698_GetUnitScaler  dl698al_get.o
    0x00018ba0   0x00018ba0   0x0000004a   Code   RO         5992    i.fnDl698_GetValue  dl698_userdata.o
    0x00018bea   0x00018bea   0x00000002   PAD
    0x00018bec   0x00018bec   0x0000007c   Code   RO         5847    i.fnDl698_Init      dl698_dl.o
    0x00018c68   0x00018c68   0x00000018   Code   RO         5848    i.fnDl698_Process   dl698_dl.o
    0x00018c80   0x00018c80   0x00000120   Code   RO         5993    i.fnDl698_ReportValue  dl698_userdata.o
    0x00018da0   0x00018da0   0x0000001a   Code   RO         5661    i.fnDl698_RptRspValue  dl698al_report.o
    0x00018dba   0x00018dba   0x00000002   PAD
    0x00018dbc   0x00018dbc   0x00000078   Code   RO         5994    i.fnDl698_SafetyCertiHandle  dl698_userdata.o
    0x00018e34   0x00018e34   0x000001c4   Code   RO         5544    i.fnDl698_Serv_Init  dl698al_process.o
    0x00018ff8   0x00018ff8   0x00000042   Code   RO         5995    i.fnDl698_SetValue  dl698_userdata.o
    0x0001903a   0x0001903a   0x0000038c   Code   RO         5346    i.fnDl698_asn1_build_Type  dl698al_asn1.o
    0x000193c6   0x000193c6   0x00000026   Code   RO         5781    i.fnDl698_memcmp    dl698_memory.o
    0x000193ec   0x000193ec   0x0000001a   Code   RO         5783    i.fnDl698_memcpy    dl698_memory.o
    0x00019406   0x00019406   0x00000014   Code   RO         5784    i.fnDl698_memset    dl698_memory.o
    0x0001941a   0x0001941a   0x00000002   PAD
    0x0001941c   0x0001941c   0x000000e8   Code   RO         1396    i.fnEnergy_CRCCheck  energy.o
    0x00019504   0x00019504   0x000000a0   Code   RO         1397    i.fnEnergy_Change   energy.o
    0x000195a4   0x000195a4   0x00000128   Code   RO         1398    i.fnEnergy_DataInit  energy.o
    0x000196cc   0x000196cc   0x0000004e   Code   RO         1399    i.fnEnergy_EgAdd    energy.o
    0x0001971a   0x0001971a   0x00000002   PAD
    0x0001971c   0x0001971c   0x00000180   Code   RO         1400    i.fnEnergy_Exec     energy.o
    0x0001989c   0x0001989c   0x00000044   Code   RO         1402    i.fnEnergy_Mantissa  energy.o
    0x000198e0   0x000198e0   0x000000b0   Code   RO         1407    i.fnEnergy_PluseParaInit  energy.o
    0x00019990   0x00019990   0x0000045c   Code   RO         1412    i.fnEnergy_PulseCalc  energy.o
    0x00019dec   0x00019dec   0x00000078   Code   RO         1413    i.fnEnergy_WriteToE2  energy.o
    0x00019e64   0x00019e64   0x0000025c   Code   RO         1252    i.fnEsamOp_CardTxRxFrame  dl698_esamop.o
    0x0001a0c0   0x0001a0c0   0x000000e0   Code   RO         1254    i.fnEsamOp_CreatConnect  dl698_esamop.o
    0x0001a1a0   0x0001a1a0   0x00000060   Code   RO         1256    i.fnEsamOp_DataToCipherWithMac  dl698_esamop.o
    0x0001a200   0x0001a200   0x00000040   Code   RO         1257    i.fnEsamOp_EsamInit  dl698_esamop.o
    0x0001a240   0x0001a240   0x0000022a   Code   RO         1258    i.fnEsamOp_GetSendToEsamFrame  dl698_esamop.o
    0x0001a46a   0x0001a46a   0x00000002   PAD
    0x0001a46c   0x0001a46c   0x00000084   Code   RO         1259    i.fnEsamOp_Get_PlainDataMac  dl698_esamop.o
    0x0001a4f0   0x0001a4f0   0x00000068   Code   RO         1260    i.fnEsamOp_Get_PlainData_RN_Mac  dl698_esamop.o
    0x0001a558   0x0001a558   0x00000048   Code   RO         1262    i.fnEsamOp_ReadEsam_Info  dl698_esamop.o
    0x0001a5a0   0x0001a5a0   0x00000058   Code   RO         1263    i.fnEsamOp_ReadEsam_SafeNameList  dl698_esamop.o
    0x0001a5f8   0x0001a5f8   0x000000d4   Code   RO         1265    i.fnEsamOp_Reset    dl698_esamop.o
    0x0001a6cc   0x0001a6cc   0x0000001c   Code   RO         1267    i.fnEsamOp_RxTxCommhead  dl698_esamop.o
    0x0001a6e8   0x0001a6e8   0x000000f8   Code   RO         1268    i.fnEsamOp_TrmDataToCipherWithMac  dl698_esamop.o
    0x0001a7e0   0x0001a7e0   0x0000008c   Code   RO         1269    i.fnEsamOp_Tx_Esam  dl698_esamop.o
    0x0001a86c   0x0001a86c   0x00000084   Code   RO         1270    i.fnEsam_In_Auth    dl698_esamop.o
    0x0001a8f0   0x0001a8f0   0x00000088   Code   RO         1271    i.fnEsam_Out_Auth   dl698_esamop.o
    0x0001a978   0x0001a978   0x0000006c   Code   RO         1272    i.fnEsam_Random     dl698_esamop.o
    0x0001a9e4   0x0001a9e4   0x0000001a   Code   RO         1537    i.fnEvent_Clr_BroadstaSta  event.o
    0x0001a9fe   0x0001a9fe   0x00000002   PAD
    0x0001aa00   0x0001aa00   0x00000020   Code   RO         1538    i.fnEvent_Clr_PowDnDatetimes  event.o
    0x0001aa20   0x0001aa20   0x00000026   Code   RO         1539    i.fnEvent_Clr_PrgQSta  event.o
    0x0001aa46   0x0001aa46   0x00000002   PAD
    0x0001aa48   0x0001aa48   0x00000258   Code   RO         1540    i.fnEvent_Clr_Status  event.o
    0x0001aca0   0x0001aca0   0x000001c0   Code   RO         1541    i.fnEvent_EvtClr    event.o
    0x0001ae60   0x0001ae60   0x00000010   Code   RO         1542    i.fnEvent_Exec      event.o
    0x0001ae70   0x0001ae70   0x00000030   Code   RO         1543    i.fnEvent_GetStatus  event.o
    0x0001aea0   0x0001aea0   0x00000078   Code   RO         1544    i.fnEvent_Init      event.o
    0x0001af18   0x0001af18   0x000001ec   Code   RO         1545    i.fnEvent_OpExec    event.o
    0x0001b104   0x0001b104   0x000004c0   Code   RO         1546    i.fnEvent_Operation  event.o
    0x0001b5c4   0x0001b5c4   0x0000052c   Code   RO         1547    i.fnEvent_Report    event.o
    0x0001baf0   0x0001baf0   0x00000090   Code   RO         1548    i.fnEvent_SumTime   event.o
    0x0001bb80   0x0001bb80   0x000000c4   Code   RO         1549    i.fnEvent_WriteSumTime  event.o
    0x0001bc44   0x0001bc44   0x00000508   Code   RO         1550    i.fnEvent_nphsEvt_Exec  event.o
    0x0001c14c   0x0001c14c   0x0000004c   Code   RO         2127    i.fnEvtClistDefault_Write  file.o
    0x0001c198   0x0001c198   0x000001e4   Code   RO         1551    i.fnEvtCoverTail_PowerOn  event.o
    0x0001c37c   0x0001c37c   0x000002fc   Code   RO         1552    i.fnEvtCoverTail_PwDn  event.o
    0x0001c678   0x0001c678   0x00000060   Code   RO         1553    i.fnEvtMngPlug_EsamCheck  event.o
    0x0001c6d8   0x0001c6d8   0x0000007c   Code   RO         1554    i.fnEvtMngPlug_Init  event.o
    0x0001c754   0x0001c754   0x00000038   Code   RO         1555    i.fnEvtMngPlug_PwdnSave  event.o
    0x0001c78c   0x0001c78c   0x00000002   Code   RO         1556    i.fnEvtPrg_End      event.o
    0x0001c78e   0x0001c78e   0x0000009c   Code   RO         3060    i.fnFM24CXX_Read    fm24cxx.o
    0x0001c82a   0x0001c82a   0x000000a0   Code   RO         3061    i.fnFM24CXX_Write   fm24cxx.o
    0x0001c8ca   0x0001c8ca   0x00000002   PAD
    0x0001c8cc   0x0001c8cc   0x00000070   Code   RO         2130    i.fnFile_Clr        file.o
    0x0001c93c   0x0001c93c   0x000002d4   Code   RO         2131    i.fnFile_Init       file.o
    0x0001cc10   0x0001cc10   0x00000040   Code   RO         2132    i.fnFile_Read       file.o
    0x0001cc50   0x0001cc50   0x00000040   Code   RO         2133    i.fnFile_Write      file.o
    0x0001cc90   0x0001cc90   0x00000260   Code   RO         5996    i.fnFind_FrzMinSpecPos  dl698_userdata.o
    0x0001cef0   0x0001cef0   0x00000038   Code   RO         3062    i.fnFm24c256_Init   fm24cxx.o
    0x0001cf28   0x0001cf28   0x0000018c   Code   RO         5348    i.fnForm_build_Type  dl698al_asn1.o
    0x0001d0b4   0x0001d0b4   0x0000008c   Code   RO         1743    i.fnFreeze          freeze.o
    0x0001d140   0x0001d140   0x000002d8   Code   RO         1744    i.fnFreezeMin_Write  freeze.o
    0x0001d418   0x0001d418   0x0000013c   Code   RO         1745    i.fnFreezePoint_Calc  freeze.o
    0x0001d554   0x0001d554   0x00000164   Code   RO         1746    i.fnFreeze_MakeUp   freeze.o
    0x0001d6b8   0x0001d6b8   0x000000b0   Code   RO         2134    i.fnFrzClistDefault_Write  file.o
    0x0001d768   0x0001d768   0x000001ec   Code   RO         3707    i.fnGPIO_Configuration  xtarget.o
    0x0001d954   0x0001d954   0x00000014   Code   RO         5998    i.fnGetCurrTime     dl698_userdata.o
    0x0001d968   0x0001d968   0x00000070   Code   RO         3242    i.fnGetDay          mymath.o
    0x0001d9d8   0x0001d9d8   0x0000021c   Code   RO         1557    i.fnGetEvtMngUpdateRcd  event.o
    0x0001dbf4   0x0001dbf4   0x0000004c   Code   RO         5999    i.fnGet_ConnServer  dl698_userdata.o
    0x0001dc40   0x0001dc40   0x00000088   Code   RO         2056    i.fnGet_ConnSta     secret.o
    0x0001dcc8   0x0001dcc8   0x0000016c   Code   RO         6318    i.fnGet_Control     dl698_userdata_oad2di.o
    0x0001de34   0x0001de34   0x000001b4   Code   RO         6319    i.fnGet_CsdNum      dl698_userdata_oad2di.o
    0x0001dfe8   0x0001dfe8   0x00000410   Code   RO         6320    i.fnGet_DevicePara  dl698_userdata_oad2di.o
    0x0001e3f8   0x0001e3f8   0x00000102   Code   RO         6321    i.fnGet_DispData    dl698_userdata_oad2di.o
    0x0001e4fa   0x0001e4fa   0x00000002   PAD
    0x0001e4fc   0x0001e4fc   0x00000458   Code   RO         6322    i.fnGet_ESAMPara    dl698_userdata_oad2di.o
    0x0001e954   0x0001e954   0x0000003c   Code   RO         6323    i.fnGet_Energy      dl698_userdata_oad2di.o
    0x0001e990   0x0001e990   0x000000ec   Code   RO         6324    i.fnGet_EnergyData  dl698_userdata_oad2di.o
    0x0001ea7c   0x0001ea7c   0x00000034   Code   RO         6325    i.fnGet_EvtItem     dl698_userdata_oad2di.o
    0x0001eab0   0x0001eab0   0x000004d8   Code   RO         6326    i.fnGet_EvtPara     dl698_userdata_oad2di.o
    0x0001ef88   0x0001ef88   0x000007a0   Code   RO         6327    i.fnGet_EvtRecord   dl698_userdata_oad2di.o
    0x0001f728   0x0001f728   0x00000080   Code   RO         6328    i.fnGet_EvtRecordUnit_DataType  dl698_userdata_oad2di.o
    0x0001f7a8   0x0001f7a8   0x00000218   Code   RO         6329    i.fnGet_EvtReport   dl698_userdata_oad2di.o
    0x0001f9c0   0x0001f9c0   0x0000002c   Code   RO         6330    i.fnGet_FrzItem     dl698_userdata_oad2di.o
    0x0001f9ec   0x0001f9ec   0x000006f8   Code   RO         6331    i.fnGet_FrzMinRecord  dl698_userdata_oad2di.o
    0x000200e4   0x000200e4   0x000000e0   Code   RO         6332    i.fnGet_FrzPara     dl698_userdata_oad2di.o
    0x000201c4   0x000201c4   0x00000044   Code   RO         6333    i.fnGet_FrzRecordUnit_DataType  dl698_userdata_oad2di.o
    0x00020208   0x00020208   0x0000070c   Code   RO         6334    i.fnGet_InOut_DevicePara  dl698_userdata_oad2di.o
    0x00020914   0x00020914   0x000002f8   Code   RO         6335    i.fnGet_LCDPara     dl698_userdata_oad2di.o
    0x00020c0c   0x00020c0c   0x00000374   Code   RO         6336    i.fnGet_LinkPara    dl698_userdata_oad2di.o
    0x00020f80   0x00020f80   0x000000a0   Code   RO         6337    i.fnGet_MngOADDataType  dl698_userdata_oad2di.o
    0x00021020   0x00021020   0x00000196   Code   RO         6338    i.fnGet_Normal      dl698_userdata_oad2di.o
    0x000211b6   0x000211b6   0x00000002   PAD
    0x000211b8   0x000211b8   0x00000570   Code   RO         6339    i.fnGet_OADDataType  dl698_userdata_oad2di.o
    0x00021728   0x00021728   0x000002d4   Code   RO         6340    i.fnGet_OADStoreData  dl698_userdata_oad2di.o
    0x000219fc   0x000219fc   0x0000170c   Code   RO         6341    i.fnGet_Para        dl698_userdata_oad2di.o
    0x00023108   0x00023108   0x000004c0   Code   RO         6342    i.fnGet_PhsEvtPara  dl698_userdata_oad2di.o
    0x000235c8   0x000235c8   0x000000bc   Code   RO         6343    i.fnGet_SafeModePara  dl698_userdata_oad2di.o
    0x00023684   0x00023684   0x0000003c   Code   RO         6344    i.fnGet_Var         dl698_userdata_oad2di.o
    0x000236c0   0x000236c0   0x000008e0   Code   RO         6345    i.fnGet_VarData     dl698_userdata_oad2di.o
    0x00023fa0   0x00023fa0   0x00000018   Code   RO         6775    i.fnHarmonic_CheckI  harmonic.o
    0x00023fb8   0x00023fb8   0x00000020   Code   RO         6776    i.fnHarmonic_CheckUn  harmonic.o
    0x00023fd8   0x00023fd8   0x00000038   Code   RO         6777    i.fnHarmonic_D2fp_Exec  harmonic.o
    0x00024010   0x00024010   0x000007b4   Code   RO         6778    i.fnHarmonic_Exec   harmonic.o
    0x000247c4   0x000247c4   0x000000a0   Code   RO         6780    i.fnHarmonic_Init   harmonic.o
    0x00024864   0x00024864   0x00000068   Code   RO         3244    i.fnHexToBcd_u16    mymath.o
    0x000248cc   0x000248cc   0x000000c8   Code   RO         3245    i.fnHexToBcd_u32    mymath.o
    0x00024994   0x00024994   0x00000030   Code   RO         3246    i.fnHexToBcd_u8     mymath.o
    0x000249c4   0x000249c4   0x00000050   Code   RO          380    i.fnICEsam_Auth_In_Out  dl645_icesam.o
    0x00024a14   0x00024a14   0x000000d0   Code   RO          381    i.fnICEsam_Authorization  dl645_icesam.o
    0x00024ae4   0x00024ae4   0x0000005c   Code   RO          382    i.fnICEsam_CardColdReset  dl645_icesam.o
    0x00024b40   0x00024b40   0x00000006   Code   RO          383    i.fnICEsam_CardTxRxFrame  dl645_icesam.o
    0x00024b46   0x00024b46   0x00000002   PAD
    0x00024b48   0x00024b48   0x00000040   Code   RO          388    i.fnICEsam_CloseEsam  dl645_icesam.o
    0x00024b88   0x00024b88   0x00000070   Code   RO          391    i.fnICEsam_EsamReset  dl645_icesam.o
    0x00024bf8   0x00024bf8   0x00000064   Code   RO          392    i.fnICEsam_HW_RemoteAuth  dl645_icesam.o
    0x00024c5c   0x00024c5c   0x0000003c   Code   RO         2057    i.fnICEsam_MacErrInc  secret.o
    0x00024c98   0x00024c98   0x000000b8   Code   RO          398    i.fnICEsam_MoneyProc  dl645_icesam.o
    0x00024d50   0x00024d50   0x00000110   Code   RO          399    i.fnICEsam_ReadBin2BinWithMac  dl645_icesam.o
    0x00024e60   0x00024e60   0x00000038   Code   RO          400    i.fnICEsam_ReadBinFile  dl645_icesam.o
    0x00024e98   0x00024e98   0x0000010c   Code   RO          406    i.fnICEsam_ReadMoneyBagWithMac  dl645_icesam.o
    0x00024fa4   0x00024fa4   0x0000004c   Code   RO          409    i.fnICEsam_ReadRandom  dl645_icesam.o
    0x00024ff0   0x00024ff0   0x00000028   Code   RO          410    i.fnICEsam_ReadRecFile  dl645_icesam.o
    0x00025018   0x00025018   0x00000064   Code   RO          413    i.fnICEsam_Read_Kx  dl645_icesam.o
    0x0002507c   0x0002507c   0x00000078   Code   RO          414    i.fnICEsam_RemoteControl  dl645_icesam.o
    0x000250f4   0x000250f4   0x00000018   Code   RO          416    i.fnICEsam_RxTxCommhead  dl645_icesam.o
    0x0002510c   0x0002510c   0x00000034   Code   RO          417    i.fnICEsam_SelectFile  dl645_icesam.o
    0x00025140   0x00025140   0x000000b8   Code   RO          421    i.fnICEsam_UpdateRunFile_Clock  dl645_icesam.o
    0x000251f8   0x000251f8   0x000000a8   Code   RO          422    i.fnICEsam_UpdateRunFile_Money  dl645_icesam.o
    0x000252a0   0x000252a0   0x0000009c   Code   RO          424    i.fnICEsam_Update_ESAM_Bin_Mac  dl645_icesam.o
    0x0002533c   0x0002533c   0x00000060   Code   RO          425    i.fnICEsam_VerifyUpdatePSW  dl645_icesam.o
    0x0002539c   0x0002539c   0x00000038   Code   RO          426    i.fnICEsam_WriteBinFile  dl645_icesam.o
    0x000253d4   0x000253d4   0x00000058   Code   RO          427    i.fnICEsam_WriteBinWithMac  dl645_icesam.o
    0x0002542c   0x0002542c   0x0000000e   Code   RO         3708    i.fnINTRTC_Sleep    xtarget.o
    0x0002543a   0x0002543a   0x00000014   Code   RO         3710    i.fnINTTCAll_Init   xtarget.o
    0x0002544e   0x0002544e   0x00000002   PAD
    0x00025450   0x00025450   0x000000b8   Code   RO         1747    i.fnJudgeTime_FrzMin  freeze.o
    0x00025508   0x00025508   0x00000020   Code   RO         3247    i.fnJudge_Value     mymath.o
    0x00025528   0x00025528   0x0000001c   Code   RO         3248    i.fnJudge_Zero      mymath.o
    0x00025544   0x00025544   0x00000020   Code   RO         3108    i.fnKey_Init        key.o
    0x00025564   0x00025564   0x0000030c   Code   RO         3109    i.fnKey_Scan        key.o
    0x00025870   0x00025870   0x00000020   Code   RO         3712    i.fnLVD_Init        xtarget.o
    0x00025890   0x00025890   0x0000009c   Code   RO         2668    i.fnMX25LXX_Buf_Read  at45db642d.o
    0x0002592c   0x0002592c   0x000000b0   Code   RO         2669    i.fnMX25LXX_CheckDat  at45db642d.o
    0x000259dc   0x000259dc   0x0000000e   Code   RO         2670    i.fnMX25LXX_Dly     at45db642d.o
    0x000259ea   0x000259ea   0x00000002   PAD
    0x000259ec   0x000259ec   0x0000005c   Code   RO         2671    i.fnMX25LXX_Init    at45db642d.o
    0x00025a48   0x00025a48   0x000000e0   Code   RO         2672    i.fnMX25LXX_MMPage_Prog_Through_Buf  at45db642d.o
    0x00025b28   0x00025b28   0x00000090   Code   RO         2673    i.fnMX25LXX_MMPage_To_Buf  at45db642d.o
    0x00025bb8   0x00025bb8   0x00000084   Code   RO         2674    i.fnMX25LXX_Read    at45db642d.o
    0x00025c3c   0x00025c3c   0x00000138   Code   RO         2675    i.fnMX25LXX_SetWritable  at45db642d.o
    0x00025d74   0x00025d74   0x00000070   Code   RO         2676    i.fnMX25LXX_WaitRdy  at45db642d.o
    0x00025de4   0x00025de4   0x000000fc   Code   RO         2677    i.fnMX25LXX_Write   at45db642d.o
    0x00025ee0   0x00025ee0   0x0000005c   Code   RO         2679    i.fnMX25LXX_eraseSector  at45db642d.o
    0x00025f3c   0x00025f3c   0x0000005c   Code   RO         2964    i.fnMainClock_Get   drive_clock.o
    0x00025f98   0x00025f98   0x0000002c   Code   RO         2965    i.fnMainClock_Init  drive_clock.o
    0x00025fc4   0x00025fc4   0x000000b4   Code   RO         2220    i.fnMeasureAverage_PowerCalc  measure.o
    0x00026078   0x00026078   0x000000ec   Code   RO         2221    i.fnMeasureHIARMS_Get  measure.o
    0x00026164   0x00026164   0x00000070   Code   RO         2222    i.fnMeasureHPRMS_Get  measure.o
    0x000261d4   0x000261d4   0x00000118   Code   RO         2223    i.fnMeasureHURMS_Get  measure.o
    0x000262ec   0x000262ec   0x00000002   Code   RO         2224    i.fnMeasure_DMAReadWaveData  measure.o
    0x000262ee   0x000262ee   0x00000002   PAD
    0x000262f0   0x000262f0   0x0000041e   Code   RO         2225    i.fnMeasure_EMUInit  measure.o
    0x0002670e   0x0002670e   0x00000002   PAD
    0x00026710   0x00026710   0x00001014   Code   RO         2226    i.fnMeasure_Exec    measure.o
    0x00027724   0x00027724   0x000000c4   Code   RO         2227    i.fnMeasure_FirmParaCheck  measure.o
    0x000277e8   0x000277e8   0x00000134   Code   RO         2228    i.fnMeasure_FirmParaInit  measure.o
    0x0002791c   0x0002791c   0x000000d4   Code   RO         2229    i.fnMeasure_Init    measure.o
    0x000279f0   0x000279f0   0x00000004   Code   RO         2230    i.fnMeasure_RN8207DTIRM_CommRead  measure.o
    0x000279f4   0x000279f4   0x00000002   Code   RO         2231    i.fnMeasure_RN8207DTIRM_CommWrite  measure.o
    0x000279f6   0x000279f6   0x00000002   PAD
    0x000279f8   0x000279f8   0x00000018   Code   RO         2232    i.fnMeasure_TIRM_CommRead  measure.o
    0x00027a10   0x00027a10   0x00000034   Code   RO         2233    i.fnMeasure_TIRM_CommWrite  measure.o
    0x00027a44   0x00027a44   0x000003ac   Code   RO         2236    i.fnMeasure_VoltRepairCorrect  measure.o
    0x00027df0   0x00027df0   0x00000018   Code   RO         2237    i.fnMeasure_VoltRepair_CommRead  measure.o
    0x00027e08   0x00027e08   0x00000230   Code   RO         2238    i.fnMeasure_VoltRepair_Exe  measure.o
    0x00028038   0x00028038   0x00000002   Code   RO         2239    i.fnMeasure_WaveColse  measure.o
    0x0002803a   0x0002803a   0x00000002   Code   RO         2241    i.fnMeasure_WaveInit  measure.o
    0x0002803c   0x0002803c   0x00000128   Code   RO         1892    i.fnMemory_Read     memory.o
    0x00028164   0x00028164   0x00000130   Code   RO         1893    i.fnMemory_Write    memory.o
    0x00028294   0x00028294   0x00000090   Code   RO         3249    i.fnMinAdd          mymath.o
    0x00028324   0x00028324   0x0000000a   Code   RO         3250    i.fnMinCount        mymath.o
    0x0002832e   0x0002832e   0x00000002   PAD
    0x00028330   0x00028330   0x000004c0   Code   RO         1558    i.fnOpenCoverTailEvent  event.o
    0x000287f0   0x000287f0   0x00000118   Code   RO         3063    i.fnOperateNVRAM    fm24cxx.o
    0x00028908   0x00028908   0x00000088   Code   RO         3713    i.fnOperateSocEE    xtarget.o
    0x00028990   0x00028990   0x000003ec   Code   RO         1918    i.fnOutput_CheckGataSta  output.o
    0x00028d7c   0x00028d7c   0x000000a8   Code   RO         1920    i.fnOutput_Init     output.o
    0x00028e24   0x00028e24   0x000000ac   Code   RO         2494    i.fnPowerDown_BeforeSleep  power_up_down.o
    0x00028ed0   0x00028ed0   0x00000058   Code   RO         2496    i.fnPowerDown_Check  power_up_down.o
    0x00028f28   0x00028f28   0x000000d4   Code   RO         2498    i.fnPowerDown_Handle  power_up_down.o
    0x00028ffc   0x00028ffc   0x000005bc   Code   RO         2499    i.fnPowerDown_IOSetSleep  power_up_down.o
    0x000295b8   0x000295b8   0x0000002c   Code   RO         2500    i.fnPowerDown_Inactive  power_up_down.o
    0x000295e4   0x000295e4   0x0000009c   Code   RO         2501    i.fnPowerDown_Main  power_up_down.o
    0x00029680   0x00029680   0x0000000c   Code   RO         2503    i.fnPowerDown_SetWakeOpIO  power_up_down.o
    0x0002968c   0x0002968c   0x00000004   Code   RO         2504    i.fnPowerDown_Sleep  power_up_down.o
    0x00029690   0x00029690   0x00000030   Code   RO         2505    i.fnPowerDown_SleepSet  power_up_down.o
    0x000296c0   0x000296c0   0x0000000c   Code   RO         2506    i.fnPowerDown_SleepWakeOpIO  power_up_down.o
    0x000296cc   0x000296cc   0x00000010   Code   RO         3714    i.fnPowerOn_DrvieInit  xtarget.o
    0x000296dc   0x000296dc   0x00000080   Code   RO         2507    i.fnPowerUp_AppInit  power_up_down.o
    0x0002975c   0x0002975c   0x000000a8   Code   RO         2508    i.fnPowerUp_CHKDateTime  power_up_down.o
    0x00029804   0x00029804   0x00000048   Code   RO         2509    i.fnPowerUp_Check   power_up_down.o
    0x0002984c   0x0002984c   0x00000020   Code   RO         2510    i.fnPowerUp_CheckUpCoverSta  power_up_down.o
    0x0002986c   0x0002986c   0x00000094   Code   RO         2511    i.fnPowerUp_Freeze_Event  power_up_down.o
    0x00029900   0x00029900   0x00000160   Code   RO         2512    i.fnPowerUp_Init    power_up_down.o
    0x00029a60   0x00029a60   0x000000a4   Code   RO         2513    i.fnPowerUp_RTCParaInit  power_up_down.o
    0x00029b04   0x00029b04   0x0000005c   Code   RO         1959    i.fnPt_Exec         scom.o
    0x00029b60   0x00029b60   0x00000008   Code   RO         3715    i.fnRCC_Configuration  xtarget.o
    0x00029b68   0x00029b68   0x0000000c   Code   RO         2966    i.fnRCClock_Init    drive_clock.o
    0x00029b74   0x00029b74   0x000000ac   Code   RO         2242    i.fnRN8302Mode_Init  measure.o
    0x00029c20   0x00029c20   0x00000014   Code   RO         4246    i.fnRN8302_ApiRegister  rn7306.o
    0x00029c34   0x00029c34   0x00001574   Code   RO         2244    i.fnRN8302_CorrectionMeter  measure.o
    0x0002b1a8   0x0002b1a8   0x0000017c   Code   RO         2245    i.fnRN8302_HSDCMode_Init  measure.o
    0x0002b324   0x0002b324   0x00000054   Code   RO         2246    i.fnRN8302_HSPI_DMAInit  measure.o
    0x0002b378   0x0002b378   0x000000bc   Code   RO         4248    i.fnRN8302_Read     rn7306.o
    0x0002b434   0x0002b434   0x000000f8   Code   RO         2248    i.fnRN8302_TIRM     measure.o
    0x0002b52c   0x0002b52c   0x00000114   Code   RO         4250    i.fnRN8302_Write    rn7306.o
    0x0002b640   0x0002b640   0x00000070   Code   RO         2251    i.fnRN8611_EnergyPulseIO_Init  measure.o
    0x0002b6b0   0x0002b6b0   0x00000020   Code   RO         3716    i.fnRTCDrive_Delay  xtarget.o
    0x0002b6d0   0x0002b6d0   0x00000002   Code   RO         3717    i.fnRTCDrive_Init   xtarget.o
    0x0002b6d2   0x0002b6d2   0x00000002   PAD
    0x0002b6d4   0x0002b6d4   0x00000070   Code   RO         6000    i.fnRaed_DefaultSecPar  dl698_userdata.o
    0x0002b744   0x0002b744   0x0000002e   Code   RO         6001    i.fnReadAuthOn_Esam  dl698_userdata.o
    0x0002b772   0x0002b772   0x00000002   PAD
    0x0002b774   0x0002b774   0x000000ec   Code   RO         6002    i.fnReadConnSize    dl698_userdata.o
    0x0002b860   0x0002b860   0x00000078   Code   RO         6003    i.fnReadDlyTime_Esam  dl698_userdata.o
    0x0002b8d8   0x0002b8d8   0x00000044   Code   RO         6004    i.fnReadMeter_Esam  dl698_userdata.o
    0x0002b91c   0x0002b91c   0x0000002e   Code   RO         6005    i.fnReadPswVer_Esam  dl698_userdata.o
    0x0002b94a   0x0002b94a   0x00000002   PAD
    0x0002b94c   0x0002b94c   0x00000018   Code   RO         6006    i.fnReadStatus_PrgEnable  dl698_userdata.o
    0x0002b964   0x0002b964   0x0000000c   Code   RO         6007    i.fnRead_Broatcast_SafetyType  dl698_userdata.o
    0x0002b970   0x0002b970   0x00000054   Code   RO         6008    i.fnRead_FormulationSecPar  dl698_userdata.o
    0x0002b9c4   0x0002b9c4   0x00000030   Code   RO         6009    i.fnRead_SecurtyStatus  dl698_userdata.o
    0x0002b9f4   0x0002b9f4   0x00000020   Code   RO         6010    i.fnRead_tIRDly     dl698_userdata.o
    0x0002ba14   0x0002ba14   0x0000004a   Code   RO         4362    i.fnRegState_Detect  rn8xxx_common.o
    0x0002ba5e   0x0002ba5e   0x00000002   PAD
    0x0002ba60   0x0002ba60   0x000000ac   Code   RO         5662    i.fnReportHandle    dl698al_report.o
    0x0002bb0c   0x0002bb0c   0x000003b4   Code   RO         6011    i.fnReport_EvtData  dl698_userdata.o
    0x0002bec0   0x0002bec0   0x00000042   Code   RO         5849    i.fnReport_Process  dl698_dl.o
    0x0002bf02   0x0002bf02   0x00000002   Code   RO          430    i.fnResetClear      dl645_icesam.o
    0x0002bf04   0x0002bf04   0x00000002   Code   RO          431    i.fnResetSet        dl645_icesam.o
    0x0002bf06   0x0002bf06   0x00000002   PAD
    0x0002bf08   0x0002bf08   0x000000a0   Code   RO         2252    i.fnRn8302_HSDCSPI_Init  measure.o
    0x0002bfa8   0x0002bfa8   0x00000002   Code   RO         1559    i.fnSavePowerOnEvtStop  event.o
    0x0002bfaa   0x0002bfaa   0x00000002   PAD
    0x0002bfac   0x0002bfac   0x00000040   Code   RO         1960    i.fnScomPk_ChangeBps  scom.o
    0x0002bfec   0x0002bfec   0x000001d0   Code   RO         1961    i.fnScomPk_Exec     scom.o
    0x0002c1bc   0x0002c1bc   0x000000c4   Code   RO         1962    i.fnScomPk_Init     scom.o
    0x0002c280   0x0002c280   0x000000b4   Code   RO         1963    i.fnScomSpi_Init    scom.o
    0x0002c334   0x0002c334   0x000000fc   Code   RO         1964    i.fnScomStartSend   scom.o
    0x0002c430   0x0002c430   0x000000bc   Code   RO         1965    i.fnScomUart_Init   scom.o
    0x0002c4ec   0x0002c4ec   0x0000006c   Code   RO         1966    i.fnScom_ReadBps    scom.o
    0x0002c558   0x0002c558   0x00000244   Code   RO         2059    i.fnSecret_Init     secret.o
    0x0002c79c   0x0002c79c   0x000000dc   Code   RO         2060    i.fnSecret_Verify   secret.o
    0x0002c878   0x0002c878   0x000000ac   Code   RO         5233    i.fnSetCurrTime     dl698_al.o
    0x0002c924   0x0002c924   0x000000a0   Code   RO         6346    i.fnSet_ComAddr_UserNo  dl698_userdata_oad2di.o
    0x0002c9c4   0x0002c9c4   0x00000148   Code   RO         6347    i.fnSet_Control     dl698_userdata_oad2di.o
    0x0002cb0c   0x0002cb0c   0x000002f0   Code   RO         6348    i.fnSet_DateTime    dl698_userdata_oad2di.o
    0x0002cdfc   0x0002cdfc   0x00000040   Code   RO         6349    i.fnSet_DeviceNo    dl698_userdata_oad2di.o
    0x0002ce3c   0x0002ce3c   0x00000238   Code   RO         6350    i.fnSet_DevicePara  dl698_userdata_oad2di.o
    0x0002d074   0x0002d074   0x00000330   Code   RO         6351    i.fnSet_DispPara    dl698_userdata_oad2di.o
    0x0002d3a4   0x0002d3a4   0x00000460   Code   RO         6352    i.fnSet_EvtPara     dl698_userdata_oad2di.o
    0x0002d804   0x0002d804   0x000000a0   Code   RO         6353    i.fnSet_Expression  dl698_userdata_oad2di.o
    0x0002d8a4   0x0002d8a4   0x0000049c   Code   RO         6354    i.fnSet_FrzPara     dl698_userdata_oad2di.o
    0x0002dd40   0x0002dd40   0x00000144   Code   RO         6355    i.fnSet_HolidayPara  dl698_userdata_oad2di.o
    0x0002de84   0x0002de84   0x00000008   Code   RO         6356    i.fnSet_LCDPara     dl698_userdata_oad2di.o
    0x0002de8c   0x0002de8c   0x00000050   Code   RO         6358    i.fnSet_LinkPara    dl698_userdata_oad2di.o
    0x0002dedc   0x0002dedc   0x0000019e   Code   RO         6359    i.fnSet_MBackUpEnergy  dl698_userdata_oad2di.o
    0x0002e07a   0x0002e07a   0x000001a4   Code   RO         6360    i.fnSet_MeterPlace  dl698_userdata_oad2di.o
    0x0002e21e   0x0002e21e   0x000000de   Code   RO         6361    i.fnSet_Normal      dl698_userdata_oad2di.o
    0x0002e2fc   0x0002e2fc   0x00000138   Code   RO         6362    i.fnSet_POTTable    dl698_userdata_oad2di.o
    0x0002e434   0x0002e434   0x00000224   Code   RO         6363    i.fnSet_Para        dl698_userdata_oad2di.o
    0x0002e658   0x0002e658   0x0000038c   Code   RO         6365    i.fnSet_PhsEventPara  dl698_userdata_oad2di.o
    0x0002e9e4   0x0002e9e4   0x00000274   Code   RO         6366    i.fnSet_RatePara    dl698_userdata_oad2di.o
    0x0002ec58   0x0002ec58   0x00000150   Code   RO         6367    i.fnSet_RmDate      dl698_userdata_oad2di.o
    0x0002eda8   0x0002eda8   0x000000e8   Code   RO         6368    i.fnSet_SafeModePara  dl698_userdata_oad2di.o
    0x0002ee90   0x0002ee90   0x000000d8   Code   RO         6369    i.fnSet_SwitchTime  dl698_userdata_oad2di.o
    0x0002ef68   0x0002ef68   0x0000006a   Code   RO         6370    i.fnSet_UserNo      dl698_userdata_oad2di.o
    0x0002efd2   0x0002efd2   0x00000002   PAD
    0x0002efd4   0x0002efd4   0x00000118   Code   RO         6371    i.fnSet_VarPara     dl698_userdata_oad2di.o
    0x0002f0ec   0x0002f0ec   0x0000004c   Code   RO         6372    i.fnSet_WeekendPOT  dl698_userdata_oad2di.o
    0x0002f138   0x0002f138   0x00000054   Code   RO         6373    i.fnSet_WeekendWord  dl698_userdata_oad2di.o
    0x0002f18c   0x0002f18c   0x000001c8   Code   RO         6374    i.fnSet_ZoneTable   dl698_userdata_oad2di.o
    0x0002f354   0x0002f354   0x0000007e   Code   RO         3718    i.fnSocEE_Read      xtarget.o
    0x0002f3d2   0x0002f3d2   0x0000007e   Code   RO         3719    i.fnSocEE_Write     xtarget.o
    0x0002f450   0x0002f450   0x00000120   Code   RO         3720    i.fnSocRegCheck     xtarget.o
    0x0002f570   0x0002f570   0x00000030   Code   RO         3721    i.fnSocRegCheckAddAll  xtarget.o
    0x0002f5a0   0x0002f5a0   0x00000028   Code   RO         3141    i.fnStamp_Through   misc.o
    0x0002f5c8   0x0002f5c8   0x0000000c   Code   RO         2967    i.fnSubClock_Init   drive_clock.o
    0x0002f5d4   0x0002f5d4   0x0000001c   Code   RO         3252    i.fnSum             mymath.o
    0x0002f5f0   0x0002f5f0   0x0000004a   Code   RO         3723    i.fnSysClock_Write  xtarget.o
    0x0002f63a   0x0002f63a   0x00000062   Code   RO         3724    i.fnSysDateTimes    xtarget.o
    0x0002f69c   0x0002f69c   0x00000054   Code   RO         3725    i.fnTarget_Init     xtarget.o
    0x0002f6f0   0x0002f6f0   0x00000162   Code   RO         3253    i.fnTwoDateApart_DayCount  mymath.o
    0x0002f852   0x0002f852   0x0000005c   Code   RO         3254    i.fnTwoDateApart_MinuteCount  mymath.o
    0x0002f8ae   0x0002f8ae   0x00000030   Code   RO          828    i.fnTwoDateApart_SecondCount  dl645b_com.o
    0x0002f8de   0x0002f8de   0x00000002   PAD
    0x0002f8e0   0x0002f8e0   0x00000248   Code   RO         6376    i.fnUpDate_FrzMinParaOffPos  dl698_userdata_oad2di.o
    0x0002fb28   0x0002fb28   0x00000160   Code   RO         6377    i.fnUpDate_FrzParaOffPos  dl698_userdata_oad2di.o
    0x0002fc88   0x0002fc88   0x00000044   Code   RO         6012    i.fnUpdateAuthOn    dl698_userdata.o
    0x0002fccc   0x0002fccc   0x00000048   Code   RO         6013    i.fnUpdateMeterNo   dl698_userdata.o
    0x0002fd14   0x0002fd14   0x000000b0   Code   RO         6014    i.fnUpdatePswSta    dl698_userdata.o
    0x0002fdc4   0x0002fdc4   0x00000128   Code   RO         1560    i.fnUpdate_RptStatus  event.o
    0x0002feec   0x0002feec   0x0000000c   Code   RO         3726    i.fnWDT_Restart     xtarget.o
    0x0002fef8   0x0002fef8   0x0000013c   Code   RO         2253    i.fnWaveHfrmsSmple  measure.o
    0x00030034   0x00030034   0x00000260   Code   RO         2254    i.fnWaveHsdcSpi_AdcCheck  measure.o
    0x00030294   0x00030294   0x00000064   Code   RO         2255    i.fnWaveHsdcSpi_ToHmonic  measure.o
    0x000302f8   0x000302f8   0x00000030   Code   RO         2256    i.fnWaveSpiOutToExModule  measure.o
    0x00030328   0x00030328   0x0000002c   Code   RO         2257    i.fnWaveSpiOut_Init  measure.o
    0x00030354   0x00030354   0x0000005e   Code   RO         3255    i.fnWeek_Calculate  mymath.o
    0x000303b2   0x000303b2   0x00000002   PAD
    0x000303b4   0x000303b4   0x00000044   Code   RO         6015    i.fnWriteConnSize   dl698_userdata.o
    0x000303f8   0x000303f8   0x0000000c   Code   RO         6016    i.fnWrite_Broatcast_SafetyType  dl698_userdata.o
    0x00030404   0x00030404   0x00000028   Code   RO         1748    i.fnWrite_PowDn_FrzDayTime  freeze.o
    0x0003042c   0x0003042c   0x00000040   Code   RO         1749    i.fnWrite_PowDn_FrzRmDayTime  freeze.o
    0x0003046c   0x0003046c   0x00000194   Code   RO         1562    i.fnWrite_PownDownEvtToE2  event.o
    0x00030600   0x00030600   0x000001c0   Code   RO         1563    i.fnWrite_PownDownEvtToFlash  event.o
    0x000307c0   0x000307c0   0x000000f0   Code   RO         1854    i.main              main.o
    0x000308b0   0x000308b0   0x00000020   Code   RO         4905    i.rtc_Delay         rn8xxx_rtc.o
    0x000308d0   0x000308d0   0x000000b4   Code   RO         1967    i.scom_update_info  scom.o
    0x00030984   0x00030984   0x00000048   Code   RO         7076    i.sqrt              m_ps.l(sqrt.o)
    0x000309cc   0x000309cc   0x00000626   Data   RO          829    .constdata          dl645b_com.o
    0x00030ff2   0x00030ff2   0x00000008   Data   RO         1273    .constdata          dl698_esamop.o
    0x00030ffa   0x00030ffa   0x00000002   PAD
    0x00030ffc   0x00030ffc   0x000002a0   Data   RO         1414    .constdata          energy.o
    0x0003129c   0x0003129c   0x000002e6   Data   RO         1564    .constdata          event.o
    0x00031582   0x00031582   0x00000002   PAD
    0x00031584   0x00031584   0x00000098   Data   RO         1750    .constdata          freeze.o
    0x0003161c   0x0003161c   0x0000000b   Data   RO         1968    .constdata          scom.o
    0x00031627   0x00031627   0x00000001   PAD
    0x00031628   0x00031628   0x00000b6c   Data   RO         2135    .constdata          file.o
    0x00032194   0x00032194   0x00000090   Data   RO         2259    .constdata          measure.o
    0x00032224   0x00032224   0x00000010   Data   RO         2646    .constdata          sysconst.o
    0x00032234   0x00032234   0x00000014   Data   RO         2931    .constdata          bsp_relay.o
    0x00032248   0x00032248   0x00000236   Data   RO         3256    .constdata          mymath.o
    0x0003247e   0x0003247e   0x00000002   PAD
    0x00032480   0x00032480   0x00000060   Data   RO         3728    .constdata          xtarget.o
    0x000324e0   0x000324e0   0x00000018   Data   RO         4013    .constdata          bsp_spi.o
    0x000324f8   0x000324f8   0x00001798   Data   RO         4582    .constdata          rn8xxx_gpio.o
    0x00033c90   0x00033c90   0x00000200   Data   RO         5742    .constdata          dl698_crc.o
    0x00033e90   0x00033e90   0x000005cf   Data   RO         5958    .constdata          dl698_icdata.o
    0x0003445f   0x0003445f   0x00000012   Data   RO         6017    .constdata          dl698_userdata.o
    0x00034471   0x00034471   0x00000003   PAD
    0x00034474   0x00034474   0x000006d9   Data   RO         6379    .constdata          dl698_userdata_oad2di.o
    0x00034b4d   0x00034b4d   0x00000010   Data   RO         7023    .constdata          segger_rtt_printf.o
    0x00034b5d   0x00034b5d   0x00000003   PAD
    0x00034b60   0x00034b60   0x00000088   Data   RO         7060    .constdata          rn8xxx_v2_lib.lib(sysctrl.o)
    0x00034be8   0x00034be8   0x00000540   Data   RO         7063    .constdata          rn8xxx_v2_lib.lib(sysupdate.o)
    0x00035128   0x00035128   0x00000058   Data   RO         7071    .constdata          rn8xxx_v2_lib.lib(utils.o)
    0x00035180   0x00035180   0x0000010f   Data   RO         2260    INROM2              measure.o
    0x0003528f   0x0003528f   0x00000001   PAD
    0x00035290   0x00035290   0x00001080   Data   RO         2647    INROM2              sysconst.o
    0x00036310   0x00036310   0x00000020   Data   RO         7190    Region$$Table       anon$$obj.o


    Execution Region RW_IRAM1 (Exec base: 0x10000000, Load base: 0x00036330, Size: 0x0000ffd8, Max: 0x00017800, ABSOLUTE, COMPRESSED[0x00000128])

    Exec Addr    Load Addr    Size         Type   Attr      Idx    E Section Name        Object

    0x10000000   COMPRESSED   0x00000004   Data   RW          830    .data               dl645b_com.o
    0x10000004   COMPRESSED   0x00000014   Data   RW         1813    .data               globals.o
    0x10000018   COMPRESSED   0x00000002   Data   RW         2898    .data               bsp_multifunport.o
    0x1000001a   COMPRESSED   0x00000008   Data   RW         2932    .data               bsp_relay.o
    0x10000022   COMPRESSED   0x00000002   Data   RW         3729    .data               xtarget.o
    0x10000024   COMPRESSED   0x0000000a   Data   RW         3885    .data               drive_allint.o
    0x1000002e   COMPRESSED   0x00000003   Data   RW         4014    .data               bsp_spi.o
    0x10000031   COMPRESSED   0x00000003   Data   RW         4083    .data               bsp_uart.o
    0x10000034   COMPRESSED   0x00000004   Data   RW         4321    .data               system_rn8xxx_v2.o
    0x10000038   COMPRESSED   0x00000004   Data   RW         5545    .data               dl698al_process.o
    0x1000003c   COMPRESSED   0x00000004   Data   RW         5758    .data               dl698_globals.o
    0x10000040   COMPRESSED   0x00000008   Data   RW         5786    .data               dl698_memory.o
    0x10000048   COMPRESSED   0x00000040   Data   RW         5850    .data               dl698_dl.o
    0x10000088   COMPRESSED   0x00000068   Data   RW         5959    .data               dl698_icdata.o
    0x100000f0   COMPRESSED   0x0000010e   Data   RW         6018    .data               dl698_userdata.o
    0x100001fe   COMPRESSED   0x00000002   PAD
    0x10000200   COMPRESSED   0x00000004   Data   RW         7064    .data               rn8xxx_v2_lib.lib(sysupdate.o)
    0x10000204   COMPRESSED   0x00000004   Data   RW         7175    .data               mc_p.l(errno.o)
    0x10000208        -       0x00001b38   Zero   RW         1812    .bss                globals.o
    0x10001d40        -       0x00005e08   Zero   RW         2258    .bss                measure.o
    0x10007b48        -       0x00001000   Zero   RW         2680    .bss                at45db642d.o
    0x10008b48        -       0x00000030   Zero   RW         3008    .bss                fifo.o
    0x10008b78        -       0x00000018   Zero   RW         3110    .bss                key.o
    0x10008b90        -       0x00000060   Zero   RW         3727    .bss                xtarget.o
    0x10008bf0        -       0x000000b4   Zero   RW         4166    .bss                bsp_tmp.o
    0x10008ca4        -       0x00000010   Zero   RW         4251    .bss                rn7306.o
    0x10008cb4        -       0x00002270   Zero   RW         5757    .bss                dl698_globals.o
    0x1000af24        -       0x00002850   Zero   RW         5785    .bss                dl698_memory.o
    0x1000d774        -       0x00000074   Zero   RW         6378    .bss                dl698_userdata_oad2di.o
    0x1000d7e8        -       0x00001b98   Zero   RW         6781    .bss                harmonic.o
    0x1000f380        -       0x000004b8   Zero   RW         6872    .bss                segger_rtt.o
    0x1000f838        -       0x00000020   Zero   RW         7059    .bss                rn8xxx_v2_lib.lib(sysctrl.o)
    0x1000f858        -       0x00000180   Zero   RW         1814    NOINIT              globals.o
    0x1000f9d8        -       0x00000600   Zero   RW         4352    STACK               startup_rn8xxx_v2.o


==============================================================================

Image component sizes


      Code (inc. data)   RO Data    RW Data    ZI Data      Debug   Object Name

      1706         60          0          0       4096       9376   at45db642d.o
      2434        128          0          0          0     140274   bkgrd.o
       400         12          0          0          0       4163   bsp_esam.o
       846         34          0          0          0       4290   bsp_iic.o
        56          4          0          2          0       1425   bsp_multifunport.o
       116          8         20          8          0       1358   bsp_relay.o
       790         52         24          3          0       5842   bsp_spi.o
      1384         90          0          0        180       7603   bsp_tmp.o
       978         40          0          3          0       5832   bsp_uart.o
      2606        120          0          0          0      94172   dl645_icesam.o
     27352       1008       1574          4          0      68295   dl645b_com.o
      1680         72          0          0          0       8136   dl698_al.o
        60         10        512          0          0       1244   dl698_crc.o
      3796        134          0         64          0      11729   dl698_dl.o
      2942        138          8          0          0      13869   dl698_esamop.o
         0          0          0          4       8816        691   dl698_globals.o
         0          0       1487        104          0       3227   dl698_icdata.o
       516         46          0          8      10320       5461   dl698_memory.o
       588         48          0          0          0       1950   dl698_scom.o
      5062        272         18        270          0      32395   dl698_userdata.o
     51214       1268       1753          0        116     107315   dl698_userdata_oad2di.o
      1176         32          0          0          0       4116   dl698al_act.o
      4158        160          0          0          0      10984   dl698al_asn1.o
      1862         36          0          0          0       5507   dl698al_conn.o
      1720         74          0          0          0       7623   dl698al_get.o
      5746        240          0          4          0      19582   dl698al_process.o
       730         26          0          0          0       5272   dl698al_report.o
       864         16          0          0          0       3812   dl698al_set.o
       916        166          0         10          0      10452   drive_allint.o
       160         22          0          0          0       2068   drive_clock.o
      2630        122        672          0          0       9238   energy.o
     11518        406        742          0          0      28709   event.o
       200         18          0          0         48       3674   fifo.o
      1216        138       2924          0          0      60101   file.o
       882          4          0          0          0       5519   fm24cxx.o
      1828         84        152          0          0       6534   freeze.o
       356         22          0         20       7352       4583   globals.o
      2292        162          0          0       7064       6814   harmonic.o
       812         28          0          0         24       2424   key.o
       240         68          0          0          0        559   main.o
     16320        702        415          0      24072      39047   measure.o
       600         34          0          0          0       2029   memory.o
        40          4          0          0          0        534   misc.o
      2580        116        566          0          0      25737   mymath.o
      1172         28          0          0          0       1684   output.o
      3320        200          0          0          0      17395   power_up_down.o
       760         28          0          0         16       5821   rn7306.o
       130          4          0          0          0       1396   rn8xxx_common.o
      2280        118          0          0          0      13215   rn8xxx_dsp.o
      1692         48       6040          0          0       5408   rn8xxx_gpio.o
       356         50          0          0          0       2050   rn8xxx_intc.o
       428         16          0          0          0       2007   rn8xxx_iso7816.o
       144         26          0          0          0        750   rn8xxx_kbi.o
        20          6          0          0          0        455   rn8xxx_lcd.o
       724         88          0          0          0       3927   rn8xxx_lvdcmpsar.o
        80         10          0          0          0       1522   rn8xxx_m2m.o
      1148         84          0          0          0       7562   rn8xxx_rtc.o
       578        126          0          0          0       5275   rn8xxx_spi.o
       368         50          0          0          0       8150   rn8xxx_tc.o
       596         68          0          0          0       4519   rn8xxx_uart.o
      2436        180         11          0          0      10076   scom.o
      2080         78          0          0          0       5811   secret.o
       548         48          0          0       1208       8600   segger_rtt.o
      1194          4         16          0          0       6461   segger_rtt_printf.o
        84          8        192          0       1536       1724   startup_rn8xxx_v2.o
         0          0       4240          0          0       3148   sysconst.o
       118         18          0          4          0       1319   system_rn8xxx_v2.o
      1752         54         96          2         96      13903   xtarget.o

    ----------------------------------------------------------------------
    185478       7564      21508        512      64944     925743   Object Totals
         0          0         32          0          0          0   (incl. Generated)
        98          0         14          2          0          0   (incl. Padding)

    ----------------------------------------------------------------------

      Code (inc. data)   RO Data    RW Data    ZI Data      Debug   Library Member Name

        72          6          0          0          0         76   sqrt.o
        86          0          0          0          0          0   __dczerorl2.o
         0          0          0          0          0          0   entry.o
         0          0          0          0          0          0   entry10a.o
         0          0          0          0          0          0   entry11a.o
         4          0          0          0          0          0   entry12b.o
         8          4          0          0          0          0   entry2.o
         4          0          0          0          0          0   entry5.o
         0          0          0          0          0          0   entry7b.o
         0          0          0          0          0          0   entry8b.o
         8          4          0          0          0          0   entry9a.o
        12          6          0          4          0         60   errno.o
        30          0          0          0          0          0   handlers.o
        40          0          0          0          0         72   idiv.o
        36          8          0          0          0         68   init.o
         0          0          0          0          0          0   iusefp.o
        76          0          0          0          0         76   ldiv.o
        32          0          0          0          0         68   llshl.o
        38          0          0          0          0         68   llsshr.o
        34          0          0          0          0         68   llushr.o
        26          0          0          0          0         72   memcmp.o
        36          0          0          0          0         60   memcpya.o
        36          0          0          0          0        100   memseta.o
        18          0          0          0          0         60   strcpy.o
        44          0          0          0          0         72   uidiv.o
        96          0          0          0          0         84   uldiv.o
        20          0          0          0          0         60   uread4.o
        18          0          0          0          0         60   uwrite4.o
        40          2          0          0          0         68   cdcmple.o
        40          2          0          0          0         68   cdrcmple.o
        20          0          0          0          0         68   cfcmple.o
        20          0          0          0          0         68   cfrcmple.o
        56          0          0          0          0         68   d2f.o
       360          6          0          0          0        140   dadd.o
       240          6          0          0          0         84   ddiv.o
       236          0          0          0          0        216   depilogue.o
        72         10          0          0          0         72   dfixi.o
        60         10          0          0          0         68   dfixui.o
        40          6          0          0          0         68   dflti.o
        28          4          0          0          0         68   dfltui.o
       208          6          0          0          0         88   dmul.o
       162          0          0          0          0         80   dsqrt.o
        40          0          0          0          0         60   f2d.o
       178          0          0          0          0        108   fadd.o
       124          0          0          0          0         72   fdiv.o
       130          0          0          0          0        144   fepilogue.o
        50          0          0          0          0         60   ffixi.o
        40          0          0          0          0         60   ffixui.o
        22          0          0          0          0         68   fflti.o
        14          0          0          0          0         68   ffltui.o
       122          0          0          0          0         72   fmul.o
      1516         84          0          0          0        244   eepromProgram.o
       552         16          0          0          0        296   nvm.o
       388         14          0          0          0        124   rtc.o
      3968        164        136          0         32        600   sysctrl.o
      2584        166       1344          4          0        224   sysupdate.o
      1356         70         88          0          0        380   utils.o

    ----------------------------------------------------------------------
     13446        594       1568          8         32       4928   Library Totals
         6          0          0          0          0          0   (incl. Padding)

    ----------------------------------------------------------------------

      Code (inc. data)   RO Data    RW Data    ZI Data      Debug   Library Name

        72          6          0          0          0         76   m_ps.l
       702         22          0          4          0       1048   mc_p.l
      2302         52          0          0          0       1936   mf_p.l
     10364        514       1568          4         32       1868   rn8xxx_v2_lib.lib

    ----------------------------------------------------------------------
     13446        594       1568          8         32       4928   Library Totals

    ----------------------------------------------------------------------

==============================================================================


      Code (inc. data)   RO Data    RW Data    ZI Data      Debug   

    198924       8158      23076        520      64976     899095   Grand Totals
    198924       8158      23076        296      64976     899095   ELF Image Totals (compressed)
    198924       8158      23076        296          0          0   ROM Totals

==============================================================================

    Total RO  Size (Code + RO Data)               222000 ( 216.80kB)
    Total RW  Size (RW Data + ZI Data)             65496 (  63.96kB)
    Total ROM Size (Code + RO Data + RW Data)     222296 ( 217.09kB)

==============================================================================

