###############################################################################
#
# IAR ELF Linker V8.40.2.214/W32 for ARM                  25/Jul/2025  14:39:12
# Copyright 2007-2019 IAR Systems AB.
#
#    Output file  =
#        D:\IAR
#        Projects\IotMeter_Rn8611_7306_RNW_SVN-250715\Proj\IAR_Proj_RN8611_RN7306_IOTMeter\Debug\Exe\IAR_Proj_RN8611_RN7306_IOTMeter.out
#    Map file     =
#        D:\IAR
#        Projects\IotMeter_Rn8611_7306_RNW_SVN-250715\Proj\IAR_Proj_RN8611_RN7306_IOTMeter\Debug\List\IAR_Proj_RN8611_RN7306_IOTMeter.map
#    Command line =
#        -f C:\Users\17474\AppData\Local\Temp\EW6B42.tmp ("D:\IAR
#        Projects\IotMeter_Rn8611_7306_RNW_SVN-250715\Proj\IAR_Proj_RN8611_RN7306_IOTMeter\Debug\Obj\app_rn7306.o"
#        "D:\IAR
#        Projects\IotMeter_Rn8611_7306_RNW_SVN-250715\Proj\IAR_Proj_RN8611_RN7306_IOTMeter\Debug\Obj\AT45DB642D.o"
#        "D:\IAR
#        Projects\IotMeter_Rn8611_7306_RNW_SVN-250715\Proj\IAR_Proj_RN8611_RN7306_IOTMeter\Debug\Obj\Bkgrd.o"
#        "D:\IAR
#        Projects\IotMeter_Rn8611_7306_RNW_SVN-250715\Proj\IAR_Proj_RN8611_RN7306_IOTMeter\Debug\Obj\BSP_Esam.o"
#        "D:\IAR
#        Projects\IotMeter_Rn8611_7306_RNW_SVN-250715\Proj\IAR_Proj_RN8611_RN7306_IOTMeter\Debug\Obj\BSP_IIC.o"
#        "D:\IAR
#        Projects\IotMeter_Rn8611_7306_RNW_SVN-250715\Proj\IAR_Proj_RN8611_RN7306_IOTMeter\Debug\Obj\BSP_MultiFunPort.o"
#        "D:\IAR
#        Projects\IotMeter_Rn8611_7306_RNW_SVN-250715\Proj\IAR_Proj_RN8611_RN7306_IOTMeter\Debug\Obj\BSP_Relay.o"
#        "D:\IAR
#        Projects\IotMeter_Rn8611_7306_RNW_SVN-250715\Proj\IAR_Proj_RN8611_RN7306_IOTMeter\Debug\Obj\BSP_Spi.o"
#        "D:\IAR
#        Projects\IotMeter_Rn8611_7306_RNW_SVN-250715\Proj\IAR_Proj_RN8611_RN7306_IOTMeter\Debug\Obj\BSP_Tmp.o"
#        "D:\IAR
#        Projects\IotMeter_Rn8611_7306_RNW_SVN-250715\Proj\IAR_Proj_RN8611_RN7306_IOTMeter\Debug\Obj\BSP_Uart.o"
#        "D:\IAR
#        Projects\IotMeter_Rn8611_7306_RNW_SVN-250715\Proj\IAR_Proj_RN8611_RN7306_IOTMeter\Debug\Obj\core_cm0.o"
#        "D:\IAR
#        Projects\IotMeter_Rn8611_7306_RNW_SVN-250715\Proj\IAR_Proj_RN8611_RN7306_IOTMeter\Debug\Obj\Dl645_ICEsam.o"
#        "D:\IAR
#        Projects\IotMeter_Rn8611_7306_RNW_SVN-250715\Proj\IAR_Proj_RN8611_RN7306_IOTMeter\Debug\Obj\Dl645B_Com.o"
#        "D:\IAR
#        Projects\IotMeter_Rn8611_7306_RNW_SVN-250715\Proj\IAR_Proj_RN8611_RN7306_IOTMeter\Debug\Obj\Dl698_AL.o"
#        "D:\IAR
#        Projects\IotMeter_Rn8611_7306_RNW_SVN-250715\Proj\IAR_Proj_RN8611_RN7306_IOTMeter\Debug\Obj\Dl698_Crc.o"
#        "D:\IAR
#        Projects\IotMeter_Rn8611_7306_RNW_SVN-250715\Proj\IAR_Proj_RN8611_RN7306_IOTMeter\Debug\Obj\Dl698_DL.o"
#        "D:\IAR
#        Projects\IotMeter_Rn8611_7306_RNW_SVN-250715\Proj\IAR_Proj_RN8611_RN7306_IOTMeter\Debug\Obj\Dl698_EsamOp.o"
#        "D:\IAR
#        Projects\IotMeter_Rn8611_7306_RNW_SVN-250715\Proj\IAR_Proj_RN8611_RN7306_IOTMeter\Debug\Obj\Dl698_Globals.o"
#        "D:\IAR
#        Projects\IotMeter_Rn8611_7306_RNW_SVN-250715\Proj\IAR_Proj_RN8611_RN7306_IOTMeter\Debug\Obj\Dl698_ICData.o"
#        "D:\IAR
#        Projects\IotMeter_Rn8611_7306_RNW_SVN-250715\Proj\IAR_Proj_RN8611_RN7306_IOTMeter\Debug\Obj\Dl698_Memory.o"
#        "D:\IAR
#        Projects\IotMeter_Rn8611_7306_RNW_SVN-250715\Proj\IAR_Proj_RN8611_RN7306_IOTMeter\Debug\Obj\Dl698_Scom.o"
#        "D:\IAR
#        Projects\IotMeter_Rn8611_7306_RNW_SVN-250715\Proj\IAR_Proj_RN8611_RN7306_IOTMeter\Debug\Obj\Dl698_UserData.o"
#        "D:\IAR
#        Projects\IotMeter_Rn8611_7306_RNW_SVN-250715\Proj\IAR_Proj_RN8611_RN7306_IOTMeter\Debug\Obj\Dl698_UserData_Encode645to698.o"
#        "D:\IAR
#        Projects\IotMeter_Rn8611_7306_RNW_SVN-250715\Proj\IAR_Proj_RN8611_RN7306_IOTMeter\Debug\Obj\Dl698_UserData_Oad2DI.o"
#        "D:\IAR
#        Projects\IotMeter_Rn8611_7306_RNW_SVN-250715\Proj\IAR_Proj_RN8611_RN7306_IOTMeter\Debug\Obj\Dl698AL_Act.o"
#        "D:\IAR
#        Projects\IotMeter_Rn8611_7306_RNW_SVN-250715\Proj\IAR_Proj_RN8611_RN7306_IOTMeter\Debug\Obj\Dl698AL_asn1.o"
#        "D:\IAR
#        Projects\IotMeter_Rn8611_7306_RNW_SVN-250715\Proj\IAR_Proj_RN8611_RN7306_IOTMeter\Debug\Obj\Dl698AL_Conn.o"
#        "D:\IAR
#        Projects\IotMeter_Rn8611_7306_RNW_SVN-250715\Proj\IAR_Proj_RN8611_RN7306_IOTMeter\Debug\Obj\Dl698AL_Get.o"
#        "D:\IAR
#        Projects\IotMeter_Rn8611_7306_RNW_SVN-250715\Proj\IAR_Proj_RN8611_RN7306_IOTMeter\Debug\Obj\Dl698AL_process.o"
#        "D:\IAR
#        Projects\IotMeter_Rn8611_7306_RNW_SVN-250715\Proj\IAR_Proj_RN8611_RN7306_IOTMeter\Debug\Obj\Dl698AL_Report.o"
#        "D:\IAR
#        Projects\IotMeter_Rn8611_7306_RNW_SVN-250715\Proj\IAR_Proj_RN8611_RN7306_IOTMeter\Debug\Obj\Dl698AL_Set.o"
#        "D:\IAR
#        Projects\IotMeter_Rn8611_7306_RNW_SVN-250715\Proj\IAR_Proj_RN8611_RN7306_IOTMeter\Debug\Obj\Drive_AllINT.o"
#        "D:\IAR
#        Projects\IotMeter_Rn8611_7306_RNW_SVN-250715\Proj\IAR_Proj_RN8611_RN7306_IOTMeter\Debug\Obj\Drive_Clock.o"
#        "D:\IAR
#        Projects\IotMeter_Rn8611_7306_RNW_SVN-250715\Proj\IAR_Proj_RN8611_RN7306_IOTMeter\Debug\Obj\Energy.o"
#        "D:\IAR
#        Projects\IotMeter_Rn8611_7306_RNW_SVN-250715\Proj\IAR_Proj_RN8611_RN7306_IOTMeter\Debug\Obj\Event.o"
#        "D:\IAR
#        Projects\IotMeter_Rn8611_7306_RNW_SVN-250715\Proj\IAR_Proj_RN8611_RN7306_IOTMeter\Debug\Obj\FIFO.o"
#        "D:\IAR
#        Projects\IotMeter_Rn8611_7306_RNW_SVN-250715\Proj\IAR_Proj_RN8611_RN7306_IOTMeter\Debug\Obj\File.o"
#        "D:\IAR
#        Projects\IotMeter_Rn8611_7306_RNW_SVN-250715\Proj\IAR_Proj_RN8611_RN7306_IOTMeter\Debug\Obj\Fm24Cxx.o"
#        "D:\IAR
#        Projects\IotMeter_Rn8611_7306_RNW_SVN-250715\Proj\IAR_Proj_RN8611_RN7306_IOTMeter\Debug\Obj\Freeze.o"
#        "D:\IAR
#        Projects\IotMeter_Rn8611_7306_RNW_SVN-250715\Proj\IAR_Proj_RN8611_RN7306_IOTMeter\Debug\Obj\Globals.o"
#        "D:\IAR
#        Projects\IotMeter_Rn8611_7306_RNW_SVN-250715\Proj\IAR_Proj_RN8611_RN7306_IOTMeter\Debug\Obj\Harmonic.o"
#        "D:\IAR
#        Projects\IotMeter_Rn8611_7306_RNW_SVN-250715\Proj\IAR_Proj_RN8611_RN7306_IOTMeter\Debug\Obj\Key.o"
#        "D:\IAR
#        Projects\IotMeter_Rn8611_7306_RNW_SVN-250715\Proj\IAR_Proj_RN8611_RN7306_IOTMeter\Debug\Obj\main.o"
#        "D:\IAR
#        Projects\IotMeter_Rn8611_7306_RNW_SVN-250715\Proj\IAR_Proj_RN8611_RN7306_IOTMeter\Debug\Obj\Measure.o"
#        "D:\IAR
#        Projects\IotMeter_Rn8611_7306_RNW_SVN-250715\Proj\IAR_Proj_RN8611_RN7306_IOTMeter\Debug\Obj\Memory.o"
#        "D:\IAR
#        Projects\IotMeter_Rn8611_7306_RNW_SVN-250715\Proj\IAR_Proj_RN8611_RN7306_IOTMeter\Debug\Obj\Misc.o"
#        "D:\IAR
#        Projects\IotMeter_Rn8611_7306_RNW_SVN-250715\Proj\IAR_Proj_RN8611_RN7306_IOTMeter\Debug\Obj\MyMath.o"
#        "D:\IAR
#        Projects\IotMeter_Rn8611_7306_RNW_SVN-250715\Proj\IAR_Proj_RN8611_RN7306_IOTMeter\Debug\Obj\output.o"
#        "D:\IAR
#        Projects\IotMeter_Rn8611_7306_RNW_SVN-250715\Proj\IAR_Proj_RN8611_RN7306_IOTMeter\Debug\Obj\Power_Up_Down.o"
#        "D:\IAR
#        Projects\IotMeter_Rn8611_7306_RNW_SVN-250715\Proj\IAR_Proj_RN8611_RN7306_IOTMeter\Debug\Obj\RN7306.o"
#        "D:\IAR
#        Projects\IotMeter_Rn8611_7306_RNW_SVN-250715\Proj\IAR_Proj_RN8611_RN7306_IOTMeter\Debug\Obj\Rn8xxx_Common.o"
#        "D:\IAR
#        Projects\IotMeter_Rn8611_7306_RNW_SVN-250715\Proj\IAR_Proj_RN8611_RN7306_IOTMeter\Debug\Obj\Rn8xxx_DSP.o"
#        "D:\IAR
#        Projects\IotMeter_Rn8611_7306_RNW_SVN-250715\Proj\IAR_Proj_RN8611_RN7306_IOTMeter\Debug\Obj\Rn8xxx_GPIO.o"
#        "D:\IAR
#        Projects\IotMeter_Rn8611_7306_RNW_SVN-250715\Proj\IAR_Proj_RN8611_RN7306_IOTMeter\Debug\Obj\Rn8xxx_IIC.o"
#        "D:\IAR
#        Projects\IotMeter_Rn8611_7306_RNW_SVN-250715\Proj\IAR_Proj_RN8611_RN7306_IOTMeter\Debug\Obj\Rn8xxx_INTC.o"
#        "D:\IAR
#        Projects\IotMeter_Rn8611_7306_RNW_SVN-250715\Proj\IAR_Proj_RN8611_RN7306_IOTMeter\Debug\Obj\Rn8xxx_ISO7816.o"
#        "D:\IAR
#        Projects\IotMeter_Rn8611_7306_RNW_SVN-250715\Proj\IAR_Proj_RN8611_RN7306_IOTMeter\Debug\Obj\Rn8xxx_KBI.o"
#        "D:\IAR
#        Projects\IotMeter_Rn8611_7306_RNW_SVN-250715\Proj\IAR_Proj_RN8611_RN7306_IOTMeter\Debug\Obj\Rn8xxx_Lcd.o"
#        "D:\IAR
#        Projects\IotMeter_Rn8611_7306_RNW_SVN-250715\Proj\IAR_Proj_RN8611_RN7306_IOTMeter\Debug\Obj\Rn8xxx_LvdCmpSar.o"
#        "D:\IAR
#        Projects\IotMeter_Rn8611_7306_RNW_SVN-250715\Proj\IAR_Proj_RN8611_RN7306_IOTMeter\Debug\Obj\Rn8xxx_M2M.o"
#        "D:\IAR
#        Projects\IotMeter_Rn8611_7306_RNW_SVN-250715\Proj\IAR_Proj_RN8611_RN7306_IOTMeter\Debug\Obj\Rn8xxx_RTC.o"
#        "D:\IAR
#        Projects\IotMeter_Rn8611_7306_RNW_SVN-250715\Proj\IAR_Proj_RN8611_RN7306_IOTMeter\Debug\Obj\Rn8xxx_Spi.o"
#        "D:\IAR
#        Projects\IotMeter_Rn8611_7306_RNW_SVN-250715\Proj\IAR_Proj_RN8611_RN7306_IOTMeter\Debug\Obj\Rn8xxx_SysTickCortexM0.o"
#        "D:\IAR
#        Projects\IotMeter_Rn8611_7306_RNW_SVN-250715\Proj\IAR_Proj_RN8611_RN7306_IOTMeter\Debug\Obj\Rn8xxx_TC.o"
#        "D:\IAR
#        Projects\IotMeter_Rn8611_7306_RNW_SVN-250715\Proj\IAR_Proj_RN8611_RN7306_IOTMeter\Debug\Obj\Rn8xxx_Uart.o"
#        "D:\IAR
#        Projects\IotMeter_Rn8611_7306_RNW_SVN-250715\RN_Lib\IAR_Lib\rn8xxx_v2_lib.a"
#        "D:\IAR
#        Projects\IotMeter_Rn8611_7306_RNW_SVN-250715\Proj\IAR_Proj_RN8611_RN7306_IOTMeter\Debug\Obj\Rn_Assert.o"
#        "D:\IAR
#        Projects\IotMeter_Rn8611_7306_RNW_SVN-250715\Proj\IAR_Proj_RN8611_RN7306_IOTMeter\Debug\Obj\Scom.o"
#        "D:\IAR
#        Projects\IotMeter_Rn8611_7306_RNW_SVN-250715\Proj\IAR_Proj_RN8611_RN7306_IOTMeter\Debug\Obj\Secret.o"
#        "D:\IAR
#        Projects\IotMeter_Rn8611_7306_RNW_SVN-250715\Proj\IAR_Proj_RN8611_RN7306_IOTMeter\Debug\Obj\SEGGER_RTT.o"
#        "D:\IAR
#        Projects\IotMeter_Rn8611_7306_RNW_SVN-250715\Proj\IAR_Proj_RN8611_RN7306_IOTMeter\Debug\Obj\SEGGER_RTT_printf.o"
#        "D:\IAR
#        Projects\IotMeter_Rn8611_7306_RNW_SVN-250715\Proj\IAR_Proj_RN8611_RN7306_IOTMeter\Debug\Obj\startup_RN8xxx_v2.o"
#        "D:\IAR
#        Projects\IotMeter_Rn8611_7306_RNW_SVN-250715\Proj\IAR_Proj_RN8611_RN7306_IOTMeter\Debug\Obj\SysConst.o"
#        "D:\IAR
#        Projects\IotMeter_Rn8611_7306_RNW_SVN-250715\Proj\IAR_Proj_RN8611_RN7306_IOTMeter\Debug\Obj\system_RN8XXX_V2.o"
#        "D:\IAR
#        Projects\IotMeter_Rn8611_7306_RNW_SVN-250715\Proj\IAR_Proj_RN8611_RN7306_IOTMeter\Debug\Obj\xTarget.o"
#        --no_out_extension -o "D:\IAR
#        Projects\IotMeter_Rn8611_7306_RNW_SVN-250715\Proj\IAR_Proj_RN8611_RN7306_IOTMeter\Debug\Exe\IAR_Proj_RN8611_RN7306_IOTMeter.out"
#        --map "D:\IAR
#        Projects\IotMeter_Rn8611_7306_RNW_SVN-250715\Proj\IAR_Proj_RN8611_RN7306_IOTMeter\Debug\List\IAR_Proj_RN8611_RN7306_IOTMeter.map"
#        --config "D:\IAR
#        Projects\IotMeter_Rn8611_7306_RNW_SVN-250715\Proj\IAR_Proj_RN8611_RN7306_IOTMeter\Support\Icf\RN8611GW_V2.icf"
#        --semihosting --entry __iar_program_start --vfe --enable_stack_usage
#        --text_out locale)
#
###############################################################################

*******************************************************************************
*** MESSAGES
***

Warning[Lt009]: Inconsistent wchar_t size
            rtc.o(rn8xxx_v2_lib.a) and 5 other objects in rn8xxx_v2_lib.a have
                      wchar_t size 16 bits
            app_rn7306.o and 90 other objects, some of them in dl6M_tln.a and
                      14 other libraries have wchar_t size 32 bits
Warning[Ls016]: [stack usage analysis] the program contains at least one
          indirect call. Example: from "eepromProgram". A complete list of such
          functions is in the map file.


*******************************************************************************
*** RUNTIME MODEL ATTRIBUTES
***

CppFlavor       = *
__SystemLibrary = DLib
__dlib_version  = 6


*******************************************************************************
*** HEAP SELECTION
***

The basic heap was selected because no calls to memory allocation
functions were found in the application outside of system library
functions, and there are calls to deallocation functions in the
application.


*******************************************************************************
*** PLACEMENT SUMMARY
***

"A0":  place at address 0x0 { section .intvec };
"P1":  place in [from 0x0 to 0x3'dfff] { ro };
define block HEAP with size = 2K, alignment = 8 { };
define block CSTACK with size = 3328, alignment = 8 { };
"P2":  place in [from 0x1000'0000 to 0x1001'8000] {
          rw, block HEAP, block CSTACK };
"P3":  place in [from 0x3'e000 to 0x4'0000] { ro section ownsection };
initialize by copy { rw };

  Section            Kind         Address      Size  Object
  -------            ----         -------      ----  ------
"A0":                                          0xc0
  .intvec            ro code          0x0      0xc0  startup_RN8xxx_v2.o [1]
                                   - 0xc0      0xc0

"P1":                                      0x3'9cd5
  .text              ro code         0xc0    0xd4dc  Dl698_UserData_Oad2DI.o [1]
  .text              ro code       0xd59c     0xac4  MyMath.o [1]
  .text              ro code       0xe060     0xc0c  Energy.o [1]
  .text              ro code       0xec6c    0x1036  Dl698AL_asn1.o [1]
  .text              ro code       0xfca2      0xe0  I32DivModFast.o [5]
  .text              ro code       0xfd82      0x7e  lz77_init_single.o [5]
  .text              ro code       0xfe00     0x5c4  File.o [1]
  .text              ro code     0x1'03c4      0x4e  ABImemcpy.o [5]
  .rodata            const       0x1'0412       0x2  Dl698_ICData.o [1]
  .text              ro code     0x1'0414     0x788  xTarget.o [1]
  .text              ro code     0x1'0b9c    0x137c  Dl698_UserData.o [1]
  .text              ro code     0x1'1f18      0x16  uread4.o [5]
  .rodata            const       0x1'1f2e       0x2  Dl698_ICData.o [1]
  .text              ro code     0x1'1f30      0x36  IxxToFlt.o [3]
  .text              ro code     0x1'1f66      0xaa  FltDiv.o [3]
  .text              ro code     0x1'2010      0xb0  FltMul.o [3]
  .text              ro code     0x1'20c0      0x32  FltToDbl.o [3]
  .text              ro code     0x1'20f2     0x1b4  DblAddSub.o [3]
  .text              ro code     0x1'22a6     0x184  DblMul.o [3]
  .rodata            const       0x1'242a       0x2  Dl698_ICData.o [1]
  .text              ro code     0x1'242c      0x52  DblToI32.o [3]
  .rodata            const       0x1'247e       0x2  Dl698_ICData.o [1]
  .text              ro code     0x1'2480    0x2ccc  Event.o [1]
  .text              ro code     0x1'514c     0x184  Globals.o [1]
  .text              ro code     0x1'52d0     0xca0  Dl698_EsamOp.o [1]
  .text              ro code     0x1'5f70     0x20c  Dl698_Memory.o [1]
  .text              ro code     0x1'617c      0x14  uwrite4.o [5]
  .text              ro code     0x1'6190    0x1d14  Dl698AL_process.o [1]
  .text              ro code     0x1'7ea4     0x750  Dl698_AL.o [1]
  .text              ro code     0x1'85f4     0x718  Freeze.o [1]
  .text              ro code     0x1'8d0c     0x82c  Secret.o [1]
  .text              ro code     0x1'9538      0x52  ABImemset.o [5]
  .rodata            const       0x1'958a       0x2  Dl698_ICData.o [1]
  .text              ro code     0x1'958c    0x6c20  Dl645B_Com.o [1]
  .text              ro code     0x2'01ac      0xa4  Rn8xxx_Common.o [1]
  .text              ro code     0x2'0250    0x4e04  Measure.o [1]
  .text              ro code     0x2'5054      0xa8  I64DivMod.o [5]
  .text              ro code     0x2'50fc       0x2  IntDivZer.o [5]
  .rodata            const       0x2'50fe       0x2  Dl698_ICData.o [1]
  .text              ro code     0x2'5100     0x254  Memory.o [1]
  .text              ro code     0x2'5354      0x9c  Drive_Clock.o [1]
  .text              ro code     0x2'53f0     0x7cc  Rn8xxx_GPIO.o [1]
  .text              ro code     0x2'5bbc     0x2d0  Rn8xxx_LvdCmpSar.o [1]
  .text              ro code     0x2'5e8c     0x194  Rn8xxx_TC.o [1]
  .text              ro code     0x2'6020     0x4b4  Rn8xxx_RTC.o [1]
  .text              ro code     0x2'64d4     0x3fc  Fm24Cxx.o [1]
  .text              ro code     0x2'68d0     0x58c  AT45DB642D.o [1]
  .text              ro code     0x2'6e5c      0xf0  nvm.o [4]
  .text              ro code     0x2'6f4c      0x2c  Misc.o [1]
  .text              ro code     0x2'6f78     0xea0  Power_Up_Down.o [1]
  .text              ro code     0x2'7e18     0x164  Rn8xxx_INTC.o [1]
  .text              ro code     0x2'7f7c      0x90  Rn8xxx_KBI.o [1]
  .text              ro code     0x2'800c     0xb70  Bkgrd.o [1]
  .text              ro code     0x2'8b7c    0x1218  Dl698_DL.o [1]
  .text              ro code     0x2'9d94     0x178  BSP_Esam.o [1]
  .text              ro code     0x2'9f0c     0x804  Dl698AL_Conn.o [1]
  .text              ro code     0x2'a710     0x8ac  Dl698AL_Get.o [1]
  .text              ro code     0x2'afbc     0x3bc  Dl698AL_Set.o [1]
  .text              ro code     0x2'b378     0x520  Dl698AL_Act.o [1]
  .text              ro code     0x2'b898     0x368  Dl698AL_Report.o [1]
  .text              ro code     0x2'bc00     0x41a  SEGGER_RTT_printf.o [1]
  .text              ro code     0x2'c01a       0x8  abs.o [2]
  .rodata            const       0x2'c022       0x2  Dl698_ICData.o [1]
  .text              ro code     0x2'c024     0x3b8  RN7306.o [1]
  .text              ro code     0x2'c3dc      0xc2  DblDiv.o [3]
  .text              ro code     0x2'c49e      0x62  DblToFlt.o [3]
  .text              ro code     0x2'c500      0x28  FltCmpGe.o [3]
  .text              ro code     0x2'c528     0x120  FltAddSub.o [3]
  .text              ro code     0x2'c648      0x26  FltToU32.o [3]
  .rodata            const       0x2'c66e       0x2  Dl698_ICData.o [1]
  .text              ro code     0x2'c670    0x10e8  Harmonic.o [1]
  .text              ro code     0x2'd758     0x154  rtc.o [4]
  .text              ro code     0x2'd8ac      0x88  IxxToDbl.o [3]
  .text              ro code     0x2'd934     0xacc  Dl645_ICEsam.o [1]
  .text              ro code     0x2'e400     0xdec  app_rn7306.o [1]
  .text              ro code     0x2'f1ec     0x206  Rn8xxx_Spi.o [1]
  .text              ro code     0x2'f3f2      0xc0  sqrt.o [3]
  .rodata            const       0x2'f4b2       0x2  Dl698_ICData.o [1]
  .text              ro code     0x2'f4b4      0x60  Rn8xxx_M2M.o [1]
  .text              ro code     0x2'f514      0x20  FltCmpEq.o [3]
  .text              ro code     0x2'f534      0x3a  FltToS32.o [3]
  .rodata            const       0x2'f56e       0x2  Dl698_ICData.o [1]
  .text              ro code     0x2'f570      0x32  I64Mul.o [5]
  .rodata            const       0x2'f5a2       0x2  Dl698_ICData.o [1]
  .text              ro code     0x2'f5a4       0x2  I64DivZer.o [5]
  .rodata            const       0x2'f5a6       0x2  Dl698_ICData.o [1]
  .text              ro code     0x2'f5a8     0xbc4  sysctrl.o [4]
  .text              ro code     0x3'016c      0x66  system_RN8XXX_V2.o [1]
  .rodata            const       0x3'01d2       0x2  Dl698_ICData.o [1]
  .text              ro code     0x3'01d4      0x1e  memcmp.o [5]
  .rodata            const       0x3'01f2       0x2  Dl698_ICData.o [1]
  .text              ro code     0x3'01f4     0x2b6  BSP_IIC.o [1]
  .rodata            const       0x3'04aa       0x2  Dl698_ICData.o [1]
  .text              ro code     0x3'04ac     0x38c  BSP_Spi.o [1]
  .text              ro code     0x3'0838     0x588  utils.o [4]
  .text              ro code     0x3'0dc0     0x5c8  eepromProgram.o [4]
  .text              ro code     0x3'1388     0x844  BSP_Tmp.o [1]
  .text              ro code     0x3'1bcc      0x14  Rn8xxx_Lcd.o [1]
  .text              ro code     0x3'1be0     0x3f4  output.o [1]
  .text              ro code     0x3'1fd4     0x290  Key.o [1]
  .text              ro code     0x3'2264     0xa80  sysupdate.o [4]
  .text              ro code     0x3'2ce4     0x370  BSP_Uart.o [1]
  .text              ro code     0x3'3054     0xa54  Scom.o [1]
  .text              ro code     0x3'3aa8      0x44  Dl698_Crc.o [1]
  .text              ro code     0x3'3aec     0x240  Dl698_Scom.o [1]
  .text              ro code     0x3'3d2c     0x150  Rn8xxx_ISO7816.o [1]
  .text              ro code     0x3'3e7c     0x1e8  SEGGER_RTT.o [1]
  .text              ro code     0x3'4064     0x760  Rn8xxx_DSP.o [1]
  .text              ro code     0x3'47c4     0x168  asin64.o [3]
  .text              ro code     0x3'492c      0x32  DblCmpLe.o [3]
  .rodata            const       0x3'495e       0x2  Dl698_ICData.o [1]
  .text              ro code     0x3'4960      0x84  BSP_Relay.o [1]
  .text              ro code     0x3'49e4     0x258  Rn8xxx_Uart.o [1]
  .text              ro code     0x3'4c3c      0xd0  FIFO.o [1]
  .text              ro code     0x3'4d0c      0x74  strcpy.o [5]
  .text              ro code     0x3'4d80     0x22c  iar_Atan64.o [3]
  .rodata            const       0x3'4fac    0x1798  Rn8xxx_GPIO.o [1]
  .rodata            const       0x3'6744     0x3d8  Dl698_UserData_Oad2DI.o [1]
  .text              ro code     0x3'6b1c     0x334  Drive_AllINT.o [1]
  .rodata            const       0x3'6e50     0x2a0  Energy.o [1]
  .rodata            const       0x3'70f0     0x200  Dl698_Crc.o [1]
  .rodata            const       0x3'72f0     0x1ec  Harmonic.o [1]
  .rodata            const       0x3'74dc     0x1d0  Dl645B_Com.o [1]
  .rodata            const       0x3'76ac     0x198  File.o [1]
  .rodata            const       0x3'7844     0x174  Dl698_UserData_Oad2DI.o [1]
  .rodata            const       0x3'79b8     0x15c  Dl698_UserData_Oad2DI.o [1]
  .rodata            const       0x3'7b14     0x15c  File.o [1]
  .rodata            const       0x3'7c70     0x138  Dl698_UserData_Oad2DI.o [1]
  .rodata            const       0x3'7da8     0x100  MyMath.o [1]
  .rodata            const       0x3'7ea8     0x100  MyMath.o [1]
  .rodata            const       0x3'7fa8      0xf8  Harmonic.o [1]
  .rodata            const       0x3'80a0      0xf0  sysupdate.o [4]
  .rodata            const       0x3'8190      0xe0  Dl698_UserData_Oad2DI.o [1]
  .rodata            const       0x3'8270      0xe0  File.o [1]
  .rodata            const       0x3'8350      0xd8  File.o [1]
  .rodata            const       0x3'8428      0xc8  File.o [1]
  .rodata            const       0x3'84f0      0xc0  sysupdate.o [4]
  .text              ro code     0x3'85b0      0xc0  main.o [1]
  .rodata            const       0x3'8670      0xb8  sysupdate.o [4]
  .rodata            const       0x3'8728      0xa0  Dl645B_Com.o [1]
  .rodata            const       0x3'87c8      0xa0  sysupdate.o [4]
  .rodata            const       0x3'8868      0xa0  sysupdate.o [4]
  .rodata            const       0x3'8908      0x90  File.o [1]
  .rodata            const       0x3'8998      0x90  File.o [1]
  .rodata            const       0x3'8a28      0x90  Measure.o [1]
  .rodata            const       0x3'8ab8      0x88  sysupdate.o [4]
  .rodata            const       0x3'8b40      0x88  sysupdate.o [4]
  .rodata            const       0x3'8bc8      0x88  sysupdate.o [4]
  .rodata            const       0x3'8c50      0x78  Dl645B_Com.o [1]
  .rodata            const       0x3'8cc8      0x78  File.o [1]
  .rodata            const       0x3'8d40      0x78  File.o [1]
  .rodata            const       0x3'8db8      0x70  File.o [1]
  .rodata            const       0x3'8e28      0x6c  Dl698_UserData_Oad2DI.o [1]
  .rodata            const       0x3'8e94      0x6c  Event.o [1]
  .rodata            const       0x3'8f00      0x68  File.o [1]
  .rodata            const       0x3'8f68      0x60  Dl698_UserData_Oad2DI.o [1]
  .rodata            const       0x3'8fc8      0x60  File.o [1]
  .rodata            const       0x3'9028      0x60  xTarget.o [1]
  .rodata            const       0x3'9088      0x58  File.o [1]
  .rodata            const       0x3'90e0      0x50  Dl698_ICData.o [1]
  .rodata            const       0x3'9130      0x50  Dl698_ICData.o [1]
  .rodata            const       0x3'9180      0x50  Dl698_ICData.o [1]
  .rodata            const       0x3'91d0      0x50  Dl698_ICData.o [1]
  .rodata            const       0x3'9220      0x50  Dl698_ICData.o [1]
  .rodata            const       0x3'9270      0x50  File.o [1]
  .rodata            const       0x3'92c0      0x50  File.o [1]
  .rodata            const       0x3'9310      0x48  Dl698_ICData.o [1]
  .rodata            const       0x3'9358      0x48  File.o [1]
  .rodata            const       0x3'93a0      0x48  File.o [1]
  .rodata            const       0x3'93e8      0x48  File.o [1]
  .rodata            const       0x3'9430      0x48  File.o [1]
  .rodata            const       0x3'9478      0x48  File.o [1]
  .rodata            const       0x3'94c0      0x44  Dl645B_Com.o [1]
  .rodata            const       0x3'9504      0x40  File.o [1]
  .rodata            const       0x3'9544      0x40  Freeze.o [1]
  .text              ro code     0x3'9584      0x3c  zero_init3.o [5]
  .rodata            const       0x3'95c0      0x40  iar_Atan64.o [3]
  .rodata            const       0x3'9600      0x38  File.o [1]
  .rodata            const       0x3'9638      0x38  File.o [1]
  .rodata            const       0x3'9670      0x38  Freeze.o [1]
  .rodata            const       0x3'96a8      0x34  Dl698_ICData.o [1]
  .rodata            const       0x3'96dc      0x30  File.o [1]
  .rodata            const       0x3'970c      0x28  Event.o [1]
  .text              ro code     0x3'9734      0x28  data_init.o [5]
  .rodata            const       0x3'975c      0x24  Dl698_UserData_Oad2DI.o [1]
  .iar.init_table    const       0x3'9780      0x20  - Linker created -
  .rodata            const       0x3'97a0      0x20  Event.o [1]
  .rodata            const       0x3'97c0      0x20  File.o [1]
  .rodata            const       0x3'97e0      0x20  Freeze.o [1]
  .text              ro code     0x3'9800      0x1e  cmain.o [5]
  .text              ro code     0x3'981e       0x4  low_level_init.o [2]
  .text              ro code     0x3'9822       0x8  exit.o [2]
  .rodata            const       0x3'982a       0x2  Dl698_ICData.o [1]
  .text              ro code     0x3'982c       0xa  cexit.o [5]
  .rodata            const       0x3'9836       0x2  Dl698_ICData.o [1]
  .text              ro code     0x3'9838      0x14  exit.o [6]
  .rodata            const       0x3'984c      0x1c  Secret.o [1]
  .rodata            const       0x3'9868      0x18  Dl645B_Com.o [1]
  .rodata            const       0x3'9880      0x18  MyMath.o [1]
  .rodata            const       0x3'9898      0x18  Secret.o [1]
  .rodata            const       0x3'98b0      0x18  sysctrl.o [4]
  .rodata            const       0x3'98c8      0x18  sysctrl.o [4]
  .rodata            const       0x3'98e0      0x18  sysctrl.o [4]
  .rodata            const       0x3'98f8      0x18  sysctrl.o [4]
  .rodata            const       0x3'9910      0x18  sysctrl.o [4]
  .rodata            const       0x3'9928      0x18  utils.o [4]
  .rodata            const       0x3'9940      0x18  utils.o [4]
  .rodata            const       0x3'9958      0x14  BSP_Relay.o [1]
  .rodata            const       0x3'996c      0x14  Dl698_ICData.o [1]
  .rodata            const       0x3'9980      0x14  Dl698_ICData.o [1]
  .rodata            const       0x3'9994      0x14  Dl698_ICData.o [1]
  .rodata            const       0x3'99a8      0x14  Dl698_ICData.o [1]
  .rodata            const       0x3'99bc      0x14  main.o [1]
  .rodata            const       0x3'99d0      0x14  main.o [1]
  .rodata            const       0x3'99e4      0x14  utils.o [4]
  .rodata            const       0x3'99f8      0x14  utils.o [4]
  .rodata            const       0x3'9a0c      0x10  BSP_Spi.o [1]
  .rodata            const       0x3'9a1c      0x10  Dl698_ICData.o [1]
  .rodata            const       0x3'9a2c      0x10  Dl698_UserData_Oad2DI.o [1]
  .rodata            const       0x3'9a3c      0x10  File.o [1]
  .rodata            const       0x3'9a4c      0x10  main.o [1]
  .rodata            const       0x3'9a5c      0x10  MyMath.o [1]
  .rodata            const       0x3'9a6c      0x10  SEGGER_RTT_printf.o [1]
  .rodata            const       0x3'9a7c      0x10  SysConst.o [1]
  .rodata            const       0x3'9a8c      0x10  sysctrl.o [4]
  .text              ro code     0x3'9a9c      0x10  startup_RN8xxx_v2.o [1]
  .rodata            const       0x3'9aac       0xc  Dl645B_Com.o [1]
  .rodata            const       0x3'9ab8       0xc  Dl645B_Com.o [1]
  .rodata            const       0x3'9ac4       0xc  Dl645B_Com.o [1]
  .rodata            const       0x3'9ad0       0xc  Dl698_ICData.o [1]
  .rodata            const       0x3'9adc       0xc  Dl698_ICData.o [1]
  .rodata            const       0x3'9ae8       0xc  Dl698_ICData.o [1]
  .rodata            const       0x3'9af4       0xc  Dl698_ICData.o [1]
  .rodata            const       0x3'9b00       0xc  Dl698_ICData.o [1]
  .rodata            const       0x3'9b0c       0xc  Dl698_ICData.o [1]
  .rodata            const       0x3'9b18       0xc  Event.o [1]
  .rodata            const       0x3'9b24       0xc  Scom.o [1]
  .rodata            const       0x3'9b30       0xc  Secret.o [1]
  .rodata            const       0x3'9b3c       0xc  SEGGER_RTT.o [1]
  .text              ro code     0x3'9b48       0xc  cstartup_M.o [5]
  .rodata            const       0x3'9b54       0x8  Dl645B_Com.o [1]
  .rodata            const       0x3'9b5c       0x8  Dl645B_Com.o [1]
  .rodata            const       0x3'9b64       0x8  Dl645B_Com.o [1]
  .rodata            const       0x3'9b6c       0x8  Dl645B_Com.o [1]
  .rodata            const       0x3'9b74       0x8  Dl645B_Com.o [1]
  .rodata            const       0x3'9b7c       0x8  Dl645B_Com.o [1]
  .rodata            const       0x3'9b84       0x8  Dl645B_Com.o [1]
  .rodata            const       0x3'9b8c       0x8  Dl698_EsamOp.o [1]
  .rodata            const       0x3'9b94       0x8  Dl698_ICData.o [1]
  .rodata            const       0x3'9b9c       0x8  Dl698_UserData.o [1]
  .rodata            const       0x3'9ba4       0x8  Dl698_UserData.o [1]
  .rodata            const       0x3'9bac       0x8  Dl698_UserData.o [1]
  .rodata            const       0x3'9bb4       0x8  Dl698_UserData.o [1]
  .rodata            const       0x3'9bbc       0x8  Dl698_UserData.o [1]
  .rodata            const       0x3'9bc4       0x8  Dl698_UserData.o [1]
  .rodata            const       0x3'9bcc       0x8  Dl698_UserData_Oad2DI.o [1]
  .rodata            const       0x3'9bd4       0x8  Dl698_UserData_Oad2DI.o [1]
  .rodata            const       0x3'9bdc       0x8  Dl698_UserData_Oad2DI.o [1]
  .rodata            const       0x3'9be4       0x8  Event.o [1]
  .rodata            const       0x3'9bec       0x8  File.o [1]
  .rodata            const       0x3'9bf4       0x8  File.o [1]
  .rodata            const       0x3'9bfc       0x8  File.o [1]
  .rodata            const       0x3'9c04       0x8  SEGGER_RTT.o [1]
  .rodata            const       0x3'9c0c       0x8  eepromProgram.o [4]
  .rodata            const       0x3'9c14       0x8  eepromProgram.o [4]
  .rodata            const       0x3'9c1c       0x4  BSP_Spi.o [1]
  .rodata            const       0x3'9c20       0x4  BSP_Spi.o [1]
  .rodata            const       0x3'9c24       0x4  Dl698_EsamOp.o [1]
  .rodata            const       0x3'9c28       0x4  Dl698_EsamOp.o [1]
  .rodata            const       0x3'9c2c       0x4  Dl698_ICData.o [1]
  .rodata            const       0x3'9c30       0x4  Dl698_UserData.o [1]
  .rodata            const       0x3'9c34       0x4  Dl698_UserData_Oad2DI.o [1]
  .rodata            const       0x3'9c38       0x4  Dl698_UserData_Oad2DI.o [1]
  .rodata            const       0x3'9c3c       0x4  SysConst.o [1]
  .rodata            const       0x3'9c40       0x2  Dl698_UserData_Oad2DI.o [1]
  .text              ro code     0x3'9c42       0x2  startup_RN8xxx_v2.o [1]
  .text              ro code     0x3'9c44       0x2  startup_RN8xxx_v2.o [1]
  .text              ro code     0x3'9c46       0x2  startup_RN8xxx_v2.o [1]
  .text              ro code     0x3'9c48       0x2  startup_RN8xxx_v2.o [1]
  .text              ro code     0x3'9c4a       0x2  startup_RN8xxx_v2.o [1]
  .text              ro code     0x3'9c4c       0x2  startup_RN8xxx_v2.o [1]
  .text              ro code     0x3'9c4e       0x2  startup_RN8xxx_v2.o [1]
  .text              ro code     0x3'9c50       0x2  startup_RN8xxx_v2.o [1]
  .text              ro code     0x3'9c52       0x2  startup_RN8xxx_v2.o [1]
  .text              ro code     0x3'9c54       0x2  startup_RN8xxx_v2.o [1]
  .text              ro code     0x3'9c56       0x2  startup_RN8xxx_v2.o [1]
  .text              ro code     0x3'9c58       0x2  startup_RN8xxx_v2.o [1]
  .text              ro code     0x3'9c5a       0x2  startup_RN8xxx_v2.o [1]
  .text              ro code     0x3'9c5c       0x2  startup_RN8xxx_v2.o [1]
  .rodata            const       0x3'9c5e       0x1  Dl698_ICData.o [1]
  .rodata            const       0x3'9c5f       0x1  Dl698_UserData_Oad2DI.o [1]
  .rodata            const       0x3'9c60       0x0  zero_init3.o [5]
  .rodata            const       0x3'9c60       0x0  lz77_init_single.o [5]
  Initializer bytes  const       0x3'9c60     0x135  <for P2-1>
                               - 0x3'9d95  0x3'9cd5

"P3":                                        0x1098
  ownsection         const       0x3'e000     0x7d0  SysConst.o [1]
  ownsection         const       0x3'e7d0     0x194  SysConst.o [1]
  ownsection         const       0x3'e964     0x17c  SysConst.o [1]
  ownsection         const       0x3'eae0      0xf4  Measure.o [1]
  ownsection         const       0x3'ebd4      0xc8  SysConst.o [1]
  ownsection         const       0x3'ec9c      0xac  SysConst.o [1]
  ownsection         const       0x3'ed48      0x70  SysConst.o [1]
  ownsection         const       0x3'edb8      0x6c  SysConst.o [1]
  ownsection         const       0x3'ee24      0x68  SysConst.o [1]
  ownsection         const       0x3'ee8c      0x60  SysConst.o [1]
  ownsection         const       0x3'eeec      0x58  SysConst.o [1]
  ownsection         const       0x3'ef44      0x3c  SysConst.o [1]
  ownsection         const       0x3'ef80      0x38  SysConst.o [1]
  ownsection         const       0x3'efb8      0x24  SysConst.o [1]
  ownsection         const       0x3'efdc      0x20  Measure.o [1]
  ownsection         const       0x3'effc      0x20  SysConst.o [1]
  ownsection         const       0x3'f01c      0x14  SysConst.o [1]
  ownsection         const       0x3'f030      0x14  SysConst.o [1]
  ownsection         const       0x3'f044      0x14  SysConst.o [1]
  ownsection         const       0x3'f058      0x14  SysConst.o [1]
  ownsection         const       0x3'f06c      0x10  SysConst.o [1]
  ownsection         const       0x3'f07c       0xc  SysConst.o [1]
  ownsection         const       0x3'f088       0xc  SysConst.o [1]
  ownsection         const       0x3'f094       0x4  SysConst.o [1]
                               - 0x3'f098    0x1098

"P2", part 1 of 3:                            0x1b8
  P2-1                        0x1000'0000     0x1b8  <Init block>
    .data            inited   0x1000'0000       0x4  BSP_Spi.o [1]
    .data            inited   0x1000'0004       0x4  BSP_Uart.o [1]
    .data            inited   0x1000'0008      0x30  Dl698_DL.o [1]
    .data            inited   0x1000'0038      0x68  Dl698_ICData.o [1]
    .data            inited   0x1000'00a0       0x4  Dl698_Memory.o [1]
    .data            inited   0x1000'00a4      0x5c  Dl698_UserData.o [1]
    .data            inited   0x1000'0100      0x44  Dl698_UserData.o [1]
    .data            inited   0x1000'0144      0x70  Dl698_UserData.o [1]
    .data            inited   0x1000'01b4       0x4  system_RN8XXX_V2.o [1]
                            - 0x1000'01b8     0x1b8

"P2", part 2 of 3:                           0xfc9c
  .bss               zero     0x1000'01b8    0x3b50  Measure.o [1]
  .bss               zero     0x1000'3d08    0x2800  Dl698_Memory.o [1]
  .bss               zero     0x1000'6508    0x2270  Dl698_Globals.o [1]
  .bss               zero     0x1000'8778    0x1f60  Harmonic.o [1]
  .bss               zero     0x1000'a6d8    0x1224  Measure.o [1]
  .bss               zero     0x1000'b8fc    0x1000  AT45DB642D.o [1]
  .bss               zero     0x1000'c8fc     0xc00  Globals.o [1]
  .bss               zero     0x1000'd4fc     0xc00  Measure.o [1]
  .bss               zero     0x1000'e0fc     0x6ac  Globals.o [1]
  .bss               zero     0x1000'e7a8     0x484  Measure.o [1]
  .bss               zero     0x1000'ec2c     0x400  SEGGER_RTT.o [1]
  .bss               zero     0x1000'f02c     0x1a8  Globals.o [1]
  .bss               zero     0x1000'f1d4      0x74  Globals.o [1]
  .bss               zero     0x1000'f248     0x1a0  Globals.o [1]
  .bss               zero     0x1000'f3e8      0xf4  Globals.o [1]
  .bss               zero     0x1000'f4dc      0xa8  SEGGER_RTT.o [1]
  .bss               zero     0x1000'f584      0xa4  BSP_Tmp.o [1]
  .bss               zero     0x1000'f628      0x9c  Dl698_UserData_Oad2DI.o [1]
  .bss               zero     0x1000'f6c4      0x84  Globals.o [1]
  .bss               zero     0x1000'f748      0x80  BSP_Tmp.o [1]
  .bss               zero     0x1000'f7c8      0x74  Globals.o [1]
  .bss               zero     0x1000'f83c      0x70  Globals.o [1]
  .bss               zero     0x1000'f8ac      0x6c  Globals.o [1]
  .bss               zero     0x1000'f918      0x64  Globals.o [1]
  .bss               zero     0x1000'f97c      0x60  BSP_Tmp.o [1]
  .bss               zero     0x1000'f9dc      0x60  BSP_Tmp.o [1]
  .bss               zero     0x1000'fa3c      0x60  xTarget.o [1]
  .bss               zero     0x1000'fa9c      0x58  Globals.o [1]
  .bss               zero     0x1000'faf4      0x50  Dl698_Memory.o [1]
  .bss               zero     0x1000'fb44      0x40  Globals.o [1]
  .bss               zero     0x1000'fb84      0x38  Globals.o [1]
  .bss               zero     0x1000'fbbc      0x34  Globals.o [1]
  .bss               zero     0x1000'fbf0      0x30  FIFO.o [1]
  .bss               zero     0x1000'fc20      0x2c  app_rn7306.o [1]
  .bss               zero     0x1000'fc4c      0x28  Harmonic.o [1]
  .bss               zero     0x1000'fc74      0x20  BSP_Tmp.o [1]
  .bss               zero     0x1000'fc94      0x20  BSP_Tmp.o [1]
  .bss               zero     0x1000'fcb4      0x20  Globals.o [1]
  .bss               zero     0x1000'fcd4      0x20  Globals.o [1]
  .bss               zero     0x1000'fcf4      0x1c  Harmonic.o [1]
  .bss               zero     0x1000'fd10      0x18  Globals.o [1]
  .bss               zero     0x1000'fd28      0x18  Harmonic.o [1]
  .bss               zero     0x1000'fd40      0x18  Key.o [1]
  .bss               zero     0x1000'fd58      0x14  Globals.o [1]
  .bss               zero     0x1000'fd6c      0x14  Globals.o [1]
  .bss               zero     0x1000'fd80      0x14  Globals.o [1]
  .bss               zero     0x1000'fd94      0x14  Globals.o [1]
  .bss               zero     0x1000'fda8      0x10  BSP_Tmp.o [1]
  .bss               zero     0x1000'fdb8      0x10  Globals.o [1]
  .bss               zero     0x1000'fdc8      0x10  RN7306.o [1]
  .bss               zero     0x1000'fdd8      0x10  SEGGER_RTT.o [1]
  .bss               zero     0x1000'fde8       0x8  app_rn7306.o [1]
  .bss               zero     0x1000'fdf0       0x8  app_rn7306.o [1]
  .bss               zero     0x1000'fdf8       0x8  app_rn7306.o [1]
  .bss               zero     0x1000'fe00       0x8  BSP_Relay.o [1]
  .bss               zero     0x1000'fe08       0x8  Dl698_DL.o [1]
  .bss               zero     0x1000'fe10       0x8  Dl698_DL.o [1]
  .bss               zero     0x1000'fe18       0x8  Globals.o [1]
  .bss               zero     0x1000'fe20       0x8  Globals.o [1]
  .bss               zero     0x1000'fe28       0x4  app_rn7306.o [1]
  .bss               zero     0x1000'fe2c       0x4  Dl645B_Com.o [1]
  .bss               zero     0x1000'fe30       0x4  Dl698_Globals.o [1]
  .bss               zero     0x1000'fe34       0x4  Dl698_Memory.o [1]
  .bss               zero     0x1000'fe38       0x4  Dl698AL_process.o [1]
  .bss               zero     0x1000'fe3c       0x4  Globals.o [1]
  .bss               zero     0x1000'fe40       0x4  sysupdate.o [4]
  .bss               zero     0x1000'fe44       0x2  BSP_Tmp.o [1]
  .bss               zero     0x1000'fe46       0x2  Dl698_EsamOp.o [1]
  .bss               zero     0x1000'fe48       0x2  Drive_AllINT.o [1]
  .bss               zero     0x1000'fe4a       0x2  Globals.o [1]
  .bss               zero     0x1000'fe4c       0x2  xTarget.o [1]
  .bss               zero     0x1000'fe4e       0x1  BSP_Tmp.o [1]
  .bss               zero     0x1000'fe4f       0x1  BSP_Tmp.o [1]
  .bss               zero     0x1000'fe50       0x1  Dl698_EsamOp.o [1]
  .bss               zero     0x1000'fe51       0x1  Dl698_EsamOp.o [1]
  .bss               zero     0x1000'fe52       0x1  Power_Up_Down.o [1]
                            - 0x1000'fe53    0xfc9b

"P2", part 3 of 3:                            0xe84
  .noinit            uninit   0x1000'fe54     0x180  Globals.o [1]
  CSTACK                      0x1000'ffd8     0xd00  <Block>
    CSTACK           uninit   0x1000'ffd8     0xd00  <Block tail>
                            - 0x1001'0cd8     0xe84

Unused ranges:

         From           To    Size
         ----           --    ----
     0x3'9d95     0x3'dfff  0x426b
     0x3'f098     0x4'0000   0xf69
  0x1001'0cd8  0x1001'8000  0x7329


*******************************************************************************
*** INIT TABLE
***

          Address      Size
          -------      ----
Zero (__iar_zero_init3)
    1 destination range, total size 0xfc9b:
          0x1000'01b8  0xfc9b

Copy/lz77 (__iar_lz77_init_single3)
    1 source range, total size 0x135 (70% of destination):
             0x3'9c60   0x135
    1 destination range, total size 0x1b8:
          0x1000'0000   0x1b8


*******************************************************************************
*** STACK USAGE
***

  Call Graph Root Category  Max Use  Total Use
  ------------------------  -------  ---------
  Program entry              1'220      1'220
  Uncalled function            148        592


Program entry
  "__iar_program_start": 0x3'9b49

  Maximum call chain                            *?* 1'220  bytes
    (** call graph contains indirect calls (example: "eepromProgram") **)

    "__iar_program_start"                               0
    "__cmain"                                           0
    "main"                                             16
    "fnScomPk_Exec"                                    32
    "fnDl645_Process"                                  24
    "fnPt_Exec"                                         8
    "fnDl645B_Exec"                                    24
    "fnDl645B_RxAnalyse"                                8
    "fnDl645B_Unpack11"                                40
    "fnDl645_GetRmEgSh"                               104
    "fnDl645_GetRmEgShItem"                            72
    "fnGet_DispData"                                   56
    "fnGet_EvtRecord"                                 168
    "fnDl698AL_Get_OIOpSec"                            16
    "fnDl698AL_Get_OISec"                               8
    "fnRead_FormulationSecPar"                        272
    "fnFile_Read"                                      16
    "fnMemory_Read"                                     8
    "fnSocEE_Read"                                     40
    "fnOperateSocEE"                                   32
    "eepromProgram"                                    56
    "__eepromProgram_9103c"                           184
    "__checkFlag" in eepromProgram.o [4]               24
    "__swDelay" in eepromProgram.o [4]                  8
    "__acqCorefre" in eepromProgram.o [4]               4

Uncalled function
  "CMP_HANDLER": 0x3'6c9d

  Maximum call chain                                4  bytes

    "CMP_HANDLER"                                   4

Uncalled function
  "EXT1_HANDLER": 0x3'6be3

  Maximum call chain                                0  bytes

    "EXT1_HANDLER"                                  0

Uncalled function
  "EXT3_HANDLER": 0x3'6bf9

  Maximum call chain                                0  bytes

    "EXT3_HANDLER"                                  0

Uncalled function
  "EXT4_HANDLER": 0x3'6c01

  Maximum call chain                               16  bytes

    "EXT4_HANDLER"                                 16
    "fnMeasure_DMAReadWaveData"                     0

Uncalled function
  "EXT6_HANDLER": 0x3'6c0f

  Maximum call chain                                0  bytes

    "EXT6_HANDLER"                                  0

Uncalled function
  "EXT7_HANDLER": 0x3'6c17

  Maximum call chain                                0  bytes

    "EXT7_HANDLER"                                  0

Uncalled function
  "HardFault_Handler": 0x3'6dc9

  Maximum call chain                                0  bytes

    "HardFault_Handler"                             0

Uncalled function
  "ISO78161_HANDLER": 0x3'6ce1

  Maximum call chain                               16  bytes

    "ISO78161_HANDLER"                             16

Uncalled function
  "KBI_HANDLER": 0x3'6d3d

  Maximum call chain                               12  bytes

    "KBI_HANDLER"                                  12

Uncalled function
  "RTC_HANDLER": 0x3'6da1

  Maximum call chain                               80  bytes

    "RTC_HANDLER"                                  16
    "fnSysDateTimes"                               24
    "Rn8xxx_RTC_Read"                              40
    "memcmp"                                        0

Uncalled function
  "SPI1_HANDLER": 0x3'6c47

  Maximum call chain                              112  bytes

    "SPI1_HANDLER"                                 24
    "fnScomSpi_Init"                               76
    "__aeabi_memcpy4"                              12

Uncalled function
  "SPI_HANDLER": 0x3'6c1f

  Maximum call chain                              116  bytes

    "SPI_HANDLER"                                  24
    "fnWaveHsdcSpi_AdcCheck"                       32
    "fnWaveHsdcSpi_ToHmonic"                       16
    "Rn8xxx_M2M_Move"                              16
    "fnRegState_Detect"                            24
    "SystemDelayUs"                                 4

Uncalled function
  "TC0_HANDLER": 0x3'6b1d

  Maximum call chain                            *?* 72  bytes
    (** call graph contains indirect calls (example: "fnRN8302_Read") **)

    "TC0_HANDLER"                                    8
    "fnWaveHfrmsSmple"                              32
    "fnRN8302_Read"                                 32

Uncalled function
  "TC1_HANDLER": 0x3'6b51

  Maximum call chain                                0  bytes

    "TC1_HANDLER"                                   0

Uncalled function
  "UART0_HANDLER": 0x3'6b59

  Maximum call chain                              148  bytes

    "UART0_HANDLER"                                32
    "fnScomUart_Init"                              56
    "BSP_Uart_DMAInit"                             32
    "Rn8xxx_UART_DMAInit"                          24
    "Rn8xxx_Uart_GetRegAddr"                        4

Uncalled function
  "UART1_HANDLER": 0x3'6bc3

  Maximum call chain                                0  bytes

    "UART1_HANDLER"                                 0

Uncalled function
  "UART3_HANDLER": 0x3'6bcb

  Maximum call chain                                0  bytes

    "UART3_HANDLER"                                 0

Uncalled function
  "UART4_HANDLER": 0x3'6bd3

  Maximum call chain                                0  bytes

    "UART4_HANDLER"                                 0

Uncalled function
  "UART5_HANDLER": 0x3'6bdb

  Maximum call chain                                0  bytes

    "UART5_HANDLER"                                 0

Uncalled function
  "Rn8302Spi_ReadByte": 0x2'c395

  Maximum call chain                                4  bytes

    "Rn8302Spi_ReadByte"                            4

Uncalled function
  "Rn8302Spi_WriteByte": 0x2'c34d

  Maximum call chain                                8  bytes

    "Rn8302Spi_WriteByte"                           8

Uncalled function
  "Rn8302_SpiCS": 0x2'c331

  Maximum call chain                                4  bytes

    "Rn8302_SpiCS"                                  4

Uncalled function
  "SystemInit": 0x3'01d1

  Maximum call chain                                0  bytes

    "SystemInit"                                    0

The following functions perform unknown indirect calls:

  "eepromProgram": 0x2'6e5d
  "fnRN8302_Read": 0x2'c1df
  "fnRN8302_Write": 0x2'c035
  "nvmWrEnable": 0x3'0b75


*******************************************************************************
*** MODULE SUMMARY
***

    Module                   ro code  ro data  rw data
    ------                   -------  -------  -------
command line/config:
    --------------------------------------------------
    Total:

D:\IAR Projects\IotMeter_Rn8611_7306_RNW_SVN-250715\Proj\IAR_Proj_RN8611_RN7306_IOTMeter\Debug\Obj: [1]
    AT45DB642D.o               1'420             4'096
    BSP_Esam.o                   376
    BSP_IIC.o                    694
    BSP_Relay.o                  132       20        8
    BSP_Spi.o                    908       26        4
    BSP_Tmp.o                  2'116               568
    BSP_Uart.o                   880        3        4
    Bkgrd.o                    2'928
    Dl645B_Com.o              27'680      928        4
    Dl645_ICEsam.o             2'764
    Dl698AL_Act.o              1'312
    Dl698AL_Conn.o             2'052
    Dl698AL_Get.o              2'220
    Dl698AL_Report.o             872
    Dl698AL_Set.o                956
    Dl698AL_asn1.o             4'150
    Dl698AL_process.o          7'444                 4
    Dl698_AL.o                 1'872
    Dl698_Crc.o                   68      512
    Dl698_DL.o                 4'632       34       64
    Dl698_EsamOp.o             3'232       16        4
    Dl698_Globals.o                              8'820
    Dl698_ICData.o                        814      104
    Dl698_Memory.o               524        3   10'328
    Dl698_Scom.o                 576
    Dl698_UserData.o           4'988      243      272
    Dl698_UserData_Oad2DI.o   54'492    2'531      156
    Drive_AllINT.o               820                 2
    Drive_Clock.o                156
    Energy.o                   3'084      672
    Event.o                   11'468      200
    FIFO.o                       208                48
    File.o                     1'476    3'140
    Fm24Cxx.o                  1'020
    Freeze.o                   1'816      152
    Globals.o                    388             7'398
    Harmonic.o                 4'328      740    8'124
    Key.o                        656                24
    Measure.o                 19'972      420   24'056
    Memory.o                     596
    Misc.o                        44
    MyMath.o                   2'756      552
    Power_Up_Down.o            3'744                 1
    RN7306.o                     952                16
    Rn8xxx_Common.o              164
    Rn8xxx_DSP.o               1'888
    Rn8xxx_GPIO.o              1'996    6'040
    Rn8xxx_INTC.o                356
    Rn8xxx_ISO7816.o             336
    Rn8xxx_KBI.o                 144
    Rn8xxx_Lcd.o                  20
    Rn8xxx_LvdCmpSar.o           720
    Rn8xxx_M2M.o                  96
    Rn8xxx_RTC.o               1'204
    Rn8xxx_Spi.o                 518
    Rn8xxx_TC.o                  404
    Rn8xxx_Uart.o                600
    SEGGER_RTT.o                 488       20    1'208
    SEGGER_RTT_printf.o        1'050       16
    Scom.o                     2'644       12
    Secret.o                   2'092       64
    SysConst.o                          3'992
    app_rn7306.o               3'564                72
    main.o                       192       56
    output.o                   1'012
    startup_RN8xxx_v2.o          236
    system_RN8XXX_V2.o           102        3        4
    xTarget.o                  1'928       96       98
    --------------------------------------------------
    Total:                   204'526   21'305   65'487

dl6M_tln.a: [2]
    abs.o                          8
    exit.o                         8
    low_level_init.o               4
    --------------------------------------------------
    Total:                        20

m6M_tl.a: [3]
    DblAddSub.o                  436
    DblCmpLe.o                    50
    DblDiv.o                     194
    DblMul.o                     388
    DblToFlt.o                    98
    DblToI32.o                    82
    FltAddSub.o                  288
    FltCmpEq.o                    32
    FltCmpGe.o                    40
    FltDiv.o                     170
    FltMul.o                     176
    FltToDbl.o                    50
    FltToS32.o                    58
    FltToU32.o                    38
    IxxToDbl.o                   136
    IxxToFlt.o                    54
    asin64.o                     360
    iar_Atan64.o                 556       64
    sqrt.o                       192
    --------------------------------------------------
    Total:                     3'398       64

rn8xxx_v2_lib.a: [4]
    eepromProgram.o            1'480       16
    nvm.o                        240
    rtc.o                        340
    sysctrl.o                  3'012      136
    sysupdate.o                2'688    1'344        4
    utils.o                    1'416       88
    --------------------------------------------------
    Total:                     9'176    1'584        4

rt6M_tl.a: [5]
    ABImemcpy.o                   78
    ABImemset.o                   82
    I32DivModFast.o              224
    I64DivMod.o                  168
    I64DivZer.o                    2
    I64Mul.o                      50
    IntDivZer.o                    2
    cexit.o                       10
    cmain.o                       30
    cstartup_M.o                  12
    data_init.o                   40
    lz77_init_single.o           126
    memcmp.o                      30
    strcpy.o                     116
    uread4.o                      22
    uwrite4.o                     20
    zero_init3.o                  60
    --------------------------------------------------
    Total:                     1'072

shb_l.a: [6]
    exit.o                        20
    --------------------------------------------------
    Total:                        20

    Linker created                         32    3'328
------------------------------------------------------
    Grand Total:             218'212   22'985   68'819


*******************************************************************************
*** ENTRY LIST
***

Entry                       Address    Size  Type      Object
-----                       -------    ----  ----      ------
.iar.init_table$$Base      0x3'9780           --   Gb  - Linker created -
.iar.init_table$$Limit     0x3'97a0           --   Gb  - Linker created -
?main                      0x3'9801          Code  Gb  cmain.o [5]
ASCIIParaDefault           0x3'e7d0   0x194  Data  Gb  SysConst.o [1]
AtiveOAD                   0x3'9bb4     0x8  Data  Gb  Dl698_UserData.o [1]
BSP_EASM_GetPower          0x2'9d95    0x14  Code  Gb  BSP_Esam.o [1]
BSP_EsamSpi_Init           0x2'9e2f    0x62  Code  Gb  BSP_Esam.o [1]
BSP_EsamSpi_ReadByte       0x2'9eb7     0xa  Code  Gb  BSP_Esam.o [1]
BSP_EsamSpi_WriteByte      0x2'9ea9     0xe  Code  Gb  BSP_Esam.o [1]
BSP_Esam_Stop              0x2'9da9    0x86  Code  Gb  BSP_Esam.o [1]
BSP_FlashSpi_Init          0x3'04bb    0x7e  Code  Gb  BSP_Spi.o [1]
BSP_FlashSpi_ReadByte      0x3'0619    0x82  Code  Gb  BSP_Spi.o [1]
BSP_FlashSpi_Stop          0x3'0539    0x66  Code  Gb  BSP_Spi.o [1]
BSP_FlashSpi_WriteByte     0x3'059f    0x7a  Code  Gb  BSP_Spi.o [1]
BSP_ManageModuleSpi_Init
                           0x3'0729    0xb8  Code  Gb  BSP_Spi.o [1]
BSP_RelayInit              0x3'4961    0x7a  Code  Gb  BSP_Relay.o [1]
BSP_SpiCtrlandDmaRxCheck
                           0x3'07e1    0x26  Code  Gb  BSP_Spi.o [1]
BSP_SpiId_DMAEnOrDis_Get
                           0x3'06d1    0x58  Code  Gb  BSP_Spi.o [1]
BSP_SpiId_Get              0x3'069b    0x36  Code  Gb  BSP_Spi.o [1]
BSP_TxEnDis                0x3'3009    0x38  Code  Gb  BSP_Uart.o [1]
BSP_UartId_DMAEnOrDis_Get
                           0x3'2d29    0x58  Code  Gb  BSP_Uart.o [1]
BSP_UartId_Get             0x3'2cf3    0x36  Code  Gb  BSP_Uart.o [1]
BSP_Uart_DMAInit           0x3'2f51    0x34  Code  Gb  BSP_Uart.o [1]
BSP_Uart_Init              0x3'2d81   0x1c6  Code  Gb  BSP_Uart.o [1]
Bkgrd                   0x1000'f6c4    0x84  Data  Gb  Globals.o [1]
BufTemp                 0x1000'c8fc   0xc00  Data  Gb  Globals.o [1]
CAL_BUSY_TIMEOUT           0x3'9928    0x18  Data  Lc  utils.o [4]
CMP_HANDLER                0x3'6c9d    0x44  Code  Gb  Drive_AllINT.o [1]
CSTACK$$Base            0x1000'ffd8           --   Gb  - Linker created -
CSTACK$$Limit           0x1001'0cd8           --   Gb  - Linker created -
CheckRegStamp           0x1000'fe4c     0x2  Data  Gb  xTarget.o [1]
CheckTPeriodValid          0x1'1a3d     0x4  Code  Gb  Dl698_UserData.o [1]
CipherKeyParaDefault       0x3'9c3c     0x4  Data  Gb  SysConst.o [1]
ComPack                 0x1000'fbbc    0x34  Data  Gb  Globals.o [1]
ComParaDefault             0x3'9a7c    0x10  Data  Gb  SysConst.o [1]
CommPara                0x1000'fdb8    0x10  Data  Gb  Globals.o [1]
Conv_temp_CT7538           0x3'1589    0x36  Code  Gb  BSP_Tmp.o [1]
CurApplyEg              0x1000'fcd4    0x20  Data  Gb  Globals.o [1]
DispParaDefault            0x3'e000   0x7d0  Data  Gb  SysConst.o [1]
Dl645B_RmEgSh              0x3'9868    0x18  Data  Gb  Dl645B_Com.o [1]
Dl698_FrameCheck           0x2'8e05   0x310  Code  Gb  Dl698_DL.o [1]
DocParaDefault             0x3'f06c    0x10  Data  Gb  SysConst.o [1]
EEprom_Stop                0x2'68a9    0x28  Code  Gb  Fm24Cxx.o [1]
ENERGY_Item                0x3'8190    0xe0  Data  Gb  Dl698_UserData_Oad2DI.o [1]
ENUMERATED                 0x3'9c40     0x2  Data  Gb  Dl698_UserData_Oad2DI.o [1]
ESAMP2Const                0x3'8f68    0x60  Data  Gb  Dl698_UserData_Oad2DI.o [1]
EXT1_HANDLER               0x3'6be3    0x16  Code  Gb  Drive_AllINT.o [1]
EXT3_HANDLER               0x3'6bf9     0x8  Code  Gb  Drive_AllINT.o [1]
EXT4_HANDLER               0x3'6c01     0xe  Code  Gb  Drive_AllINT.o [1]
EXT6_HANDLER               0x3'6c0f     0x8  Code  Gb  Drive_AllINT.o [1]
EXT7_HANDLER               0x3'6c17     0x8  Code  Gb  Drive_AllINT.o [1]
EgMoney                 0x1000'fb44    0x40  Data  Gb  Globals.o [1]
Energy                  0x1000'fe54   0x180  Data  Gb  Globals.o [1]
EnergyOpConst              0x3'6e50   0x2a0  Data  Gb  Energy.o [1]
EvConst                    0x3'97a0    0x20  Data  Gb  Event.o [1]
EvStatusInter           0x1000'fd80    0x14  Data  Gb  Globals.o [1]
Event                   0x1000'fb84    0x38  Data  Gb  Globals.o [1]
Event_Item                 0x3'975c    0x24  Data  Gb  Dl698_UserData_Oad2DI.o [1]
EvtC7_StdRecList           0x3'970c    0x28  Data  Gb  Event.o [1]
EvtCList2Default           0x3'f030    0x14  Data  Gb  SysConst.o [1]
EvtCListSetPswDefault      0x3'f07c     0xc  Data  Gb  SysConst.o [1]
EvtCfgParaDefault          0x3'f01c    0x14  Data  Gb  SysConst.o [1]
EvtDefaultlist             0x3'edb8    0x6c  Data  Gb  SysConst.o [1]
EvtMeterClrCListDefault
                           0x3'ec9c    0xac  Data  Gb  SysConst.o [1]
EvtMngPlugCListDefault     0x3'ee24    0x68  Data  Gb  SysConst.o [1]
EvtMngUpdateCListDefault
                           0x3'ef44    0x3c  Data  Gb  SysConst.o [1]
EvtOpenCoverCListDefault
                           0x3'eeec    0x58  Data  Gb  SysConst.o [1]
EvtReportDefault           0x3'efb8    0x24  Data  Gb  SysConst.o [1]
EvtRptData              0x1000'f83c    0x70  Data  Gb  Globals.o [1]
EvtStdRcdList_DataType     0x3'9be4     0x8  Data  Gb  Event.o [1]
EvtStdlist                 0x3'8e94    0x6c  Data  Gb  Event.o [1]
FIFOMailBox             0x1000'fbf0    0x30  Data  Gb  FIFO.o [1]
FIFO_Info                  0x3'4ced    0x1c  Code  Gb  FIFO.o [1]
FIFO_Init                  0x3'4c55    0x32  Code  Gb  FIFO.o [1]
FIFO_StartSend             0x3'4c87    0x66  Code  Gb  FIFO.o [1]
FactorySoftVer             0x3'effc    0x20  Data  Gb  SysConst.o [1]
FftCosAngle_Tab            0x3'72f0   0x1ec  Data  Gb  Harmonic.o [1]
FftGP_Tab                  0x3'7fa8    0xf8  Data  Gb  Harmonic.o [1]
FileInfo                   0x3'7b14   0x15c  Data  Gb  File.o [1]
FileItemInfo_BackUpCurMoney
                           0x3'8db8    0x70  Data  Gb  File.o [1]
FileItemInfo_CurStat       0x3'9600    0x38  Data  Gb  File.o [1]
FileItemInfo_EgSh          0x3'8270    0xe0  Data  Gb  File.o [1]
FileItemInfo_EvtCfgPara
                           0x3'92c0    0x50  Data  Gb  File.o [1]
FileItemInfo_EvtCtxlist
                           0x3'93e8    0x48  Data  Gb  File.o [1]
FileItemInfo_EvtRcdHead
                           0x3'9430    0x48  Data  Gb  File.o [1]
FileItemInfo_EvtRecord     0x3'9478    0x48  Data  Gb  File.o [1]
FileItemInfo_EvtReport     0x3'8350    0xd8  Data  Gb  File.o [1]
FileItemInfo_FirmPara      0x3'76ac   0x198  Data  Gb  File.o [1]
FileItemInfo_FrzCtxlist
                           0x3'9bec     0x8  Data  Gb  File.o [1]
FileItemInfo_FrzMinLineHead
                           0x3'9504    0x40  Data  Gb  File.o [1]
FileItemInfo_FrzRcdHead
                           0x3'9bf4     0x8  Data  Gb  File.o [1]
FileItemInfo_FrzRecord     0x3'9bfc     0x8  Data  Gb  File.o [1]
FileItemInfo_HighPara      0x3'8428    0xc8  Data  Gb  File.o [1]
FileItemInfo_HighState     0x3'8998    0x90  Data  Gb  File.o [1]
FileItemInfo_InterTmp      0x3'9358    0x48  Data  Gb  File.o [1]
FileItemInfo_NvRam         0x3'9a3c    0x10  Data  Gb  File.o [1]
FileItemInfo_ParaASCII     0x3'8908    0x90  Data  Gb  File.o [1]
FileItemInfo_ParaCipherKey
                           0x3'9638    0x38  Data  Gb  File.o [1]
FileItemInfo_ParaCom       0x3'96dc    0x30  Data  Gb  File.o [1]
FileItemInfo_ParaDisp      0x3'8f00    0x68  Data  Gb  File.o [1]
FileItemInfo_ParaDoc       0x3'93a0    0x48  Data  Gb  File.o [1]
FileItemInfo_ParaOutput
                           0x3'8d40    0x78  Data  Gb  File.o [1]
FileItemInfo_ParaWaste     0x3'8fc8    0x60  Data  Gb  File.o [1]
FileItemInfo_PowDnDataMemory
                           0x3'9270    0x50  Data  Gb  File.o [1]
FileItemInfo_RatePara      0x3'8cc8    0x78  Data  Gb  File.o [1]
FileItemInfo_SecretPara
                           0x3'9088    0x58  Data  Gb  File.o [1]
FileItemInfo_TemperSchoolPara
                           0x3'97c0    0x20  Data  Gb  File.o [1]
FirmDataLen                0x3'8728    0xa0  Data  Gb  Dl645B_Com.o [1]
FirmPara                   0x3'74dc   0x1d0  Data  Gb  Dl645B_Com.o [1]
FirmParaDefault            0x3'eae0    0xf4  Data  Gb  Measure.o [1]
FristPowOn                 0x3'f094     0x4  Data  Gb  SysConst.o [1]
FrzBlock1Const             0x3'9670    0x38  Data  Gb  Freeze.o [1]
FrzBlock2Const             0x3'9544    0x40  Data  Gb  Freeze.o [1]
FrzDefaultlist             0x3'f088     0xc  Data  Gb  SysConst.o [1]
FrzMinLineDefault0         0x3'f044    0x14  Data  Gb  SysConst.o [1]
FrzMinLineDefault1         0x3'f058    0x14  Data  Gb  SysConst.o [1]
FrzMinListDefault          0x3'ebd4    0xc8  Data  Gb  SysConst.o [1]
Frz_Item                   0x3'9c34     0x4  Data  Gb  Dl698_UserData_Oad2DI.o [1]
Frz_StdRecList             0x3'97e0    0x20  Data  Gb  Freeze.o [1]
GetCodeVersion             0x3'015f     0x4  Code  Gb  sysctrl.o [4]
GetLibVersion              0x3'0159     0x4  Code  Gb  sysctrl.o [4]
GpioCfgSpiId               0x3'9c1c     0x4  Data  Gb  BSP_Spi.o [1]
GpioFunFile                0x3'4fac  0x1798  Data  Gb  Rn8xxx_GPIO.o [1]
HOSC_CYCLES                0x3'9a8c    0x10  Data  Lc  sysctrl.o [4]
HWAllowData                0x3'8c50    0x78  Data  Gb  Dl645B_Com.o [1]
HardFault_Handler          0x3'6dc9     0x8  Code  Gb  Drive_AllINT.o [1]
HarmonicData            0x1000'8778  0x1f60  Data  Gb  Harmonic.o [1]
HighParaDefault            0x3'ed48    0x70  Data  Gb  SysConst.o [1]
HoscEnable                 0x2'f9e5    0xd6  Code  Lc  sysctrl.o [4]
HoscValid                  0x2'f921    0xac  Code  Lc  sysctrl.o [4]
ICEsamComm              0x1000'f02c   0x1a8  Data  Gb  Globals.o [1]
IIC_FirmMode_ACK           0x3'02b1    0x38  Code  Gb  BSP_IIC.o [1]
IIC_FirmMode_NOACK         0x3'02e9    0x3c  Code  Gb  BSP_IIC.o [1]
IIC_FirmMode_ReceiveByte
                           0x3'03df    0x7a  Code  Gb  BSP_IIC.o [1]
IIC_FirmMode_Reset         0x3'0275    0x3c  Code  Gb  BSP_IIC.o [1]
IIC_FirmMode_SendByte      0x3'0325    0xba  Code  Gb  BSP_IIC.o [1]
IIC_FirmMode_Start         0x3'01f5    0x44  Code  Gb  BSP_IIC.o [1]
IIC_FirmMode_Stop          0x3'0239    0x3c  Code  Gb  BSP_IIC.o [1]
IIC_Tmp_FirmMode_ACK       0x3'13fd    0x32  Code  Gb  BSP_Tmp.o [1]
IIC_Tmp_FirmMode_NOACK     0x3'142f    0x36  Code  Gb  BSP_Tmp.o [1]
IIC_Tmp_FirmMode_ReceiveByte
                           0x3'150d    0x7c  Code  Gb  BSP_Tmp.o [1]
IIC_Tmp_FirmMode_SendByte
                           0x3'1465    0xa8  Code  Gb  BSP_Tmp.o [1]
IIC_Tmp_FirmMode_Start     0x3'1389    0x3e  Code  Gb  BSP_Tmp.o [1]
IIC_Tmp_FirmMode_Stop      0x3'13c7    0x36  Code  Gb  BSP_Tmp.o [1]
ISO78161_HANDLER           0x3'6ce1    0x50  Code  Gb  Drive_AllINT.o [1]
ISO7816_ReadByte           0x3'3d2d    0x94  Code  Gb  Rn8xxx_ISO7816.o [1]
ISO7816_WriteByte          0x3'3dc1    0x9e  Code  Gb  Rn8xxx_ISO7816.o [1]
Inactive                0x1000'f7c8    0x74  Data  Gb  Globals.o [1]
KBI_HANDLER                0x3'6d3d    0x52  Code  Gb  Drive_AllINT.o [1]
Key                     0x1000'fd40    0x18  Data  Gb  Key.o [1]
LinkSizeDefault         0x1000'0144    0x70  Data  Gb  Dl698_UserData.o [1]
MAX_EVRECORD_TABLE         0x3'9b18     0xc  Data  Gb  Event.o [1]
MX25LData               0x1000'b8fc  0x1000  Data  Gb  AT45DB642D.o [1]
MeasureFirmPara         0x1000'f3e8    0xf4  Data  Gb  Globals.o [1]
MeasureRegTmp           0x1000'f248   0x1a0  Data  Gb  Globals.o [1]
MeasureRepairPara       0x1000'fcb4    0x20  Data  Gb  Globals.o [1]
MeasureRms              0x1000'e0fc   0x6ac  Data  Gb  Globals.o [1]
MiscEvRecord               0x3'9ac4     0xc  Data  Gb  Dl645B_Com.o [1]
NVIC_DisableIRQ            0x2'6f87     0xe  Code  Lc  Power_Up_Down.o [1]
NVIC_DisableIRQ            0x2'7e27     0xe  Code  Lc  Rn8xxx_INTC.o [1]
NVIC_DisableIRQ            0x2'5bcb     0xe  Code  Lc  Rn8xxx_LvdCmpSar.o [1]
NVIC_DisableIRQ            0x1'0423     0xe  Code  Lc  xTarget.o [1]
NVIC_EnableIRQ             0x3'04ad     0xe  Code  Lc  BSP_Spi.o [1]
NVIC_EnableIRQ             0x3'2ce5     0xe  Code  Lc  BSP_Uart.o [1]
NVIC_EnableIRQ             0x2'0251     0xe  Code  Lc  Measure.o [1]
NVIC_EnableIRQ             0x2'6f79     0xe  Code  Lc  Power_Up_Down.o [1]
NVIC_EnableIRQ             0x2'7e19     0xe  Code  Lc  Rn8xxx_INTC.o [1]
NVIC_EnableIRQ             0x2'7f7d     0xe  Code  Lc  Rn8xxx_KBI.o [1]
NVIC_EnableIRQ             0x2'5bbd     0xe  Code  Lc  Rn8xxx_LvdCmpSar.o [1]
NVIC_EnableIRQ             0x2'5e8d     0xe  Code  Lc  Rn8xxx_TC.o [1]
NVIC_EnableIRQ             0x1'0415     0xe  Code  Lc  xTarget.o [1]
NVIC_SetPriority           0x2'5e9b    0x8a  Code  Lc  Rn8xxx_TC.o [1]
OrgTempData             0x1000'f584    0xa4  Data  Gb  BSP_Tmp.o [1]
Output                  0x1000'f918    0x64  Data  Gb  Globals.o [1]
OutputParaDefault          0x3'ef80    0x38  Data  Gb  SysConst.o [1]
PARA_VAR_Item              0x3'79b8   0x15c  Data  Gb  Dl698_UserData_Oad2DI.o [1]
POR_TIME                   0x3'9940    0x18  Data  Lc  utils.o [4]
PdMethod                   0x3'9c30     0x4  Data  Gb  Dl698_UserData.o [1]
PllEnable                  0x2'f869    0xb4  Code  Lc  sysctrl.o [4]
PownDnOAD                  0x3'9bc4     0x8  Data  Gb  Dl698_UserData.o [1]
RFrzMinLine             0x1000'fd94    0x14  Data  Gb  Globals.o [1]
RTCPara                 0x1000'fd58    0x14  Data  Gb  Globals.o [1]
RTC_HANDLER                0x3'6da1    0x24  Code  Gb  Drive_AllINT.o [1]
RdAddr                     0x3'9b84     0x8  Data  Gb  Dl645B_Com.o [1]
RegCheckMsgList            0x3'9028    0x60  Data  Gb  xTarget.o [1]
RegCheckStaList         0x1000'fa3c    0x60  Data  Gb  xTarget.o [1]
Region$$Table$$Base        0x3'9780           --   Gb  - Linker created -
Region$$Table$$Limit       0x3'97a0           --   Gb  - Linker created -
RelayCfgTable              0x3'9958    0x14  Data  Gb  BSP_Relay.o [1]
RelayOperParm           0x1000'fe00     0x8  Data  Gb  BSP_Relay.o [1]
RepairParaDefault          0x3'efdc    0x20  Data  Gb  Measure.o [1]
Rn8302Spi_ReadByte         0x2'c395    0x32  Code  Gb  RN7306.o [1]
Rn8302Spi_WriteByte        0x2'c34d    0x48  Code  Gb  RN7306.o [1]
Rn8302_API              0x1000'fdc8    0x10  Data  Gb  RN7306.o [1]
Rn8302_SpiCS               0x2'c331    0x1c  Code  Gb  RN7306.o [1]
Rn8302_Spi_Init            0x2'c2bd    0x74  Code  Gb  RN7306.o [1]
Rn8xxx_CMP_Init            0x2'5c1b    0xa0  Code  Gb  Rn8xxx_LvdCmpSar.o [1]
Rn8xxx_CMP_Stop            0x2'5cbb    0x46  Code  Gb  Rn8xxx_LvdCmpSar.o [1]
Rn8xxx_DSP_BitReverse      0x3'41c5    0x54  Code  Gb  Rn8xxx_DSP.o [1]
Rn8xxx_DSP_CalcThd         0x3'449d    0xc4  Code  Gb  Rn8xxx_DSP.o [1]
Rn8xxx_DSP_FFT             0x3'4221    0x84  Code  Gb  Rn8xxx_DSP.o [1]
Rn8xxx_DSP_Fp2Int          0x3'415f    0x66  Code  Gb  Rn8xxx_DSP.o [1]
Rn8xxx_DSP_FpSqrt          0x3'42c1    0x60  Code  Gb  Rn8xxx_DSP.o [1]
Rn8xxx_DSP_HPercent        0x3'43b1    0xc2  Code  Gb  Rn8xxx_DSP.o [1]
Rn8xxx_DSP_HPf             0x3'456d   0x112  Code  Gb  Rn8xxx_DSP.o [1]
Rn8xxx_DSP_Init            0x3'4065    0x14  Code  Gb  Rn8xxx_DSP.o [1]
Rn8xxx_DSP_Int2Fp          0x3'4079    0xa2  Code  Gb  Rn8xxx_DSP.o [1]
Rn8xxx_DSP_Pw              0x3'4691    0xfe  Code  Gb  Rn8xxx_DSP.o [1]
Rn8xxx_DSP_Sin_Cos         0x3'4339    0x38  Code  Gb  Rn8xxx_DSP.o [1]
Rn8xxx_DSP_U16I2Fp         0x3'411b    0x44  Code  Gb  Rn8xxx_DSP.o [1]
Rn8xxx_GPIO_CfgFun         0x2'58bd   0x2d2  Code  Gb  Rn8xxx_GPIO.o [1]
Rn8xxx_GPIO_CfgIOMode      0x2'556d   0x324  Code  Gb  Rn8xxx_GPIO.o [1]
Rn8xxx_GPIO_CfgPullMode
                           0x2'54d9    0x74  Code  Gb  Rn8xxx_GPIO.o [1]
Rn8xxx_GPIO_ReadPin        0x2'545f    0x7a  Code  Gb  Rn8xxx_GPIO.o [1]
Rn8xxx_GPIO_SetPin         0x2'53f1    0x6e  Code  Gb  Rn8xxx_GPIO.o [1]
Rn8xxx_INTC_Init           0x2'7e8b    0x88  Code  Gb  Rn8xxx_INTC.o [1]
Rn8xxx_INTC_Stop           0x2'7f13    0x42  Code  Gb  Rn8xxx_INTC.o [1]
Rn8xxx_Intc_IRQ            0x2'7e35    0x56  Code  Lc  Rn8xxx_INTC.o [1]
Rn8xxx_KBI_Init            0x2'7f8b    0x60  Code  Gb  Rn8xxx_KBI.o [1]
Rn8xxx_LVD_Init            0x2'5bd9    0x42  Code  Gb  Rn8xxx_LvdCmpSar.o [1]
Rn8xxx_Lcd_Close           0x3'1bcd     0xc  Code  Gb  Rn8xxx_Lcd.o [1]
Rn8xxx_LvdCmp_STAT         0x2'5e05    0x1c  Code  Gb  Rn8xxx_LvdCmpSar.o [1]
Rn8xxx_LvdCmp_STATPowerUp
                           0x2'5e21    0x1c  Code  Gb  Rn8xxx_LvdCmpSar.o [1]
Rn8xxx_M2M_Move            0x2'f4b5    0x60  Code  Gb  Rn8xxx_M2M.o [1]
Rn8xxx_RTC_Cnt1Init        0x2'60d3    0x3c  Code  Gb  Rn8xxx_RTC.o [1]
Rn8xxx_RTC_CtlCheck        0x2'6045    0x22  Code  Gb  Rn8xxx_RTC.o [1]
Rn8xxx_RTC_CtlInit         0x2'6067    0x6c  Code  Gb  Rn8xxx_RTC.o [1]
Rn8xxx_RTC_CurveModeCheck
                           0x2'610f    0xea  Code  Gb  Rn8xxx_RTC.o [1]
Rn8xxx_RTC_CurveModeInit
                           0x2'621d    0xd6  Code  Gb  Rn8xxx_RTC.o [1]
Rn8xxx_RTC_Read            0x2'6355    0x8e  Code  Gb  Rn8xxx_RTC.o [1]
Rn8xxx_RTC_TempGet         0x2'62f5    0x32  Code  Gb  Rn8xxx_RTC.o [1]
Rn8xxx_RTC_Write           0x2'6405    0x9c  Code  Gb  Rn8xxx_RTC.o [1]
Rn8xxx_SarADC_Get          0x2'5d0d    0xf2  Code  Gb  Rn8xxx_LvdCmpSar.o [1]
Rn8xxx_Spi_DMAInit         0x2'f319    0x58  Code  Gb  Rn8xxx_Spi.o [1]
Rn8xxx_Spi_DMATxStar       0x2'f371    0x46  Code  Gb  Rn8xxx_Spi.o [1]
Rn8xxx_Spi_DMA_RxInfo      0x2'f3dd    0x16  Code  Gb  Rn8xxx_Spi.o [1]
Rn8xxx_Spi_GetRegAddr      0x2'f27d    0x28  Code  Gb  Rn8xxx_Spi.o [1]
Rn8xxx_Spi_Init            0x2'f2a5    0x74  Code  Gb  Rn8xxx_Spi.o [1]
Rn8xxx_Spi_ReadByte        0x2'f1ed    0x4a  Code  Gb  Rn8xxx_Spi.o [1]
Rn8xxx_Spi_WriteByte       0x2'f237    0x46  Code  Gb  Rn8xxx_Spi.o [1]
Rn8xxx_TC_TimeInit         0x2'5f57    0x5e  Code  Gb  Rn8xxx_TC.o [1]
Rn8xxx_TC_TimeStar         0x2'5fb5    0x3a  Code  Gb  Rn8xxx_TC.o [1]
Rn8xxx_UART_DMAInit        0x3'4b5d    0x88  Code  Gb  Rn8xxx_Uart.o [1]
Rn8xxx_Uart_DMA_RxInfo     0x3'4c29    0x14  Code  Gb  Rn8xxx_Uart.o [1]
Rn8xxx_Uart_GetRegAddr     0x3'49e5    0x42  Code  Gb  Rn8xxx_Uart.o [1]
Rn8xxx_Uart_Init           0x3'4a27    0xc8  Code  Gb  Rn8xxx_Uart.o [1]
Rn8xxx_Uart_SttConfig      0x3'4aef    0x5c  Code  Gb  Rn8xxx_Uart.o [1]
Rn8xxx_Uart_Write          0x3'4b4b    0x12  Code  Gb  Rn8xxx_Uart.o [1]
Rn_ReadInfo             0x1000'fe2c     0x4  Data  Gb  Dl645B_Com.o [1]
RtcCalCheck                0x3'0ba9    0xe4  Code  Gb  utils.o [4]
RtcCalWait                 0x2'd779    0x1e  Code  Lc  rtc.o [4]
RtcWait                    0x2'd759    0x20  Code  Lc  rtc.o [4]
RtcWriteDota               0x2'd797    0xfa  Code  Gb  rtc.o [4]
SEGGER_RTT_Init            0x3'405d     0x8  Code  Gb  SEGGER_RTT.o [1]
SEGGER_RTT_Write           0x3'4029    0x2e  Code  Gb  SEGGER_RTT.o [1]
SEGGER_RTT_WriteNoLock     0x3'3fbd    0x6c  Code  Gb  SEGGER_RTT.o [1]
SEGGER_RTT_printf          0x2'c007    0x14  Code  Gb  SEGGER_RTT_printf.o [1]
SEGGER_RTT_vprintf         0x2'be15   0x1f2  Code  Gb  SEGGER_RTT_printf.o [1]
SPI1_HANDLER               0x3'6c47    0x56  Code  Gb  Drive_AllINT.o [1]
SPI_HANDLER                0x3'6c1f    0x28  Code  Gb  Drive_AllINT.o [1]
ScomPort_SpiID_Table    0x1000'0000     0x4  Data  Gb  BSP_Spi.o [1]
ScomPort_UartID_Table   0x1000'0004     0x4  Data  Gb  BSP_Uart.o [1]
Scom_ProtocolCheck         0x3'3585    0x9c  Code  Gb  Scom.o [1]
Secret                  0x1000'f8ac    0x6c  Data  Gb  Globals.o [1]
SecretParaDefault          0x3'e964   0x17c  Data  Gb  SysConst.o [1]
ServerVer_Offset           0x3'9bdc     0x8  Data  Gb  Dl698_UserData_Oad2DI.o [1]
SpiBaseAddr                0x3'9a0c    0x10  Data  Gb  BSP_Spi.o [1]
SpiIrqn                    0x3'9c20     0x4  Data  Gb  BSP_Spi.o [1]
SrAddr                  0x1000'fe10     0x8  Data  Gb  Dl698_DL.o [1]
Stat                    0x1000'f1d4    0x74  Data  Gb  Globals.o [1]
Std_AsciiStrToHexStr         0xdf99    0x2c  Code  Gb  MyMath.o [1]
Std_AsciiToHex               0xdf41    0x58  Code  Gb  MyMath.o [1]
Std_BitRvsSelf               0xdf1b    0x26  Code  Gb  MyMath.o [1]
Std_Lsb16DataGet             0xddb3     0xc  Code  Gb  MyMath.o [1]
Std_Lsb32DataGet             0xddd7    0x22  Code  Gb  MyMath.o [1]
Std_Lsb32DataSet             0xddf9    0x1c  Code  Gb  MyMath.o [1]
Std_MemRvs                   0xdecd    0x30  Code  Gb  MyMath.o [1]
Std_MemRvsSelf               0xdefd    0x1e  Code  Gb  MyMath.o [1]
Std_Memcmp                   0xde53    0x38  Code  Gb  MyMath.o [1]
Std_Memcpy                   0xde8b    0x28  Code  Gb  MyMath.o [1]
Std_Memset                   0xdeb3    0x1a  Code  Gb  MyMath.o [1]
Std_Msb16DataGet             0xddbf     0xc  Code  Gb  MyMath.o [1]
Std_Msb16DataSet             0xddcb     0xc  Code  Gb  MyMath.o [1]
Std_Msb32DataGet             0xde15    0x1e  Code  Gb  MyMath.o [1]
Std_Msb32DataSet             0xde33    0x20  Code  Gb  MyMath.o [1]
SynFrz1DataBlockTagLen     0x3'7c70   0x138  Data  Gb  Dl698_UserData_Oad2DI.o [1]
SynFrz2DataBlockTagLen     0x3'8e28    0x6c  Data  Gb  Dl698_UserData_Oad2DI.o [1]
SynFrzDataBlock         0x1000'f628    0x9c  Data  Gb  Dl698_UserData_Oad2DI.o [1]
SynVarDataBlockTagLen      0x3'6744   0x3d8  Data  Gb  Dl698_UserData_Oad2DI.o [1]
SynVarOtherUnitData     0x1000'fa9c    0x58  Data  Gb  Globals.o [1]
SysClock                0x1000'fe18     0x8  Data  Gb  Globals.o [1]
SysConfCheck               0x3'2725   0x568  Code  Gb  sysupdate.o [4]
SysDatetimes            0x1000'fe20     0x8  Data  Gb  Globals.o [1]
SysModeChg                 0x2'ff59   0x1e6  Code  Gb  sysctrl.o [4]
SysStamp                0x1000'fe4a     0x2  Data  Gb  Globals.o [1]
SysTick_Config             0x2'5f25    0x32  Code  Lc  Rn8xxx_TC.o [1]
SystemCoreClock         0x1000'01b4     0x4  Data  Gb  system_RN8XXX_V2.o [1]
SystemCoreClockUpdate      0x3'016d    0x5a  Code  Gb  system_RN8XXX_V2.o [1]
SystemDelay                0x1'0455    0x20  Code  Gb  xTarget.o [1]
SystemDelayUs              0x2'01ad    0x52  Code  Gb  Rn8xxx_Common.o [1]
SystemInit                 0x3'01d1     0x2  Code  Gb  system_RN8XXX_V2.o [1]
TABDayOfMonth              0x3'9a2c    0x10  Data  Gb  Dl698_UserData_Oad2DI.o [1]
TAB_COM                    0x3'9c38     0x4  Data  Gb  Dl698_UserData_Oad2DI.o [1]
TAB_DayOfMonth             0x3'9a5c    0x10  Data  Gb  MyMath.o [1]
TAB_MonthBeginDay          0x3'9880    0x18  Data  Gb  MyMath.o [1]
TAB_PortFunction           0x3'9c5f     0x1  Data  Gb  Dl698_UserData_Oad2DI.o [1]
TAB_RS4851                 0x3'9bcc     0x8  Data  Gb  Dl698_UserData_Oad2DI.o [1]
TAB_Relay                  0x3'9bd4     0x8  Data  Gb  Dl698_UserData_Oad2DI.o [1]
TC0_HANDLER                0x3'6b1d    0x34  Code  Gb  Drive_AllINT.o [1]
TC1_HANDLER                0x3'6b51     0x8  Code  Gb  Drive_AllINT.o [1]
TICK_STAT_GET              0x3'09cf    0x28  Code  Lc  utils.o [4]
Tab_VoltRepair             0x3'8a28    0x90  Data  Gb  Measure.o [1]
Temp_HPf                0x1000'fcf4    0x1c  Data  Gb  Harmonic.o [1]
Temp_Per                0x1000'fd28    0x18  Data  Gb  Harmonic.o [1]
TemperSchoolParaDefault
                           0x3'ee8c    0x60  Data  Gb  SysConst.o [1]
TestHarmonicTime        0x1000'fc4c    0x28  Data  Gb  Harmonic.o [1]
Trim                    0x1000'fd6c    0x14  Data  Gb  Globals.o [1]
TrmCipherHead1             0x3'9c24     0x4  Data  Gb  Dl698_EsamOp.o [1]
TrmCipherHead2             0x3'9c28     0x4  Data  Gb  Dl698_EsamOp.o [1]
UART0_HANDLER              0x3'6b59    0x6a  Code  Gb  Drive_AllINT.o [1]
UART1_HANDLER              0x3'6bc3     0x8  Code  Gb  Drive_AllINT.o [1]
UART3_HANDLER              0x3'6bcb     0x8  Code  Gb  Drive_AllINT.o [1]
UART4_HANDLER              0x3'6bd3     0x8  Code  Gb  Drive_AllINT.o [1]
UART5_HANDLER              0x3'6bdb     0x8  Code  Gb  Drive_AllINT.o [1]
USART_ITConfig             0x3'2f85    0x84  Code  Gb  BSP_Uart.o [1]
VAR_Item                   0x3'7844   0x174  Data  Gb  Dl698_UserData_Oad2DI.o [1]
WaveHmFftBuf            0x1000'd4fc   0xc00  Data  Gb  Measure.o [1]
Wdog                    0x1000'fe3c     0x4  Data  Gb  Globals.o [1]
_DoInit                    0x3'3e7d    0x46  Code  Lc  SEGGER_RTT.o [1]
_GetAvailWriteSpace        0x3'3f89    0x1a  Code  Lc  SEGGER_RTT.o [1]
_PrintInt                  0x2'bd31    0xe4  Code  Lc  SEGGER_RTT_printf.o [1]
_PrintUnsigned             0x2'bc45    0xe6  Code  Lc  SEGGER_RTT_printf.o [1]
[...]
fnMeasure_EvtVoltLoss      0x2'35bd   0x206  Code  Gb  Measure.o [1]
fnMeasure_EvtVoltLossEMUInit
                           0x2'18b1   0x404  Code  Gb  Measure.o [1]
fnMeasure_Exec             0x2'3f01   0xf40  Code  Gb  Measure.o [1]
fnMeasure_FirmParaCheck
                           0x2'3415    0xb4  Code  Gb  Measure.o [1]
fnMeasure_FirmParaInit     0x2'1cb9   0x164  Code  Gb  Measure.o [1]
fnMeasure_Init             0x2'34d1    0xd8  Code  Gb  Measure.o [1]
fnMeasure_RN8207DTIRM_CommRead
                           0x2'136d     0x6  Code  Gb  Measure.o [1]
fnMeasure_RN8207DTIRM_CommWrite
                           0x2'136b     0x2  Code  Gb  Measure.o [1]
fnMeasure_TIRM_CommRead
                           0x2'135b    0x10  Code  Gb  Measure.o [1]
fnMeasure_TIRM_CommWrite
                           0x2'1331    0x2a  Code  Gb  Measure.o [1]
fnMeasure_VoltRepairCorrect
                           0x2'0b09   0x3fa  Code  Gb  Measure.o [1]
fnMeasure_VoltRepair_CommRead
                           0x2'0f09    0x10  Code  Gb  Measure.o [1]
fnMeasure_VoltRepair_Exe
                           0x2'0f2d   0x300  Code  Gb  Measure.o [1]
fnMeasure_WaveColse        0x2'4e5b     0x2  Code  Gb  Measure.o [1]
fnMeasure_WaveInit         0x2'4e59     0x2  Code  Gb  Measure.o [1]
fnMemory_Read              0x2'5101   0x11a  Code  Gb  Memory.o [1]
fnMemory_Write             0x2'521b   0x120  Code  Gb  Memory.o [1]
fnMinAdd                     0xd905    0x9e  Code  Gb  MyMath.o [1]
fnMinCount                   0xdcbf     0xe  Code  Gb  MyMath.o [1]
fnOpenCoverTailEvent       0x1'3f9d   0x38a  Code  Gb  Event.o [1]
fnOperateNVRAM             0x2'65a7   0x148  Code  Gb  Fm24Cxx.o [1]
fnOperateSocEE             0x1'0811    0xb2  Code  Gb  xTarget.o [1]
fnOutput_CheckGataSta      0x3'1c95   0x328  Code  Gb  output.o [1]
fnOutput_Init              0x3'1be1    0xaa  Code  Gb  output.o [1]
fnPowerDown_BeforeSleep
                           0x2'7b59    0x86  Code  Gb  Power_Up_Down.o [1]
fnPowerDown_Check          0x2'6f95    0xf8  Code  Gb  Power_Up_Down.o [1]
fnPowerDown_Check::FUrmLowChkCnt
                        0x1000'fe52     0x1  Data  Lc  Power_Up_Down.o [1]
fnPowerDown_Handle         0x2'7cf5    0xd2  Code  Gb  Power_Up_Down.o [1]
fnPowerDown_IOSetSleep     0x2'74e9   0x646  Code  Gb  Power_Up_Down.o [1]
fnPowerDown_Inactive       0x2'7dc7    0x24  Code  Gb  Power_Up_Down.o [1]
fnPowerDown_Main           0x2'7c21    0x8e  Code  Gb  Power_Up_Down.o [1]
fnPowerDown_SetWakeOpIO
                           0x2'74d1     0xc  Code  Gb  Power_Up_Down.o [1]
fnPowerDown_Sleep          0x2'7b55     0x4  Code  Gb  Power_Up_Down.o [1]
fnPowerDown_SleepSet       0x2'7b2f    0x26  Code  Gb  Power_Up_Down.o [1]
fnPowerDown_SleepWakeOpIO
                           0x2'74dd     0xc  Code  Gb  Power_Up_Down.o [1]
fnPowerOn_DrvieInit        0x1'0b8d    0x10  Code  Gb  xTarget.o [1]
fnPowerUp_AppInit          0x2'742d    0x76  Code  Gb  Power_Up_Down.o [1]
fnPowerUp_CHKDateTime      0x2'70d5    0xa4  Code  Gb  Power_Up_Down.o [1]
fnPowerUp_Check            0x2'708d    0x48  Code  Gb  Power_Up_Down.o [1]
fnPowerUp_CheckUpCoverSta
                           0x2'71f3    0x1c  Code  Gb  Power_Up_Down.o [1]
fnPowerUp_Freeze_Event     0x2'7179    0x7a  Code  Gb  Power_Up_Down.o [1]
fnPowerUp_Init             0x2'72ed   0x138  Code  Gb  Power_Up_Down.o [1]
fnPowerUp_RTCParaInit      0x2'7225    0xb2  Code  Gb  Power_Up_Down.o [1]
fnPt_Exec                  0x3'3a29    0x66  Code  Gb  Scom.o [1]
fnRCC_Configuration        0x1'04c1     0x8  Code  Gb  xTarget.o [1]
fnRCClock_Init             0x2'5385     0xc  Code  Gb  Drive_Clock.o [1]
fnRN8302Mode_Init          0x2'1373    0x94  Code  Gb  Measure.o [1]
fnRN8302_ApiRegister       0x2'c025    0x10  Code  Gb  RN7306.o [1]
fnRN8302_CorrectionMeter
                           0x2'1e3d  0x15cc  Code  Gb  Measure.o [1]
fnRN8302_HSDCMode_Init     0x2'025f   0x130  Code  Gb  Measure.o [1]
fnRN8302_HSPI_DMAInit      0x2'0977    0x48  Code  Gb  Measure.o [1]
fnRN8302_Read              0x2'c1df    0xda  Code  Gb  RN7306.o [1]
fnRN8302_TIRM              0x2'123d    0xf4  Code  Gb  Measure.o [1]
fnRN8302_Write             0x2'c035   0x1aa  Code  Gb  RN7306.o [1]
fnRN8611_EnergyPulseIO_Init
                           0x2'038f    0x66  Code  Gb  Measure.o [1]
fnRTCDrive_Delay           0x1'0431    0x24  Code  Gb  xTarget.o [1]
fnRTCDrive_Init            0x1'06e9     0x2  Code  Gb  xTarget.o [1]
fnRaed_DefaultSecPar       0x1'1169    0x7e  Code  Gb  Dl698_UserData.o [1]
fnReadAuthOn_Esam          0x1'13b9    0x32  Code  Gb  Dl698_UserData.o [1]
fnReadConnSize             0x1'1669   0x10e  Code  Gb  Dl698_UserData.o [1]
fnReadDlyTime_Esam         0x1'1505    0x80  Code  Gb  Dl698_UserData.o [1]
fnReadMeter_Esam           0x1'1331    0x40  Code  Gb  Dl698_UserData.o [1]
fnReadPswVer_Esam          0x1'1431    0x32  Code  Gb  Dl698_UserData.o [1]
fnReadStatus_PrgEnable     0x1'128d    0x1c  Code  Gb  Dl698_UserData.o [1]
fnRead_Broatcast_SafetyType
                           0x1'158b     0x6  Code  Gb  Dl698_UserData.o [1]
fnRead_FormulationSecPar
                           0x1'11f1    0x60  Code  Gb  Dl698_UserData.o [1]
fnRead_SecurtyStatus       0x1'125d    0x30  Code  Gb  Dl698_UserData.o [1]
fnRegState_Detect          0x2'0205    0x4c  Code  Gb  Rn8xxx_Common.o [1]
fnReportHandle             0x2'baf1    0xdc  Code  Gb  Dl698AL_Report.o [1]
fnReport_EvtData           0x1'1aa1   0x3aa  Code  Gb  Dl698_UserData.o [1]
fnReport_Process           0x2'9d49    0x4c  Code  Gb  Dl698_DL.o [1]
fnResetClear               0x2'd935     0x2  Code  Gb  Dl645_ICEsam.o [1]
fnResetSet                 0x2'd937     0x2  Code  Gb  Dl645_ICEsam.o [1]
fnRn8302_HSDCSPI_Init      0x2'09c9    0x6e  Code  Gb  Measure.o [1]
fnSavePowerOnEvtStop       0x1'5149     0x2  Code  Gb  Event.o [1]
fnScomPk_ChangeBps         0x3'334f    0x40  Code  Gb  Scom.o [1]
fnScomPk_Exec              0x3'3825   0x204  Code  Gb  Scom.o [1]
fnScomPk_Init              0x3'326d    0xe2  Code  Gb  Scom.o [1]
fnScomSpi_Init             0x3'31af    0xba  Code  Gb  Scom.o [1]
fnScomStartSend            0x3'33ad   0x114  Code  Gb  Scom.o [1]
fnScomUart_Init            0x3'30ed    0xc2  Code  Gb  Scom.o [1]
fnScom_ReadBps             0x3'30a7    0x46  Code  Gb  Scom.o [1]
fnSecret_Exec              0x1'9049    0x7e  Code  Gb  Secret.o [1]
fnSecret_Init              0x1'8d0d   0x20c  Code  Gb  Secret.o [1]
fnSecret_Verify            0x1'8f1d   0x10e  Code  Gb  Secret.o [1]
fnSetCurrTime              0x1'7eff    0x8c  Code  Gb  Dl698_AL.o [1]
fnSet_ComAddr_UserNo         0x70b3    0x98  Code  Gb  Dl698_UserData_Oad2DI.o [1]
fnSet_Control                0x9ab9   0x152  Code  Gb  Dl698_UserData_Oad2DI.o [1]
fnSet_DateTime               0x6e25   0x28e  Code  Gb  Dl698_UserData_Oad2DI.o [1]
fnSet_DeviceNo               0x7d8b    0x3e  Code  Gb  Dl698_UserData_Oad2DI.o [1]
fnSet_DevicePara             0x7fc3   0x2a4  Code  Gb  Dl698_UserData_Oad2DI.o [1]
fnSet_DispPara               0x8909   0x340  Code  Gb  Dl698_UserData_Oad2DI.o [1]
fnSet_EvtPara                0x8d39   0x49c  Code  Gb  Dl698_UserData_Oad2DI.o [1]
fnSet_Expression             0x7dc9    0xa6  Code  Gb  Dl698_UserData_Oad2DI.o [1]
fnSet_FactoryPara            0x82d1   0x348  Code  Gb  Dl698_UserData_Oad2DI.o [1]
fnSet_FrzPara                0x95b9   0x4fc  Code  Gb  Dl698_UserData_Oad2DI.o [1]
fnSet_HolidayPara            0x76b1   0x146  Code  Gb  Dl698_UserData_Oad2DI.o [1]
fnSet_LCDPara                0x737b     0x4  Code  Gb  Dl698_UserData_Oad2DI.o [1]
fnSet_LinkPara               0x8281    0x4e  Code  Gb  Dl698_UserData_Oad2DI.o [1]
fnSet_MBackUpEnergy          0x7bb1   0x1da  Code  Gb  Dl698_UserData_Oad2DI.o [1]
fnSet_MeterPlace             0x71f7   0x184  Code  Gb  Dl698_UserData_Oad2DI.o [1]
fnSet_Normal                 0xd2fd    0xe6  Code  Gb  Dl698_UserData_Oad2DI.o [1]
fnSet_POTTable               0x7a59   0x158  Code  Gb  Dl698_UserData_Oad2DI.o [1]
fnSet_Para                   0x861d   0x1d6  Code  Gb  Dl698_UserData_Oad2DI.o [1]
fnSet_PhsEventPara           0x91e5   0x3b0  Code  Gb  Dl698_UserData_Oad2DI.o [1]
fnSet_RatePara               0x7459   0x250  Code  Gb  Dl698_UserData_Oad2DI.o [1]
fnSet_RmDate                 0x7e6f   0x154  Code  Gb  Dl698_UserData_Oad2DI.o [1]
fnSet_SafeModePara           0x8c4d    0xd8  Code  Gb  Dl698_UserData_Oad2DI.o [1]
fnSet_SwitchTime             0x737f    0xda  Code  Gb  Dl698_UserData_Oad2DI.o [1]
fnSet_UserNo                 0x715d    0x9a  Code  Gb  Dl698_UserData_Oad2DI.o [1]
fnSet_VarPara                0x87f3   0x10e  Code  Gb  Dl698_UserData_Oad2DI.o [1]
fnSet_WeekendPOT             0x7849    0x40  Code  Gb  Dl698_UserData_Oad2DI.o [1]
fnSet_WeekendWord            0x77fd    0x4c  Code  Gb  Dl698_UserData_Oad2DI.o [1]
fnSet_ZoneTable              0x7889   0x1c8  Code  Gb  Dl698_UserData_Oad2DI.o [1]
fnSocEE_Read               0x1'08c3    0x9c  Code  Gb  xTarget.o [1]
fnSocEE_Write              0x1'095f    0x9c  Code  Gb  xTarget.o [1]
fnSocRegCheck              0x1'0a01   0x136  Code  Gb  xTarget.o [1]
fnSocRegCheckAddAll        0x1'0b37    0x3c  Code  Gb  xTarget.o [1]
fnStamp_Through            0x2'6f4d    0x22  Code  Gb  Misc.o [1]
fnSubClock_Init            0x2'5379     0xc  Code  Gb  Drive_Clock.o [1]
fnSum                        0xd59d    0x24  Code  Gb  MyMath.o [1]
fnSysClock_Write           0x1'06f9    0x3e  Code  Gb  xTarget.o [1]
fnSysDateTimes             0x1'0737    0x5a  Code  Gb  xTarget.o [1]
fnTarget_Init              0x1'0791    0x44  Code  Gb  xTarget.o [1]
fnTwoDateApart_DayCount
                             0xda53   0x17c  Code  Gb  MyMath.o [1]
fnTwoDateApart_MinuteCount
                             0xdbcf    0x62  Code  Gb  MyMath.o [1]
fnTwoDateApart_SecondCount
                           0x1'958d    0x34  Code  Gb  Dl645B_Com.o [1]
fnUpDate_FrzMinParaOffPos
                             0x4f7d   0x292  Code  Gb  Dl698_UserData_Oad2DI.o [1]
fnUpDate_FrzParaOffPos       0x5219   0x188  Code  Gb  Dl698_UserData_Oad2DI.o [1]
fnUpdateAuthOn             0x1'13eb    0x3c  Code  Gb  Dl698_UserData.o [1]
fnUpdateMeterNo            0x1'1371    0x44  Code  Gb  Dl698_UserData.o [1]
fnUpdatePswSta             0x1'1463    0x9a  Code  Gb  Dl698_UserData.o [1]
fnUpdate_RptStatus         0x1'4f6b   0x114  Code  Gb  Event.o [1]
fnWDT_Restart              0x1'04ad     0x8  Code  Gb  xTarget.o [1]
fnWaveHfrmsSmple           0x2'04d9   0x190  Code  Gb  Measure.o [1]
fnWaveHsdcSpi_AdcCheck     0x2'06ed   0x28a  Code  Gb  Measure.o [1]
fnWaveHsdcSpi_ToHmonic     0x2'0681    0x44  Code  Gb  Measure.o [1]
fnWaveSpiOutToExModule     0x2'0469    0x22  Code  Gb  Measure.o [1]
fnWaveSpiOut_Init          0x2'0445    0x24  Code  Gb  Measure.o [1]
fnWaveSpiOut_SynSmplPoint
                           0x2'03f5    0x50  Code  Gb  Measure.o [1]
fnWeek_Calculate             0xd5c1    0x68  Code  Gb  MyMath.o [1]
fnWriteConnSize            0x1'1777    0x34  Code  Gb  Dl698_UserData.o [1]
fnWrite_Broatcast_SafetyType
                           0x1'1585     0x6  Code  Gb  Dl698_UserData.o [1]
fnWrite_PowDn_FrzDayTime
                           0x1'85f5    0x28  Code  Gb  Freeze.o [1]
fnWrite_PowDn_FrzRmDayTime
                           0x1'861d    0x3a  Code  Gb  Freeze.o [1]
fnWrite_PownDownEvtToE2
                           0x1'4341    0x72  Code  Gb  Event.o [1]
fnWrite_PownDownEvtToFlash
                           0x1'43bd    0xf2  Code  Gb  Event.o [1]
gActSessionDestroyed    0x1000'fe51     0x1  Data  Gb  Dl698_EsamOp.o [1]
gBufferTemp_InfoList    0x1000'fd10    0x18  Data  Gb  Globals.o [1]
gConnResRnLen           0x1000'fe46     0x2  Data  Gb  Dl698_EsamOp.o [1]
gDl698AL_SecParWld_List
                        0x1000'0100    0x44  Data  Gb  Dl698_UserData.o [1]
gDl698AL_SecPar_List    0x1000'00a4    0x5c  Data  Gb  Dl698_UserData.o [1]
gDl698AL_Server         0x1000'6508  0x2270  Data  Gb  Dl698_Globals.o [1]
gDl698_Buffer           0x1000'3d08  0x2800  Data  Gb  Dl698_Memory.o [1]
gDl698_BufferInfo_BusyBlk
                        0x1000'fe34     0x4  Data  Gb  Dl698_Memory.o [1]
gDl698_BufferInfo_IdleBlk
                        0x1000'00a0     0x4  Data  Gb  Dl698_Memory.o [1]
gDl698_Buffer_InfoList  0x1000'faf4    0x50  Data  Gb  Dl698_Memory.o [1]
gDl698_HDR2UnitScaList_IC01
                           0x3'9220    0x50  Data  Gb  Dl698_ICData.o [1]
gDl698_HDRUnitScaList_IC01
                           0x3'91d0    0x50  Data  Gb  Dl698_ICData.o [1]
gDl698_HDRUnitScaList_IC03
                           0x3'9c2c     0x4  Data  Gb  Dl698_ICData.o [1]
gDl698_HDRUnitScaList_IC04
                           0x3'9a1c    0x10  Data  Gb  Dl698_ICData.o [1]
gDl698_MantissaUnitScaList_IC01
                           0x3'9180    0x50  Data  Gb  Dl698_ICData.o [1]
gDl698_NumIC               0x3'96a8    0x34  Data  Gb  Dl698_ICData.o [1]
gDl698_OIList           0x1000'0038    0x68  Data  Gb  Dl698_ICData.o [1]
gDl698_OIList_IC01         0x3'90e0    0x50  Data  Gb  Dl698_ICData.o [1]
gDl698_OIList_IC02         0x1'0412     0x2  Data  Gb  Dl698_ICData.o [1]
gDl698_OIList_IC03         0x3'9ad0     0xc  Data  Gb  Dl698_ICData.o [1]
gDl698_OIList_IC04         0x3'9ae8     0xc  Data  Gb  Dl698_ICData.o [1]
gDl698_OIList_IC05         0x3'9b00     0xc  Data  Gb  Dl698_ICData.o [1]
gDl698_OIList_IC06         0x3'996c    0x14  Data  Gb  Dl698_ICData.o [1]
gDl698_OIList_IC07         0x3'9994    0x14  Data  Gb  Dl698_ICData.o [1]
gDl698_OIList_IC08         0x3'9310    0x48  Data  Gb  Dl698_ICData.o [1]
gDl698_OIList_IC09         0x1'242a     0x2  Data  Gb  Dl698_ICData.o [1]
gDl698_OIList_IC10         0x1'247e     0x2  Data  Gb  Dl698_ICData.o [1]
gDl698_OIList_IC11         0x1'958a     0x2  Data  Gb  Dl698_ICData.o [1]
gDl698_OIList_IC12         0x2'50fe     0x2  Data  Gb  Dl698_ICData.o [1]
gDl698_OIList_IC13         0x2'c022     0x2  Data  Gb  Dl698_ICData.o [1]
gDl698_OIList_IC14         0x2'c66e     0x2  Data  Gb  Dl698_ICData.o [1]
gDl698_OIList_IC15         0x2'f4b2     0x2  Data  Gb  Dl698_ICData.o [1]
gDl698_OIList_IC16         0x2'f56e     0x2  Data  Gb  Dl698_ICData.o [1]
gDl698_OIList_IC17         0x2'f5a2     0x2  Data  Gb  Dl698_ICData.o [1]
gDl698_OIList_IC18         0x3'9b94     0x8  Data  Gb  Dl698_ICData.o [1]
gDl698_OIList_IC19         0x2'f5a6     0x2  Data  Gb  Dl698_ICData.o [1]
gDl698_OIList_IC20         0x3'01d2     0x2  Data  Gb  Dl698_ICData.o [1]
gDl698_OIList_IC21         0x3'01f2     0x2  Data  Gb  Dl698_ICData.o [1]
gDl698_OIList_IC22         0x3'99a8    0x14  Data  Gb  Dl698_ICData.o [1]
gDl698_OIList_IC23         0x3'04aa     0x2  Data  Gb  Dl698_ICData.o [1]
gDl698_OIList_IC24         0x3'495e     0x2  Data  Gb  Dl698_ICData.o [1]
gDl698_OIList_IC25         0x3'982a     0x2  Data  Gb  Dl698_ICData.o [1]
gDl698_OIList_IC26         0x3'9836     0x2  Data  Gb  Dl698_ICData.o [1]
gDl698_OIList_NUMBER       0x3'9c5e     0x1  Data  Gb  Dl698_ICData.o [1]
gDl698_UnitScaList_IC01
                           0x3'9130    0x50  Data  Gb  Dl698_ICData.o [1]
gDl698_UnitScaList_IC02
                           0x1'1f2e     0x2  Data  Gb  Dl698_ICData.o [1]
gDl698_UnitScaList_IC03
                           0x3'9adc     0xc  Data  Gb  Dl698_ICData.o [1]
gDl698_UnitScaList_IC04
                           0x3'9af4     0xc  Data  Gb  Dl698_ICData.o [1]
gDl698_UnitScaList_IC05
                           0x3'9b0c     0xc  Data  Gb  Dl698_ICData.o [1]
gDl698_UnitScaList_IC06
                           0x3'9980    0x14  Data  Gb  Dl698_ICData.o [1]
gILastBuf               0x1000'fe4f     0x1  Data  Gb  BSP_Tmp.o [1]
gSa                     0x1000'fe08     0x8  Data  Gb  Dl698_DL.o [1]
gTempData               0x1000'fda8    0x10  Data  Gb  BSP_Tmp.o [1]
gTempLastBf4Sum         0x1000'fc94    0x20  Data  Gb  BSP_Tmp.o [1]
gTempLastBuf            0x1000'f748    0x80  Data  Gb  BSP_Tmp.o [1]
gTempLastLt4Sum         0x1000'fc74    0x20  Data  Gb  BSP_Tmp.o [1]
gTempRangeSign          0x1000'fe4e     0x1  Data  Gb  BSP_Tmp.o [1]
gTempRangeValue         0x1000'fe44     0x2  Data  Gb  BSP_Tmp.o [1]
gTemperSchoolParaMem    0x1000'f97c    0x60  Data  Gb  BSP_Tmp.o [1]
gTemperSchoolParaTemp   0x1000'f9dc    0x60  Data  Gb  BSP_Tmp.o [1]
gUserCfg                0x1000'0008    0x30  Data  Gb  Dl698_DL.o [1]
gain                    0x1000'fe28     0x4  Data  Lc  app_rn7306.o [1]
getChipid                  0x3'0839    0x9c  Code  Gb  utils.o [4]
getMipAddr                 0x3'08d5    0x6c  Code  Gb  utils.o [4]
get_target_freq            0x2'fbd1    0x80  Code  Lc  sysctrl.o [4]
lastRxBufferSize        0x1000'fe48     0x2  Data  Gb  Drive_AllINT.o [1]
ldo_adj_a0                 0x3'2265   0x1d4  Code  Lc  sysupdate.o [4]
ldo_adj_a1                 0x3'24b9   0x1ea  Code  Gb  sysupdate.o [4]
ldo_auto_adj               0x3'2701    0x24  Code  Lc  sysupdate.o [4]
loscCalc                   0x2'f73d    0xb0  Code  Lc  sysctrl.o [4]
loscCheck                  0x2'f7ed    0x5a  Code  Lc  sysctrl.o [4]
main                       0x3'85b1    0xc0  Code  Gb  main.o [1]
math_error                 0x2'e443    0x56  Code  Gb  app_rn7306.o [1]
memcmp                     0x3'01d5          Code  Gb  memcmp.o [5]
nvmWrEnable                0x3'0b75    0x28  Code  Gb  utils.o [4]
pDl698DL_Channel        0x1000'fe30     0x4  Data  Gb  Dl698_Globals.o [1]
parameter               0x1000'fc20    0x2c  Data  Gb  app_rn7306.o [1]
pgain                   0x1000'fdf0     0x8  Data  Lc  app_rn7306.o [1]
phs_err_to_gain            0x2'e4f1    0x30  Code  Gb  app_rn7306.o [1]
phs_gain_to_err            0x2'e499    0x58  Code  Gb  app_rn7306.o [1]
rn7306_cail_fine_phs_error_xiebo
                           0x2'e537   0x10c  Code  Gb  app_rn7306.o [1]
rn7306_write_enable        0x2'e521    0x16  Code  Gb  app_rn7306.o [1]
rtc_Delay                  0x2'6021    0x24  Code  Gb  Rn8xxx_RTC.o [1]
sEmuAdcRecvBuf          0x1000'e7a8   0x484  Data  Gb  Measure.o [1]
sHmWave                 0x1000'01b8  0x3b50  Data  Gb  Measure.o [1]
sWaveSpiOut             0x1000'a6d8  0x1224  Data  Gb  Measure.o [1]
sar_measure                0x3'2439    0x5a  Code  Lc  sysupdate.o [4]
scom_update_info           0x3'34c5    0xb6  Code  Gb  Scom.o [1]
setMipTW                   0x2'f5a9   0x194  Code  Lc  sysctrl.o [4]
set_ldo_mode               0x2'fc5d    0x92  Code  Lc  sysctrl.o [4]
spl_ra9103a_conf           0x3'8ab8    0x88  Data  Lc  sysupdate.o [4]
spl_ra9103c_conf           0x3'87c8    0xa0  Data  Lc  sysupdate.o [4]
spl_ra9103d_conf           0x3'8b40    0x88  Data  Lc  sysupdate.o [4]
spl_ra9103e_conf           0x3'8670    0xb8  Data  Lc  sysupdate.o [4]
spl_ra9103f_conf           0x3'84f0    0xc0  Data  Lc  sysupdate.o [4]
spl_ra9103g_conf           0x3'8868    0xa0  Data  Lc  sysupdate.o [4]
spl_ra9701a_conf           0x3'8bc8    0x88  Data  Lc  sysupdate.o [4]
sqrt                       0x2'f3f3          Code  Gb  sqrt.o [3]
sqrtl                      0x2'f3f3          Code  Gb  sqrt.o [3]
statusOAD                  0x3'9bbc     0x8  Data  Gb  Dl698_UserData.o [1]
strcpy                     0x3'4d0d          Code  Gb  strcpy.o [5]
sumCheck                   0x3'0b25    0x1a  Code  Lc  utils.o [4]
sysmodeWrite               0x2'fd01   0x140  Code  Lc  sysctrl.o [4]
sysmode_params_check       0x2'fe45    0xe4  Code  Lc  sysctrl.o [4]
usTimeout                  0x3'0a0d   0x114  Code  Gb  utils.o [4]
us_cycle                   0x3'99f8    0x14  Data  Lc  utils.o [4]
us_freq                    0x3'99e4    0x14  Data  Lc  utils.o [4]
vbat_reset                 0x3'0ca9    0xc8  Code  Gb  utils.o [4]


[1] = D:\IAR Projects\IotMeter_Rn8611_7306_RNW_SVN-250715\Proj\IAR_Proj_RN8611_RN7306_IOTMeter\Debug\Obj
[2] = dl6M_tln.a
[3] = m6M_tl.a
[4] = rn8xxx_v2_lib.a
[5] = rt6M_tl.a
[6] = shb_l.a

  218'212 bytes of readonly  code memory
   22'985 bytes of readonly  data memory
   68'819 bytes of readwrite data memory

Errors: none
Warnings: 2
